Archive member included to satisfy reference by file (symbol)

c:/program files (x86)/atmel/studio/7.0/toolchain/arm/arm-gnu-toolchain/bin/../lib/gcc/arm-none-eabi/5.3.1/../../../../arm-none-eabi/lib/armv6-m\libm.a(lib_a-s_floor.o)
                              userLibraries/src/note.o (floor)
c:/program files (x86)/atmel/studio/7.0/toolchain/arm/arm-gnu-toolchain/bin/../lib/gcc/arm-none-eabi/5.3.1/../../../../arm-none-eabi/lib/armv6-m\libm.a(lib_a-w_log10.o)
                              userLibraries/src/note.o (log10)
c:/program files (x86)/atmel/studio/7.0/toolchain/arm/arm-gnu-toolchain/bin/../lib/gcc/arm-none-eabi/5.3.1/../../../../arm-none-eabi/lib/armv6-m\libm.a(lib_a-w_pow.o)
                              userLibraries/src/note.o (pow)
c:/program files (x86)/atmel/studio/7.0/toolchain/arm/arm-gnu-toolchain/bin/../lib/gcc/arm-none-eabi/5.3.1/../../../../arm-none-eabi/lib/armv6-m\libm.a(lib_a-e_log10.o)
                              c:/program files (x86)/atmel/studio/7.0/toolchain/arm/arm-gnu-toolchain/bin/../lib/gcc/arm-none-eabi/5.3.1/../../../../arm-none-eabi/lib/armv6-m\libm.a(lib_a-w_log10.o) (__ieee754_log10)
c:/program files (x86)/atmel/studio/7.0/toolchain/arm/arm-gnu-toolchain/bin/../lib/gcc/arm-none-eabi/5.3.1/../../../../arm-none-eabi/lib/armv6-m\libm.a(lib_a-e_pow.o)
                              c:/program files (x86)/atmel/studio/7.0/toolchain/arm/arm-gnu-toolchain/bin/../lib/gcc/arm-none-eabi/5.3.1/../../../../arm-none-eabi/lib/armv6-m\libm.a(lib_a-w_pow.o) (__ieee754_pow)
c:/program files (x86)/atmel/studio/7.0/toolchain/arm/arm-gnu-toolchain/bin/../lib/gcc/arm-none-eabi/5.3.1/../../../../arm-none-eabi/lib/armv6-m\libm.a(lib_a-e_sqrt.o)
                              c:/program files (x86)/atmel/studio/7.0/toolchain/arm/arm-gnu-toolchain/bin/../lib/gcc/arm-none-eabi/5.3.1/../../../../arm-none-eabi/lib/armv6-m\libm.a(lib_a-e_pow.o) (__ieee754_sqrt)
c:/program files (x86)/atmel/studio/7.0/toolchain/arm/arm-gnu-toolchain/bin/../lib/gcc/arm-none-eabi/5.3.1/../../../../arm-none-eabi/lib/armv6-m\libm.a(lib_a-s_fabs.o)
                              c:/program files (x86)/atmel/studio/7.0/toolchain/arm/arm-gnu-toolchain/bin/../lib/gcc/arm-none-eabi/5.3.1/../../../../arm-none-eabi/lib/armv6-m\libm.a(lib_a-e_pow.o) (fabs)
c:/program files (x86)/atmel/studio/7.0/toolchain/arm/arm-gnu-toolchain/bin/../lib/gcc/arm-none-eabi/5.3.1/../../../../arm-none-eabi/lib/armv6-m\libm.a(lib_a-s_finite.o)
                              c:/program files (x86)/atmel/studio/7.0/toolchain/arm/arm-gnu-toolchain/bin/../lib/gcc/arm-none-eabi/5.3.1/../../../../arm-none-eabi/lib/armv6-m\libm.a(lib_a-w_pow.o) (finite)
c:/program files (x86)/atmel/studio/7.0/toolchain/arm/arm-gnu-toolchain/bin/../lib/gcc/arm-none-eabi/5.3.1/../../../../arm-none-eabi/lib/armv6-m\libm.a(lib_a-s_lib_ver.o)
                              c:/program files (x86)/atmel/studio/7.0/toolchain/arm/arm-gnu-toolchain/bin/../lib/gcc/arm-none-eabi/5.3.1/../../../../arm-none-eabi/lib/armv6-m\libm.a(lib_a-w_log10.o) (__fdlib_version)
c:/program files (x86)/atmel/studio/7.0/toolchain/arm/arm-gnu-toolchain/bin/../lib/gcc/arm-none-eabi/5.3.1/../../../../arm-none-eabi/lib/armv6-m\libm.a(lib_a-s_matherr.o)
                              c:/program files (x86)/atmel/studio/7.0/toolchain/arm/arm-gnu-toolchain/bin/../lib/gcc/arm-none-eabi/5.3.1/../../../../arm-none-eabi/lib/armv6-m\libm.a(lib_a-w_log10.o) (matherr)
c:/program files (x86)/atmel/studio/7.0/toolchain/arm/arm-gnu-toolchain/bin/../lib/gcc/arm-none-eabi/5.3.1/../../../../arm-none-eabi/lib/armv6-m\libm.a(lib_a-s_nan.o)
                              c:/program files (x86)/atmel/studio/7.0/toolchain/arm/arm-gnu-toolchain/bin/../lib/gcc/arm-none-eabi/5.3.1/../../../../arm-none-eabi/lib/armv6-m\libm.a(lib_a-w_log10.o) (nan)
c:/program files (x86)/atmel/studio/7.0/toolchain/arm/arm-gnu-toolchain/bin/../lib/gcc/arm-none-eabi/5.3.1/../../../../arm-none-eabi/lib/armv6-m\libm.a(lib_a-s_rint.o)
                              c:/program files (x86)/atmel/studio/7.0/toolchain/arm/arm-gnu-toolchain/bin/../lib/gcc/arm-none-eabi/5.3.1/../../../../arm-none-eabi/lib/armv6-m\libm.a(lib_a-w_pow.o) (rint)
c:/program files (x86)/atmel/studio/7.0/toolchain/arm/arm-gnu-toolchain/bin/../lib/gcc/arm-none-eabi/5.3.1/../../../../arm-none-eabi/lib/armv6-m\libm.a(lib_a-s_scalbn.o)
                              c:/program files (x86)/atmel/studio/7.0/toolchain/arm/arm-gnu-toolchain/bin/../lib/gcc/arm-none-eabi/5.3.1/../../../../arm-none-eabi/lib/armv6-m\libm.a(lib_a-e_pow.o) (scalbn)
c:/program files (x86)/atmel/studio/7.0/toolchain/arm/arm-gnu-toolchain/bin/../lib/gcc/arm-none-eabi/5.3.1/../../../../arm-none-eabi/lib/armv6-m\libm.a(lib_a-e_log.o)
                              c:/program files (x86)/atmel/studio/7.0/toolchain/arm/arm-gnu-toolchain/bin/../lib/gcc/arm-none-eabi/5.3.1/../../../../arm-none-eabi/lib/armv6-m\libm.a(lib_a-e_log10.o) (__ieee754_log)
[...]
Memory Configuration

Name             Origin             Length             Attributes
rom              0x00000000         0x00040000         xr
ram              0x20000000         0x00008000         xrw
*default*        0x00000000         0xffffffff

Linker script and memory map

LOAD c:/program files (x86)/atmel/studio/7.0/toolchain/arm/arm-gnu-toolchain/bin/../lib/gcc/arm-none-eabi/5.3.1/armv6-m/crti.o
LOAD c:/program files (x86)/atmel/studio/7.0/toolchain/arm/arm-gnu-toolchain/bin/../lib/gcc/arm-none-eabi/5.3.1/armv6-m/crtbegin.o
LOAD c:/program files (x86)/atmel/studio/7.0/toolchain/arm/arm-gnu-toolchain/bin/../lib/gcc/arm-none-eabi/5.3.1/../../../../arm-none-eabi/lib/armv6-m/crt0.o
LOAD cmsis/src/startup_samd21.o
LOAD cmsis/src/syscalls.o
LOAD cmsis/src/system_samd21_48MHz.o
LOAD iutNantes/src/adc.o
LOAD iutNantes/src/dac.o
LOAD iutNantes/src/eic.o
LOAD iutNantes/src/oled.o
LOAD iutNantes/src/pinAccess.o
LOAD iutNantes/src/pinMux.o
LOAD iutNantes/src/redirectPrintf.o
LOAD iutNantes/src/serial.o
LOAD iutNantes/src/timer.o
LOAD TP-info2.o
LOAD userLibraries/src/display.o
LOAD userLibraries/src/fft.o
LOAD userLibraries/src/freq.o
LOAD userLibraries/src/note.o
LOAD userLibraries/src/user_init.o
START GROUP
LOAD c:/program files (x86)/atmel/studio/7.0/toolchain/arm/arm-gnu-toolchain/bin/../lib/gcc/arm-none-eabi/5.3.1/../../../../arm-none-eabi/lib/armv6-m\libm.a
END GROUP
START GROUP
LOAD c:/program files (x86)/atmel/studio/7.0/toolchain/arm/arm-gnu-toolchain/bin/../lib/gcc/arm-none-eabi/5.3.1/armv6-m\libgcc.a
LOAD c:/program files (x86)/atmel/studio/7.0/toolchain/arm/arm-gnu-toolchain/bin/../lib/gcc/arm-none-eabi/5.3.1/../../../../arm-none-eabi/lib/armv6-m\libc.a
END GROUP
START GROUP
LOAD c:/program files (x86)/atmel/studio/7.0/toolchain/arm/arm-gnu-toolchain/bin/../lib/gcc/arm-none-eabi/5.3.1/armv6-m\libgcc.a
LOAD c:/program files (x86)/atmel/studio/7.0/toolchain/arm/arm-gnu-toolchain/bin/../lib/gcc/arm-none-eabi/5.3.1/../../../../arm-none-eabi/lib/armv6-m\libc.a
LOAD c:/program files (x86)/atmel/studio/7.0/toolchain/arm/arm-gnu-toolchain/bin/../lib/gcc/arm-none-eabi/5.3.1/../../../../arm-none-eabi/lib/armv6-m\libnosys.a
END GROUP
LOAD c:/program files (x86)/atmel/studio/7.0/toolchain/arm/arm-gnu-toolchain/bin/../lib/gcc/arm-none-eabi/5.3.1/armv6-m/crtend.o
LOAD c:/program files (x86)/atmel/studio/7.0/toolchain/arm/arm-gnu-toolchain/bin/../lib/gcc/arm-none-eabi/5.3.1/armv6-m/crtn.o
                0x00002000                STACK_SIZE = DEFINED (STACK_SIZE)?STACK_SIZE:DEFINED (__stack_size__)?__stack_size__:0x2000

.text           0x00000000     0xc138
                0x00000000                . = ALIGN (0x4)
                0x00000000                _sfixed = .
 *(.vectors .vectors.*)
 .vectors       0x00000000       0xb4 cmsis/src/startup_samd21.o
                0x00000000                exception_table
 *(.text .text.* .gnu.linkonce.t.*)
 .text          0x000000b4       0x60 c:/program files (x86)/atmel/studio/7.0/toolchain/arm/arm-gnu-toolchain/bin/../lib/gcc/arm-none-eabi/5.3.1/armv6-m/crtbegin.o
 .text.Reset_Handler
                0x00000114       0x84 cmsis/src/startup_samd21.o
                0x00000114                Reset_Handler
 .text.Dummy_Handler
                0x00000198        0x8 cmsis/src/startup_samd21.o
                0x00000198                DMAC_Handler
                0x00000198                HardFault_Handler
                0x00000198                AC_Handler
                0x00000198                SysTick_Handler
                0x00000198                PendSV_Handler
                0x00000198                NMI_Handler
                0x00000198                TC7_Handler
                0x00000198                SERCOM1_Handler
                0x00000198                ADC_Handler
                0x00000198                TCC1_Handler
                0x00000198                SERCOM2_Handler
                0x00000198                TCC0_Handler
                0x00000198                RTC_Handler
                0x00000198                TC6_Handler
                0x00000198                WDT_Handler
                0x00000198                TC4_Handler
                0x00000198                USB_Handler
                0x00000198                TC3_Handler
                0x00000198                Dummy_Handler
                0x00000198                PM_Handler
                0x00000198                SERCOM5_Handler
                0x00000198                SVC_Handler
                0x00000198                TCC2_Handler
                0x00000198                EVSYS_Handler
                0x00000198                SERCOM3_Handler
                0x00000198                SERCOM4_Handler
                0x00000198                I2S_Handler
                0x00000198                NVMCTRL_Handler
                0x00000198                SERCOM0_Handler
                0x00000198                DAC_Handler
                0x00000198                PTC_Handler
                0x00000198                TC5_Handler
                0x00000198                SYSCTRL_Handler
 .text._sbrk    0x000001a0       0x3c cmsis/src/syscalls.o
                0x000001a0                _sbrk
 .text._close   0x000001dc       0x14 cmsis/src/syscalls.o
                0x000001dc                _close
 .text._fstat   0x000001f0       0x1c cmsis/src/syscalls.o
                0x000001f0                _fstat
 .text._isatty  0x0000020c       0x14 cmsis/src/syscalls.o
                0x0000020c                _isatty
 .text._lseek   0x00000220       0x18 cmsis/src/syscalls.o
                0x00000220                _lseek
 .text.SystemInit
                0x00000238      0x1e0 cmsis/src/system_samd21_48MHz.o
                0x00000238                SystemInit
 .text.ADCInit  0x00000418       0x9c iutNantes/src/adc.o
                0x00000418                ADCInit
 .text.EICConfig
                0x000004b4       0xd0 iutNantes/src/eic.o
                0x000004b4                EICConfig
 .text.EICInitClock
                0x00000584       0x3c iutNantes/src/eic.o
                0x00000584                EICInitClock
 .text.ssd1306_set_page_address
                0x000005c0       0x38 iutNantes/src/oled.o
 .text.ssd1306_set_column_address
                0x000005f8       0x48 iutNantes/src/oled.o
 .text.ssd1306_set_display_start_line_address
                0x00000640       0x34 iutNantes/src/oled.o
 .text.ssd1306_display_on
                0x00000674       0x14 iutNantes/src/oled.o
 .text.ssd1306_set_contrast
                0x00000688       0x2c iutNantes/src/oled.o
 .text.ssd1306_display_invert_disable
                0x000006b4       0x14 iutNantes/src/oled.o
 .text.OLEDInit
                0x000006c8       0x70 iutNantes/src/oled.o
                0x000006c8                OLEDInit
 .text.OLEDSetLine
                0x00000738       0x30 iutNantes/src/oled.o
                0x00000738                OLEDSetLine
 .text.OLEDPrintChar
                0x00000768       0xa0 iutNantes/src/oled.o
                0x00000768                OLEDPrintChar
 .text.OLEDClear
                0x00000808       0x5c iutNantes/src/oled.o
                0x00000808                OLEDClear
 .text.OLEDClearLine
                0x00000864       0x50 iutNantes/src/oled.o
                0x00000864                OLEDClearLine
 .text.oledWait10us
                0x000008b4       0x28 iutNantes/src/oled.o
                0x000008b4                oledWait10us
 .text.ssd1306_hard_reset
                0x000008dc       0x3c iutNantes/src/oled.o
                0x000008dc                ssd1306_hard_reset
 .text.OLEDSpiInit
                0x00000918       0x9c iutNantes/src/oled.o
                0x00000918                OLEDSpiInit
 .text.ssd1306_write_first_command
                0x000009b4       0x30 iutNantes/src/oled.o
                0x000009b4                ssd1306_write_first_command
 .text.ssd1306_write_command
                0x000009e4       0x40 iutNantes/src/oled.o
                0x000009e4                ssd1306_write_command
 .text.ssd1306_write_data
                0x00000a24       0x40 iutNantes/src/oled.o
                0x00000a24                ssd1306_write_data
 .text.ssd1306_init
                0x00000a64       0xb8 iutNantes/src/oled.o
                0x00000a64                ssd1306_init
 .text.gfx_mono_set_framebuffer
                0x00000b1c       0x1c iutNantes/src/oled.o
                0x00000b1c                gfx_mono_set_framebuffer
 .text.gfx_mono_framebuffer_put_page
                0x00000b38       0x68 iutNantes/src/oled.o
                0x00000b38                gfx_mono_framebuffer_put_page
 .text.gfx_mono_framebuffer_put_byte
                0x00000ba0       0x44 iutNantes/src/oled.o
                0x00000ba0                gfx_mono_framebuffer_put_byte
 .text.gfx_mono_framebuffer_get_byte
                0x00000be4       0x34 iutNantes/src/oled.o
                0x00000be4                gfx_mono_framebuffer_get_byte
 .text.gfx_mono_generic_draw_horizontal_line
                0x00000c18      0x1cc iutNantes/src/oled.o
                0x00000c18                gfx_mono_generic_draw_horizontal_line
 .text.gfx_mono_generic_draw_filled_rect
                0x00000de4       0x6c iutNantes/src/oled.o
                0x00000de4                gfx_mono_generic_draw_filled_rect
 .text.gfx_mono_generic_put_bitmap
                0x00000e50      0x148 iutNantes/src/oled.o
                0x00000e50                gfx_mono_generic_put_bitmap
 .text.gfx_mono_draw_char_progmem
                0x00000f98      0x178 iutNantes/src/oled.o
 .text.gfx_mono_draw_char
                0x00001110       0x68 iutNantes/src/oled.o
                0x00001110                gfx_mono_draw_char
 .text.gfx_mono_draw_string
                0x00001178       0xb4 iutNantes/src/oled.o
                0x00001178                gfx_mono_draw_string
 .text.gfx_mono_ssd1306_init
                0x0000122c       0x7c iutNantes/src/oled.o
                0x0000122c                gfx_mono_ssd1306_init
 .text.gfx_mono_ssd1306_draw_pixel
                0x000012a8       0xf4 iutNantes/src/oled.o
                0x000012a8                gfx_mono_ssd1306_draw_pixel
 .text.gfx_mono_ssd1306_put_page
                0x0000139c       0x80 iutNantes/src/oled.o
                0x0000139c                gfx_mono_ssd1306_put_page
 .text.gfx_mono_ssd1306_put_byte
                0x0000141c       0x98 iutNantes/src/oled.o
                0x0000141c                gfx_mono_ssd1306_put_byte
 .text.gfx_mono_ssd1306_get_byte
                0x000014b4       0x30 iutNantes/src/oled.o
                0x000014b4                gfx_mono_ssd1306_get_byte
 .text.pinMode  0x000014e4      0x1a0 iutNantes/src/pinAccess.o
                0x000014e4                pinMode
 .text.digitalWrite
                0x00001684       0x70 iutNantes/src/pinAccess.o
                0x00001684                digitalWrite
 .text.pinMux   0x000016f4       0xfc iutNantes/src/pinMux.o
                0x000016f4                pinMux
 .text.redirectPrintf
                0x000017f0       0x24 iutNantes/src/redirectPrintf.o
                0x000017f0                redirectPrintf
 .text._write   0x00001814       0x88 iutNantes/src/redirectPrintf.o
                0x00001814                _write
 .text.SERIALPutchar
                0x0000189c       0x58 iutNantes/src/serial.o
                0x0000189c                SERIALPutchar
 .text.TCinitClock
                0x000018f4       0x6c iutNantes/src/timer.o
                0x000018f4                TCinitClock
 .text.main     0x00001960       0xb8 TP-info2.o
                0x00001960                main
 .text.displayTitle
                0x00001a18       0x2c userLibraries/src/display.o
                0x00001a18                displayTitle
 .text.noteToString
                0x00001a44      0x150 userLibraries/src/display.o
                0x00001a44                noteToString
 .text.displayNote
                0x00001b94      0x108 userLibraries/src/display.o
                0x00001b94                displayNote
 .text.displayFrequence
                0x00001c9c       0x48 userLibraries/src/display.o
                0x00001c9c                displayFrequence
 .text.displayDegre
                0x00001ce4       0x40 userLibraries/src/display.o
                0x00001ce4                displayDegre
 .text.diplayLedIndicator
                0x00001d24       0x8c userLibraries/src/display.o
                0x00001d24                diplayLedIndicator
 .text.NVIC_EnableIRQ
                0x00001db0       0x2c userLibraries/src/freq.o
 .text.NVIC_DisableIRQ
                0x00001ddc       0x30 userLibraries/src/freq.o
 .text.initFreq
                0x00001e0c       0x84 userLibraries/src/freq.o
                0x00001e0c                initFreq
 .text.EIC_Handler
                0x00001e90       0xe0 userLibraries/src/freq.o
                0x00001e90                EIC_Handler
 .text.arrondi  0x00001f70       0x3c userLibraries/src/note.o
                0x00001f70                arrondi
 .text.noteSolver
                0x00001fac      0x134 userLibraries/src/note.o
                0x00001fac                noteSolver
 .text.degreSolver
                0x000020e0      0x168 userLibraries/src/note.o
                0x000020e0                degreSolver
 .text.getFreqNote
                0x00002248      0x3a8 userLibraries/src/note.o
                0x00002248                getFreqNote
 .text.accorder
                0x000025f0       0xbc userLibraries/src/note.o
                0x000025f0                accorder
 .text.setup    0x000026ac       0x58 userLibraries/src/user_init.o
                0x000026ac                setup
 .text.floor    0x00002704      0x130 c:/program files (x86)/atmel/studio/7.0/toolchain/arm/arm-gnu-toolchain/bin/../lib/gcc/arm-none-eabi/5.3.1/../../../../arm-none-eabi/lib/armv6-m\libm.a(lib_a-s_floor.o)
                0x00002704                floor
 .text.log10    0x00002834      0x118 c:/program files (x86)/atmel/studio/7.0/toolchain/arm/arm-gnu-toolchain/bin/../lib/gcc/arm-none-eabi/5.3.1/../../../../arm-none-eabi/lib/armv6-m\libm.a(lib_a-w_log10.o)
                0x00002834                log10
 .text.pow      0x0000294c      0x378 c:/program files (x86)/atmel/studio/7.0/toolchain/arm/arm-gnu-toolchain/bin/../lib/gcc/arm-none-eabi/5.3.1/../../../../arm-none-eabi/lib/armv6-m\libm.a(lib_a-w_pow.o)
                0x0000294c                pow
 .text.__ieee754_log10
                0x00002cc4      0x128 c:/program files (x86)/atmel/studio/7.0/toolchain/arm/arm-gnu-toolchain/bin/../lib/gcc/arm-none-eabi/5.3.1/../../../../arm-none-eabi/lib/armv6-m\libm.a(lib_a-e_log10.o)
                0x00002cc4                __ieee754_log10
 .text.__ieee754_pow
                0x00002dec      0xa6c c:/program files (x86)/atmel/studio/7.0/toolchain/arm/arm-gnu-toolchain/bin/../lib/gcc/arm-none-eabi/5.3.1/../../../../arm-none-eabi/lib/armv6-m\libm.a(lib_a-e_pow.o)
                0x00002dec                __ieee754_pow
 .text.__ieee754_sqrt
                0x00003858      0x1ec c:/program files (x86)/atmel/studio/7.0/toolchain/arm/arm-gnu-toolchain/bin/../lib/gcc/arm-none-eabi/5.3.1/../../../../arm-none-eabi/lib/armv6-m\libm.a(lib_a-e_sqrt.o)
                0x00003858                __ieee754_sqrt
 .text.fabs     0x00003a44        0x8 c:/program files (x86)/atmel/studio/7.0/toolchain/arm/arm-gnu-toolchain/bin/../lib/gcc/arm-none-eabi/5.3.1/../../../../arm-none-eabi/lib/armv6-m\libm.a(lib_a-s_fabs.o)
                0x00003a44                fabs
 .text.finite   0x00003a4c       0x14 c:/program files (x86)/atmel/studio/7.0/toolchain/arm/arm-gnu-toolchain/bin/../lib/gcc/arm-none-eabi/5.3.1/../../../../arm-none-eabi/lib/armv6-m\libm.a(lib_a-s_finite.o)
                0x00003a4c                finite
 .text.matherr  0x00003a60        0x4 c:/program files (x86)/atmel/studio/7.0/toolchain/arm/arm-gnu-toolchain/bin/../lib/gcc/arm-none-eabi/5.3.1/../../../../arm-none-eabi/lib/armv6-m\libm.a(lib_a-s_matherr.o)
                0x00003a60                matherr
 .text.nan      0x00003a64        0xc c:/program files (x86)/atmel/studio/7.0/toolchain/arm/arm-gnu-toolchain/bin/../lib/gcc/arm-none-eabi/5.3.1/../../../../arm-none-eabi/lib/armv6-m\libm.a(lib_a-s_nan.o)
                0x00003a64                nan
 .text.rint     0x00003a70      0x144 c:/program files (x86)/atmel/studio/7.0/toolchain/arm/arm-gnu-toolchain/bin/../lib/gcc/arm-none-eabi/5.3.1/../../../../arm-none-eabi/lib/armv6-m\libm.a(lib_a-s_rint.o)
                0x00003a70                rint
 .text.scalbn   0x00003bb4       0xd0 c:/program files (x86)/atmel/studio/7.0/toolchain/arm/arm-gnu-toolchain/bin/../lib/gcc/arm-none-eabi/5.3.1/../../../../arm-none-eabi/lib/armv6-m\libm.a(lib_a-s_scalbn.o)
                0x00003bb4                scalbn
 .text.__ieee754_log
                0x00003c84      0x404 c:/program files (x86)/atmel/studio/7.0/toolchain/arm/arm-gnu-toolchain/bin/../lib/gcc/arm-none-eabi/5.3.1/../../../../arm-none-eabi/lib/armv6-m\libm.a(lib_a-e_log.o)
                0x00003c84                __ieee754_log
 .text.copysign
                0x00004088       0x10 c:/program files (x86)/atmel/studio/7.0/toolchain/arm/arm-gnu-toolchain/bin/../lib/gcc/arm-none-eabi/5.3.1/../../../../arm-none-eabi/lib/armv6-m\libm.a(lib_a-s_copysign.o)
                0x00004088                copysign
 .text          0x00004098      0x114 c:/program files (x86)/atmel/studio/7.0/toolchain/arm/arm-gnu-toolchain/bin/../lib/gcc/arm-none-eabi/5.3.1/armv6-m\libgcc.a(_udivsi3.o)
                0x00004098                __aeabi_uidiv
                0x00004098                __udivsi3
                0x000041a4                __aeabi_uidivmod
 .text          0x000041ac      0x1d4 c:/program files (x86)/atmel/studio/7.0/toolchain/arm/arm-gnu-toolchain/bin/../lib/gcc/arm-none-eabi/5.3.1/armv6-m\libgcc.a(_divsi3.o)
                0x000041ac                __divsi3
                0x000041ac                __aeabi_idiv
                0x00004378                __aeabi_idivmod
 .text          0x00004380        0x4 c:/program files (x86)/atmel/studio/7.0/toolchain/arm/arm-gnu-toolchain/bin/../lib/gcc/arm-none-eabi/5.3.1/armv6-m\libgcc.a(_dvmd_tls.o)
                0x00004380                __aeabi_idiv0
                0x00004380                __aeabi_ldiv0
 .text          0x00004384       0x7c c:/program files (x86)/atmel/studio/7.0/toolchain/arm/arm-gnu-toolchain/bin/../lib/gcc/arm-none-eabi/5.3.1/armv6-m\libgcc.a(_arm_cmpdf2.o)
                0x00004384                __aeabi_cdrcmple
                0x00004394                __aeabi_cdcmple
                0x00004394                __aeabi_cdcmpeq
                0x000043a4                __aeabi_dcmpeq
                0x000043b0                __aeabi_dcmplt
                0x000043c4                __aeabi_dcmple
                0x000043d8                __aeabi_dcmpgt
                0x000043ec                __aeabi_dcmpge
 .text          0x00004400       0x74 c:/program files (x86)/atmel/studio/7.0/toolchain/arm/arm-gnu-toolchain/bin/../lib/gcc/arm-none-eabi/5.3.1/armv6-m\libgcc.a(_arm_cmpsf2.o)
                0x00004400                __aeabi_cfrcmple
                0x00004408                __aeabi_cfcmpeq
                0x00004408                __aeabi_cfcmple
                0x00004418                __aeabi_fcmpeq
                0x00004424                __aeabi_fcmplt
                0x00004438                __aeabi_fcmple
                0x0000444c                __aeabi_fcmpgt
                0x00004460                __aeabi_fcmpge
 .text          0x00004474       0x3c c:/program files (x86)/atmel/studio/7.0/toolchain/arm/arm-gnu-toolchain/bin/../lib/gcc/arm-none-eabi/5.3.1/armv6-m\libgcc.a(_fixunsdfsi.o)
                0x00004474                __aeabi_d2uiz
                0x00004474                __fixunsdfsi
 .text          0x000044b0      0x2ec c:/program files (x86)/atmel/studio/7.0/toolchain/arm/arm-gnu-toolchain/bin/../lib/gcc/arm-none-eabi/5.3.1/armv6-m\libgcc.a(addsf3.o)
                0x000044b0                __aeabi_fadd
 .text          0x0000479c       0x50 c:/program files (x86)/atmel/studio/7.0/toolchain/arm/arm-gnu-toolchain/bin/../lib/gcc/arm-none-eabi/5.3.1/armv6-m\libgcc.a(eqsf2.o)
                0x0000479c                __eqsf2
                0x0000479c                __nesf2
 .text          0x000047ec       0x88 c:/program files (x86)/atmel/studio/7.0/toolchain/arm/arm-gnu-toolchain/bin/../lib/gcc/arm-none-eabi/5.3.1/armv6-m\libgcc.a(gesf2.o)
                0x000047ec                __gesf2
                0x000047ec                __gtsf2
 .text          0x00004874       0x88 c:/program files (x86)/atmel/studio/7.0/toolchain/arm/arm-gnu-toolchain/bin/../lib/gcc/arm-none-eabi/5.3.1/armv6-m\libgcc.a(lesf2.o)
                0x00004874                __ltsf2
                0x00004874                __lesf2
 .text          0x000048fc      0x30c c:/program files (x86)/atmel/studio/7.0/toolchain/arm/arm-gnu-toolchain/bin/../lib/gcc/arm-none-eabi/5.3.1/armv6-m\libgcc.a(subsf3.o)
                0x000048fc                __aeabi_fsub
 .text          0x00004c08      0x658 c:/program files (x86)/atmel/studio/7.0/toolchain/arm/arm-gnu-toolchain/bin/../lib/gcc/arm-none-eabi/5.3.1/armv6-m\libgcc.a(adddf3.o)
                0x00004c08                __aeabi_dadd
 .text          0x00005260      0x62c c:/program files (x86)/atmel/studio/7.0/toolchain/arm/arm-gnu-toolchain/bin/../lib/gcc/arm-none-eabi/5.3.1/armv6-m\libgcc.a(divdf3.o)
                0x00005260                __aeabi_ddiv
 .text          0x0000588c       0x80 c:/program files (x86)/atmel/studio/7.0/toolchain/arm/arm-gnu-toolchain/bin/../lib/gcc/arm-none-eabi/5.3.1/armv6-m\libgcc.a(eqdf2.o)
                0x0000588c                __nedf2
                0x0000588c                __eqdf2
 .text          0x0000590c       0xc8 c:/program files (x86)/atmel/studio/7.0/toolchain/arm/arm-gnu-toolchain/bin/../lib/gcc/arm-none-eabi/5.3.1/armv6-m\libgcc.a(gedf2.o)
                0x0000590c                __gedf2
                0x0000590c                __gtdf2
 .text          0x000059d4       0xd4 c:/program files (x86)/atmel/studio/7.0/toolchain/arm/arm-gnu-toolchain/bin/../lib/gcc/arm-none-eabi/5.3.1/armv6-m\libgcc.a(ledf2.o)
                0x000059d4                __ledf2
                0x000059d4                __ltdf2
 .text          0x00005aa8      0x4f4 c:/program files (x86)/atmel/studio/7.0/toolchain/arm/arm-gnu-toolchain/bin/../lib/gcc/arm-none-eabi/5.3.1/armv6-m\libgcc.a(muldf3.o)
                0x00005aa8                __aeabi_dmul
 .text          0x00005f9c      0x6a8 c:/program files (x86)/atmel/studio/7.0/toolchain/arm/arm-gnu-toolchain/bin/../lib/gcc/arm-none-eabi/5.3.1/armv6-m\libgcc.a(subdf3.o)
                0x00005f9c                __aeabi_dsub
 .text          0x00006644       0x40 c:/program files (x86)/atmel/studio/7.0/toolchain/arm/arm-gnu-toolchain/bin/../lib/gcc/arm-none-eabi/5.3.1/armv6-m\libgcc.a(unorddf2.o)
                0x00006644                __aeabi_dcmpun
 .text          0x00006684       0x6c c:/program files (x86)/atmel/studio/7.0/toolchain/arm/arm-gnu-toolchain/bin/../lib/gcc/arm-none-eabi/5.3.1/armv6-m\libgcc.a(fixdfsi.o)
                0x00006684                __aeabi_d2iz
 .text          0x000066f0       0x84 c:/program files (x86)/atmel/studio/7.0/toolchain/arm/arm-gnu-toolchain/bin/../lib/gcc/arm-none-eabi/5.3.1/armv6-m\libgcc.a(floatsidf.o)
                0x000066f0                __aeabi_i2d
 .text          0x00006774       0xa8 c:/program files (x86)/atmel/studio/7.0/toolchain/arm/arm-gnu-toolchain/bin/../lib/gcc/arm-none-eabi/5.3.1/armv6-m\libgcc.a(extendsfdf2.o)
                0x00006774                __aeabi_f2d
 .text          0x0000681c      0x118 c:/program files (x86)/atmel/studio/7.0/toolchain/arm/arm-gnu-toolchain/bin/../lib/gcc/arm-none-eabi/5.3.1/armv6-m\libgcc.a(truncdfsf2.o)
                0x0000681c                __aeabi_d2f
 .text          0x00006934       0x3c c:/program files (x86)/atmel/studio/7.0/toolchain/arm/arm-gnu-toolchain/bin/../lib/gcc/arm-none-eabi/5.3.1/armv6-m\libgcc.a(_clzsi2.o)
                0x00006934                __clzsi2
 .text.__errno  0x00006970        0xc c:/program files (x86)/atmel/studio/7.0/toolchain/arm/arm-gnu-toolchain/bin/../lib/gcc/arm-none-eabi/5.3.1/../../../../arm-none-eabi/lib/armv6-m\libc.a(lib_a-errno.o)
                0x00006970                __errno
 .text.__libc_init_array
                0x0000697c       0x48 c:/program files (x86)/atmel/studio/7.0/toolchain/arm/arm-gnu-toolchain/bin/../lib/gcc/arm-none-eabi/5.3.1/../../../../arm-none-eabi/lib/armv6-m\libc.a(lib_a-init.o)
                0x0000697c                __libc_init_array
 .text.memcpy   0x000069c4       0x7c c:/program files (x86)/atmel/studio/7.0/toolchain/arm/arm-gnu-toolchain/bin/../lib/gcc/arm-none-eabi/5.3.1/../../../../arm-none-eabi/lib/armv6-m\libc.a(lib_a-memcpy-stub.o)
                0x000069c4                memcpy
 .text.memset   0x00006a40       0x8c c:/program files (x86)/atmel/studio/7.0/toolchain/arm/arm-gnu-toolchain/bin/../lib/gcc/arm-none-eabi/5.3.1/../../../../arm-none-eabi/lib/armv6-m\libc.a(lib_a-memset.o)
                0x00006a40                memset
 .text.printf   0x00006acc       0x24 c:/program files (x86)/atmel/studio/7.0/toolchain/arm/arm-gnu-toolchain/bin/../lib/gcc/arm-none-eabi/5.3.1/../../../../arm-none-eabi/lib/armv6-m\libc.a(lib_a-printf.o)
                0x00006acc                printf
 .text._puts_r  0x00006af0       0x70 c:/program files (x86)/atmel/studio/7.0/toolchain/arm/arm-gnu-toolchain/bin/../lib/gcc/arm-none-eabi/5.3.1/../../../../arm-none-eabi/lib/armv6-m\libc.a(lib_a-puts.o)
                0x00006af0                _puts_r
 .text.puts     0x00006b60       0x14 c:/program files (x86)/atmel/studio/7.0/toolchain/arm/arm-gnu-toolchain/bin/../lib/gcc/arm-none-eabi/5.3.1/../../../../arm-none-eabi/lib/armv6-m\libc.a(lib_a-puts.o)
                0x00006b60                puts
 .text.strlen   0x00006b74       0x68 c:/program files (x86)/atmel/studio/7.0/toolchain/arm/arm-gnu-toolchain/bin/../lib/gcc/arm-none-eabi/5.3.1/../../../../arm-none-eabi/lib/armv6-m\libc.a(lib_a-strlen-stub.o)
                0x00006b74                strlen
 .text._vfprintf_r
                0x00006bdc     0x1828 c:/program files (x86)/atmel/studio/7.0/toolchain/arm/arm-gnu-toolchain/bin/../lib/gcc/arm-none-eabi/5.3.1/../../../../arm-none-eabi/lib/armv6-m\libc.a(lib_a-vfprintf.o)
                0x00006bdc                _vfprintf_r
 .text.__sbprintf
                0x00008404       0x74 c:/program files (x86)/atmel/studio/7.0/toolchain/arm/arm-gnu-toolchain/bin/../lib/gcc/arm-none-eabi/5.3.1/../../../../arm-none-eabi/lib/armv6-m\libc.a(lib_a-vfprintf.o)
 .text.__swsetup_r
                0x00008478       0xd4 c:/program files (x86)/atmel/studio/7.0/toolchain/arm/arm-gnu-toolchain/bin/../lib/gcc/arm-none-eabi/5.3.1/../../../../arm-none-eabi/lib/armv6-m\libc.a(lib_a-wsetup.o)
                0x00008478                __swsetup_r
 .text.startup.register_fini
                0x0000854c       0x18 c:/program files (x86)/atmel/studio/7.0/toolchain/arm/arm-gnu-toolchain/bin/../lib/gcc/arm-none-eabi/5.3.1/../../../../arm-none-eabi/lib/armv6-m\libc.a(lib_a-__call_atexit.o)
 .text.atexit   0x00008564       0x10 c:/program files (x86)/atmel/studio/7.0/toolchain/arm/arm-gnu-toolchain/bin/../lib/gcc/arm-none-eabi/5.3.1/../../../../arm-none-eabi/lib/armv6-m\libc.a(lib_a-atexit.o)
                0x00008564                atexit
 .text.quorem   0x00008574      0x150 c:/program files (x86)/atmel/studio/7.0/toolchain/arm/arm-gnu-toolchain/bin/../lib/gcc/arm-none-eabi/5.3.1/../../../../arm-none-eabi/lib/armv6-m\libc.a(lib_a-dtoa.o)
 .text._dtoa_r  0x000086c4      0xf54 c:/program files (x86)/atmel/studio/7.0/toolchain/arm/arm-gnu-toolchain/bin/../lib/gcc/arm-none-eabi/5.3.1/../../../../arm-none-eabi/lib/armv6-m\libc.a(lib_a-dtoa.o)
                0x000086c4                _dtoa_r
 .text.__sflush_r
                0x00009618      0x150 c:/program files (x86)/atmel/studio/7.0/toolchain/arm/arm-gnu-toolchain/bin/../lib/gcc/arm-none-eabi/5.3.1/../../../../arm-none-eabi/lib/armv6-m\libc.a(lib_a-fflush.o)
                0x00009618                __sflush_r
 .text._fflush_r
                0x00009768       0x2c c:/program files (x86)/atmel/studio/7.0/toolchain/arm/arm-gnu-toolchain/bin/../lib/gcc/arm-none-eabi/5.3.1/../../../../arm-none-eabi/lib/armv6-m\libc.a(lib_a-fflush.o)
                0x00009768                _fflush_r
 .text._cleanup_r
                0x00009794       0x10 c:/program files (x86)/atmel/studio/7.0/toolchain/arm/arm-gnu-toolchain/bin/../lib/gcc/arm-none-eabi/5.3.1/../../../../arm-none-eabi/lib/armv6-m\libc.a(lib_a-findfp.o)
                0x00009794                _cleanup_r
 .text.__sinit.part.1
                0x000097a4       0xf0 c:/program files (x86)/atmel/studio/7.0/toolchain/arm/arm-gnu-toolchain/bin/../lib/gcc/arm-none-eabi/5.3.1/../../../../arm-none-eabi/lib/armv6-m\libc.a(lib_a-findfp.o)
 .text.__sinit  0x00009894       0x10 c:/program files (x86)/atmel/studio/7.0/toolchain/arm/arm-gnu-toolchain/bin/../lib/gcc/arm-none-eabi/5.3.1/../../../../arm-none-eabi/lib/armv6-m\libc.a(lib_a-findfp.o)
                0x00009894                __sinit
 .text.__sfp_lock_acquire
                0x000098a4        0x4 c:/program files (x86)/atmel/studio/7.0/toolchain/arm/arm-gnu-toolchain/bin/../lib/gcc/arm-none-eabi/5.3.1/../../../../arm-none-eabi/lib/armv6-m\libc.a(lib_a-findfp.o)
                0x000098a4                __sfp_lock_acquire
 .text.__sfp_lock_release
                0x000098a8        0x4 c:/program files (x86)/atmel/studio/7.0/toolchain/arm/arm-gnu-toolchain/bin/../lib/gcc/arm-none-eabi/5.3.1/../../../../arm-none-eabi/lib/armv6-m\libc.a(lib_a-findfp.o)
                0x000098a8                __sfp_lock_release
 .text.__libc_fini_array
                0x000098ac       0x34 c:/program files (x86)/atmel/studio/7.0/toolchain/arm/arm-gnu-toolchain/bin/../lib/gcc/arm-none-eabi/5.3.1/../../../../arm-none-eabi/lib/armv6-m\libc.a(lib_a-fini.o)
                0x000098ac                __libc_fini_array
 .text._malloc_trim_r
                0x000098e0       0xa0 c:/program files (x86)/atmel/studio/7.0/toolchain/arm/arm-gnu-toolchain/bin/../lib/gcc/arm-none-eabi/5.3.1/../../../../arm-none-eabi/lib/armv6-m\libc.a(lib_a-freer.o)
                0x000098e0                _malloc_trim_r
 .text._free_r  0x00009980      0x1c4 c:/program files (x86)/atmel/studio/7.0/toolchain/arm/arm-gnu-toolchain/bin/../lib/gcc/arm-none-eabi/5.3.1/../../../../arm-none-eabi/lib/armv6-m\libc.a(lib_a-freer.o)
                0x00009980                _free_r
 .text.__sfvwrite_r
                0x00009b44      0x31c c:/program files (x86)/atmel/studio/7.0/toolchain/arm/arm-gnu-toolchain/bin/../lib/gcc/arm-none-eabi/5.3.1/../../../../arm-none-eabi/lib/armv6-m\libc.a(lib_a-fvwrite.o)
                0x00009b44                __sfvwrite_r
 .text._fwalk_reent
                0x00009e60       0x4c c:/program files (x86)/atmel/studio/7.0/toolchain/arm/arm-gnu-toolchain/bin/../lib/gcc/arm-none-eabi/5.3.1/../../../../arm-none-eabi/lib/armv6-m\libc.a(lib_a-fwalk.o)
                0x00009e60                _fwalk_reent
 .text.__locale_charset
                0x00009eac        0x8 c:/program files (x86)/atmel/studio/7.0/toolchain/arm/arm-gnu-toolchain/bin/../lib/gcc/arm-none-eabi/5.3.1/../../../../arm-none-eabi/lib/armv6-m\libc.a(lib_a-locale.o)
                0x00009eac                __locale_charset
 .text.__locale_mb_cur_max
                0x00009eb4        0xc c:/program files (x86)/atmel/studio/7.0/toolchain/arm/arm-gnu-toolchain/bin/../lib/gcc/arm-none-eabi/5.3.1/../../../../arm-none-eabi/lib/armv6-m\libc.a(lib_a-locale.o)
                0x00009eb4                __locale_mb_cur_max
 .text._localeconv_r
                0x00009ec0        0x8 c:/program files (x86)/atmel/studio/7.0/toolchain/arm/arm-gnu-toolchain/bin/../lib/gcc/arm-none-eabi/5.3.1/../../../../arm-none-eabi/lib/armv6-m\libc.a(lib_a-locale.o)
                0x00009ec0                _localeconv_r
 .text.__swhatbuf_r
                0x00009ec8       0x60 c:/program files (x86)/atmel/studio/7.0/toolchain/arm/arm-gnu-toolchain/bin/../lib/gcc/arm-none-eabi/5.3.1/../../../../arm-none-eabi/lib/armv6-m\libc.a(lib_a-makebuf.o)
                0x00009ec8                __swhatbuf_r
 .text.__smakebuf_r
                0x00009f28       0x88 c:/program files (x86)/atmel/studio/7.0/toolchain/arm/arm-gnu-toolchain/bin/../lib/gcc/arm-none-eabi/5.3.1/../../../../arm-none-eabi/lib/armv6-m\libc.a(lib_a-makebuf.o)
                0x00009f28                __smakebuf_r
 .text._malloc_r
                0x00009fb0      0x554 c:/program files (x86)/atmel/studio/7.0/toolchain/arm/arm-gnu-toolchain/bin/../lib/gcc/arm-none-eabi/5.3.1/../../../../arm-none-eabi/lib/armv6-m\libc.a(lib_a-mallocr.o)
                0x00009fb0                _malloc_r
 .text.memchr   0x0000a504       0x90 c:/program files (x86)/atmel/studio/7.0/toolchain/arm/arm-gnu-toolchain/bin/../lib/gcc/arm-none-eabi/5.3.1/../../../../arm-none-eabi/lib/armv6-m\libc.a(lib_a-memchr-stub.o)
                0x0000a504                memchr
 .text.memmove  0x0000a594       0x98 c:/program files (x86)/atmel/studio/7.0/toolchain/arm/arm-gnu-toolchain/bin/../lib/gcc/arm-none-eabi/5.3.1/../../../../arm-none-eabi/lib/armv6-m\libc.a(lib_a-memmove.o)
                0x0000a594                memmove
 .text.__malloc_lock
                0x0000a62c        0x4 c:/program files (x86)/atmel/studio/7.0/toolchain/arm/arm-gnu-toolchain/bin/../lib/gcc/arm-none-eabi/5.3.1/../../../../arm-none-eabi/lib/armv6-m\libc.a(lib_a-mlock.o)
                0x0000a62c                __malloc_lock
 .text.__malloc_unlock
                0x0000a630        0x4 c:/program files (x86)/atmel/studio/7.0/toolchain/arm/arm-gnu-toolchain/bin/../lib/gcc/arm-none-eabi/5.3.1/../../../../arm-none-eabi/lib/armv6-m\libc.a(lib_a-mlock.o)
                0x0000a630                __malloc_unlock
 .text._Balloc  0x0000a634       0x50 c:/program files (x86)/atmel/studio/7.0/toolchain/arm/arm-gnu-toolchain/bin/../lib/gcc/arm-none-eabi/5.3.1/../../../../arm-none-eabi/lib/armv6-m\libc.a(lib_a-mprec.o)
                0x0000a634                _Balloc
 .text._Bfree   0x0000a684       0x14 c:/program files (x86)/atmel/studio/7.0/toolchain/arm/arm-gnu-toolchain/bin/../lib/gcc/arm-none-eabi/5.3.1/../../../../arm-none-eabi/lib/armv6-m\libc.a(lib_a-mprec.o)
                0x0000a684                _Bfree
 .text.__multadd
                0x0000a698       0x8c c:/program files (x86)/atmel/studio/7.0/toolchain/arm/arm-gnu-toolchain/bin/../lib/gcc/arm-none-eabi/5.3.1/../../../../arm-none-eabi/lib/armv6-m\libc.a(lib_a-mprec.o)
                0x0000a698                __multadd
 .text.__hi0bits
                0x0000a724       0x3c c:/program files (x86)/atmel/studio/7.0/toolchain/arm/arm-gnu-toolchain/bin/../lib/gcc/arm-none-eabi/5.3.1/../../../../arm-none-eabi/lib/armv6-m\libc.a(lib_a-mprec.o)
                0x0000a724                __hi0bits
 .text.__lo0bits
                0x0000a760       0x5c c:/program files (x86)/atmel/studio/7.0/toolchain/arm/arm-gnu-toolchain/bin/../lib/gcc/arm-none-eabi/5.3.1/../../../../arm-none-eabi/lib/armv6-m\libc.a(lib_a-mprec.o)
                0x0000a760                __lo0bits
 .text.__i2b    0x0000a7bc       0x14 c:/program files (x86)/atmel/studio/7.0/toolchain/arm/arm-gnu-toolchain/bin/../lib/gcc/arm-none-eabi/5.3.1/../../../../arm-none-eabi/lib/armv6-m\libc.a(lib_a-mprec.o)
                0x0000a7bc                __i2b
 .text.__multiply
                0x0000a7d0      0x15c c:/program files (x86)/atmel/studio/7.0/toolchain/arm/arm-gnu-toolchain/bin/../lib/gcc/arm-none-eabi/5.3.1/../../../../arm-none-eabi/lib/armv6-m\libc.a(lib_a-mprec.o)
                0x0000a7d0                __multiply
 .text.__pow5mult
                0x0000a92c       0xbc c:/program files (x86)/atmel/studio/7.0/toolchain/arm/arm-gnu-toolchain/bin/../lib/gcc/arm-none-eabi/5.3.1/../../../../arm-none-eabi/lib/armv6-m\libc.a(lib_a-mprec.o)
                0x0000a92c                __pow5mult
 .text.__lshift
                0x0000a9e8       0xc0 c:/program files (x86)/atmel/studio/7.0/toolchain/arm/arm-gnu-toolchain/bin/../lib/gcc/arm-none-eabi/5.3.1/../../../../arm-none-eabi/lib/armv6-m\libc.a(lib_a-mprec.o)
                0x0000a9e8                __lshift
 .text.__mcmp   0x0000aaa8       0x3c c:/program files (x86)/atmel/studio/7.0/toolchain/arm/arm-gnu-toolchain/bin/../lib/gcc/arm-none-eabi/5.3.1/../../../../arm-none-eabi/lib/armv6-m\libc.a(lib_a-mprec.o)
                0x0000aaa8                __mcmp
 .text.__mdiff  0x0000aae4      0x11c c:/program files (x86)/atmel/studio/7.0/toolchain/arm/arm-gnu-toolchain/bin/../lib/gcc/arm-none-eabi/5.3.1/../../../../arm-none-eabi/lib/armv6-m\libc.a(lib_a-mprec.o)
                0x0000aae4                __mdiff
 .text.__d2b    0x0000ac00       0xbc c:/program files (x86)/atmel/studio/7.0/toolchain/arm/arm-gnu-toolchain/bin/../lib/gcc/arm-none-eabi/5.3.1/../../../../arm-none-eabi/lib/armv6-m\libc.a(lib_a-mprec.o)
                0x0000ac00                __d2b
 .text._realloc_r
                0x0000acbc      0x3dc c:/program files (x86)/atmel/studio/7.0/toolchain/arm/arm-gnu-toolchain/bin/../lib/gcc/arm-none-eabi/5.3.1/../../../../arm-none-eabi/lib/armv6-m\libc.a(lib_a-reallocr.o)
                0x0000acbc                _realloc_r
 .text._sbrk_r  0x0000b098       0x24 c:/program files (x86)/atmel/studio/7.0/toolchain/arm/arm-gnu-toolchain/bin/../lib/gcc/arm-none-eabi/5.3.1/../../../../arm-none-eabi/lib/armv6-m\libc.a(lib_a-sbrkr.o)
                0x0000b098                _sbrk_r
 .text.__sread  0x0000b0bc       0x28 c:/program files (x86)/atmel/studio/7.0/toolchain/arm/arm-gnu-toolchain/bin/../lib/gcc/arm-none-eabi/5.3.1/../../../../arm-none-eabi/lib/armv6-m\libc.a(lib_a-stdio.o)
                0x0000b0bc                __sread
 .text.__swrite
                0x0000b0e4       0x3c c:/program files (x86)/atmel/studio/7.0/toolchain/arm/arm-gnu-toolchain/bin/../lib/gcc/arm-none-eabi/5.3.1/../../../../arm-none-eabi/lib/armv6-m\libc.a(lib_a-stdio.o)
                0x0000b0e4                __swrite
 .text.__sseek  0x0000b120       0x2c c:/program files (x86)/atmel/studio/7.0/toolchain/arm/arm-gnu-toolchain/bin/../lib/gcc/arm-none-eabi/5.3.1/../../../../arm-none-eabi/lib/armv6-m\libc.a(lib_a-stdio.o)
                0x0000b120                __sseek
 .text.__sclose
                0x0000b14c        0xc c:/program files (x86)/atmel/studio/7.0/toolchain/arm/arm-gnu-toolchain/bin/../lib/gcc/arm-none-eabi/5.3.1/../../../../arm-none-eabi/lib/armv6-m\libc.a(lib_a-stdio.o)
                0x0000b14c                __sclose
 .text.__sprint_r.part.0
                0x0000b158       0x78 c:/program files (x86)/atmel/studio/7.0/toolchain/arm/arm-gnu-toolchain/bin/../lib/gcc/arm-none-eabi/5.3.1/../../../../arm-none-eabi/lib/armv6-m\libc.a(lib_a-vfiprintf.o)
 .text.__sprint_r
                0x0000b1d0       0x14 c:/program files (x86)/atmel/studio/7.0/toolchain/arm/arm-gnu-toolchain/bin/../lib/gcc/arm-none-eabi/5.3.1/../../../../arm-none-eabi/lib/armv6-m\libc.a(lib_a-vfiprintf.o)
                0x0000b1d0                __sprint_r
 .text._write_r
                0x0000b1e4       0x28 c:/program files (x86)/atmel/studio/7.0/toolchain/arm/arm-gnu-toolchain/bin/../lib/gcc/arm-none-eabi/5.3.1/../../../../arm-none-eabi/lib/armv6-m\libc.a(lib_a-writer.o)
                0x0000b1e4                _write_r
 .text.__register_exitproc
                0x0000b20c       0xd4 c:/program files (x86)/atmel/studio/7.0/toolchain/arm/arm-gnu-toolchain/bin/../lib/gcc/arm-none-eabi/5.3.1/../../../../arm-none-eabi/lib/armv6-m\libc.a(lib_a-__atexit.o)
                0x0000b20c                __register_exitproc
 .text._calloc_r
                0x0000b2e0       0x60 c:/program files (x86)/atmel/studio/7.0/toolchain/arm/arm-gnu-toolchain/bin/../lib/gcc/arm-none-eabi/5.3.1/../../../../arm-none-eabi/lib/armv6-m\libc.a(lib_a-callocr.o)
                0x0000b2e0                _calloc_r
 .text._close_r
                0x0000b340       0x24 c:/program files (x86)/atmel/studio/7.0/toolchain/arm/arm-gnu-toolchain/bin/../lib/gcc/arm-none-eabi/5.3.1/../../../../arm-none-eabi/lib/armv6-m\libc.a(lib_a-closer.o)
                0x0000b340                _close_r
 .text._fclose_r
                0x0000b364       0x8c c:/program files (x86)/atmel/studio/7.0/toolchain/arm/arm-gnu-toolchain/bin/../lib/gcc/arm-none-eabi/5.3.1/../../../../arm-none-eabi/lib/armv6-m\libc.a(lib_a-fclose.o)
                0x0000b364                _fclose_r
 .text.__fputwc
                0x0000b3f0       0x98 c:/program files (x86)/atmel/studio/7.0/toolchain/arm/arm-gnu-toolchain/bin/../lib/gcc/arm-none-eabi/5.3.1/../../../../arm-none-eabi/lib/armv6-m\libc.a(lib_a-fputwc.o)
                0x0000b3f0                __fputwc
 .text._fputwc_r
                0x0000b488       0x20 c:/program files (x86)/atmel/studio/7.0/toolchain/arm/arm-gnu-toolchain/bin/../lib/gcc/arm-none-eabi/5.3.1/../../../../arm-none-eabi/lib/armv6-m\libc.a(lib_a-fputwc.o)
                0x0000b488                _fputwc_r
 .text._fstat_r
                0x0000b4a8       0x28 c:/program files (x86)/atmel/studio/7.0/toolchain/arm/arm-gnu-toolchain/bin/../lib/gcc/arm-none-eabi/5.3.1/../../../../arm-none-eabi/lib/armv6-m\libc.a(lib_a-fstatr.o)
                0x0000b4a8                _fstat_r
 .text._isatty_r
                0x0000b4d0       0x24 c:/program files (x86)/atmel/studio/7.0/toolchain/arm/arm-gnu-toolchain/bin/../lib/gcc/arm-none-eabi/5.3.1/../../../../arm-none-eabi/lib/armv6-m\libc.a(lib_a-isattyr.o)
                0x0000b4d0                _isatty_r
 .text._lseek_r
                0x0000b4f4       0x28 c:/program files (x86)/atmel/studio/7.0/toolchain/arm/arm-gnu-toolchain/bin/../lib/gcc/arm-none-eabi/5.3.1/../../../../arm-none-eabi/lib/armv6-m\libc.a(lib_a-lseekr.o)
                0x0000b4f4                _lseek_r
 .text._read_r  0x0000b51c       0x28 c:/program files (x86)/atmel/studio/7.0/toolchain/arm/arm-gnu-toolchain/bin/../lib/gcc/arm-none-eabi/5.3.1/../../../../arm-none-eabi/lib/armv6-m\libc.a(lib_a-readr.o)
                0x0000b51c                _read_r
 .text.__swbuf_r
                0x0000b544       0xbc c:/program files (x86)/atmel/studio/7.0/toolchain/arm/arm-gnu-toolchain/bin/../lib/gcc/arm-none-eabi/5.3.1/../../../../arm-none-eabi/lib/armv6-m\libc.a(lib_a-wbuf.o)
                0x0000b544                __swbuf_r
 .text._wcrtomb_r
                0x0000b600       0x58 c:/program files (x86)/atmel/studio/7.0/toolchain/arm/arm-gnu-toolchain/bin/../lib/gcc/arm-none-eabi/5.3.1/../../../../arm-none-eabi/lib/armv6-m\libc.a(lib_a-wcrtomb.o)
                0x0000b600                _wcrtomb_r
 .text.__ascii_wctomb
                0x0000b658       0x1c c:/program files (x86)/atmel/studio/7.0/toolchain/arm/arm-gnu-toolchain/bin/../lib/gcc/arm-none-eabi/5.3.1/../../../../arm-none-eabi/lib/armv6-m\libc.a(lib_a-wctomb_r.o)
                0x0000b658                __ascii_wctomb
 .text          0x0000b674       0x40 c:/program files (x86)/atmel/studio/7.0/toolchain/arm/arm-gnu-toolchain/bin/../lib/gcc/arm-none-eabi/5.3.1/armv6-m\libgcc.a(_aeabi_uldivmod.o)
                0x0000b674                __aeabi_uldivmod
 .text          0x0000b6b4      0x180 c:/program files (x86)/atmel/studio/7.0/toolchain/arm/arm-gnu-toolchain/bin/../lib/gcc/arm-none-eabi/5.3.1/armv6-m\libgcc.a(_udivmoddi4.o)
                0x0000b6b4                __udivmoddi4
 .text          0x0000b834       0x70 c:/program files (x86)/atmel/studio/7.0/toolchain/arm/arm-gnu-toolchain/bin/../lib/gcc/arm-none-eabi/5.3.1/armv6-m\libgcc.a(floatunsidf.o)
                0x0000b834                __aeabi_ui2d
 .text          0x0000b8a4       0x18 c:/program files (x86)/atmel/studio/7.0/toolchain/arm/arm-gnu-toolchain/bin/../lib/gcc/arm-none-eabi/5.3.1/armv6-m\libgcc.a(_clzdi2.o)
                0x0000b8a4                __clzdi2
 .text._read    0x0000b8bc       0x10 c:/program files (x86)/atmel/studio/7.0/toolchain/arm/arm-gnu-toolchain/bin/../lib/gcc/arm-none-eabi/5.3.1/../../../../arm-none-eabi/lib/armv6-m\libnosys.a(read.o)
                0x0000b8bc                _read
 *(.glue_7t)
 .glue_7t       0x0000b8cc        0x0 linker stubs
 *(.glue_7)
 .glue_7        0x0000b8cc        0x0 linker stubs
 *(.rodata .rodata* .gnu.linkonce.r.*)
 .rodata        0x0000b8cc      0x33a iutNantes/src/oled.o
                0x0000b8e8                img
 *fill*         0x0000bc06        0x2 
 .rodata        0x0000bc08       0x14 iutNantes/src/pinAccess.o
 .rodata        0x0000bc1c       0x20 iutNantes/src/timer.o
 .rodata        0x0000bc3c      0x117 userLibraries/src/display.o
 *fill*         0x0000bd53        0x1 
 .rodata        0x0000bd54       0x34 userLibraries/src/note.o
 .rodata.str1.4
                0x0000bd88        0x6 c:/program files (x86)/atmel/studio/7.0/toolchain/arm/arm-gnu-toolchain/bin/../lib/gcc/arm-none-eabi/5.3.1/../../../../arm-none-eabi/lib/armv6-m\libm.a(lib_a-w_log10.o)
                                  0x9 (size before relaxing)
 *fill*         0x0000bd8e        0x2 
 .rodata.str1.4
                0x0000bd90        0x4 c:/program files (x86)/atmel/studio/7.0/toolchain/arm/arm-gnu-toolchain/bin/../lib/gcc/arm-none-eabi/5.3.1/../../../../arm-none-eabi/lib/armv6-m\libm.a(lib_a-w_pow.o)
 .rodata.str1.4
                0x0000bd94        0x1 c:/program files (x86)/atmel/studio/7.0/toolchain/arm/arm-gnu-toolchain/bin/../lib/gcc/arm-none-eabi/5.3.1/../../../../arm-none-eabi/lib/armv6-m\libm.a(lib_a-e_pow.o)
 *fill*         0x0000bd94        0x4 
 .rodata.TWO52  0x0000bd98       0x10 c:/program files (x86)/atmel/studio/7.0/toolchain/arm/arm-gnu-toolchain/bin/../lib/gcc/arm-none-eabi/5.3.1/../../../../arm-none-eabi/lib/armv6-m\libm.a(lib_a-s_rint.o)
 .rodata        0x0000bda8       0x40 c:/program files (x86)/atmel/studio/7.0/toolchain/arm/arm-gnu-toolchain/bin/../lib/gcc/arm-none-eabi/5.3.1/armv6-m\libgcc.a(divdf3.o)
 .rodata        0x0000bde8       0x40 c:/program files (x86)/atmel/studio/7.0/toolchain/arm/arm-gnu-toolchain/bin/../lib/gcc/arm-none-eabi/5.3.1/armv6-m\libgcc.a(muldf3.o)
 .rodata.str1.4
                0x0000be28        0x2 c:/program files (x86)/atmel/studio/7.0/toolchain/arm/arm-gnu-toolchain/bin/../lib/gcc/arm-none-eabi/5.3.1/../../../../arm-none-eabi/lib/armv6-m\libc.a(lib_a-impure.o)
 *fill*         0x0000be2a        0x2 
 .rodata._global_impure_ptr
                0x0000be2c        0x4 c:/program files (x86)/atmel/studio/7.0/toolchain/arm/arm-gnu-toolchain/bin/../lib/gcc/arm-none-eabi/5.3.1/../../../../arm-none-eabi/lib/armv6-m\libc.a(lib_a-impure.o)
                0x0000be2c                _global_impure_ptr
 .rodata.str1.4
                0x0000be30        0x2 c:/program files (x86)/atmel/studio/7.0/toolchain/arm/arm-gnu-toolchain/bin/../lib/gcc/arm-none-eabi/5.3.1/../../../../arm-none-eabi/lib/armv6-m\libc.a(lib_a-puts.o)
 *fill*         0x0000be32        0x2 
 .rodata._vfprintf_r
                0x0000be34      0x164 c:/program files (x86)/atmel/studio/7.0/toolchain/arm/arm-gnu-toolchain/bin/../lib/gcc/arm-none-eabi/5.3.1/../../../../arm-none-eabi/lib/armv6-m\libc.a(lib_a-vfprintf.o)
 .rodata.zeroes.7050
                0x0000bf98       0x10 c:/program files (x86)/atmel/studio/7.0/toolchain/arm/arm-gnu-toolchain/bin/../lib/gcc/arm-none-eabi/5.3.1/../../../../arm-none-eabi/lib/armv6-m\libc.a(lib_a-vfprintf.o)
 .rodata.str1.4
                0x0000bfa8       0x3f c:/program files (x86)/atmel/studio/7.0/toolchain/arm/arm-gnu-toolchain/bin/../lib/gcc/arm-none-eabi/5.3.1/../../../../arm-none-eabi/lib/armv6-m\libc.a(lib_a-vfprintf.o)
                                 0x42 (size before relaxing)
 *fill*         0x0000bfe7        0x1 
 .rodata.blanks.7049
                0x0000bfe8       0x10 c:/program files (x86)/atmel/studio/7.0/toolchain/arm/arm-gnu-toolchain/bin/../lib/gcc/arm-none-eabi/5.3.1/../../../../arm-none-eabi/lib/armv6-m\libc.a(lib_a-vfprintf.o)
 .rodata.str1.4
                0x0000bff8       0x10 c:/program files (x86)/atmel/studio/7.0/toolchain/arm/arm-gnu-toolchain/bin/../lib/gcc/arm-none-eabi/5.3.1/../../../../arm-none-eabi/lib/armv6-m\libc.a(lib_a-dtoa.o)
                                 0x12 (size before relaxing)
 .rodata.str1.4
                0x0000c008        0xc c:/program files (x86)/atmel/studio/7.0/toolchain/arm/arm-gnu-toolchain/bin/../lib/gcc/arm-none-eabi/5.3.1/../../../../arm-none-eabi/lib/armv6-m\libc.a(lib_a-locale.o)
                                 0x12 (size before relaxing)
 *fill*         0x0000c014        0x4 
 .rodata.__mprec_tens
                0x0000c018       0xc8 c:/program files (x86)/atmel/studio/7.0/toolchain/arm/arm-gnu-toolchain/bin/../lib/gcc/arm-none-eabi/5.3.1/../../../../arm-none-eabi/lib/armv6-m\libc.a(lib_a-mprec.o)
                0x0000c018                __mprec_tens
 .rodata.__mprec_bigtens
                0x0000c0e0       0x28 c:/program files (x86)/atmel/studio/7.0/toolchain/arm/arm-gnu-toolchain/bin/../lib/gcc/arm-none-eabi/5.3.1/../../../../arm-none-eabi/lib/armv6-m\libc.a(lib_a-mprec.o)
                0x0000c0e0                __mprec_bigtens
 .rodata.p05.5373
                0x0000c108        0xc c:/program files (x86)/atmel/studio/7.0/toolchain/arm/arm-gnu-toolchain/bin/../lib/gcc/arm-none-eabi/5.3.1/../../../../arm-none-eabi/lib/armv6-m\libc.a(lib_a-mprec.o)
 *(.ARM.extab* .gnu.linkonce.armextab.*)
                0x0000c114                . = ALIGN (0x4)
 *(.init)
 .init          0x0000c114        0x4 c:/program files (x86)/atmel/studio/7.0/toolchain/arm/arm-gnu-toolchain/bin/../lib/gcc/arm-none-eabi/5.3.1/armv6-m/crti.o
                0x0000c114                _init
 .init          0x0000c118        0x8 c:/program files (x86)/atmel/studio/7.0/toolchain/arm/arm-gnu-toolchain/bin/../lib/gcc/arm-none-eabi/5.3.1/armv6-m/crtn.o
                0x0000c120                . = ALIGN (0x4)
                0x0000c120                __preinit_array_start = .
 *(.preinit_array)
                0x0000c120                __preinit_array_end = .
                0x0000c120                . = ALIGN (0x4)
                0x0000c120                __init_array_start = .
 *(SORT(.init_array.*))
 .init_array.00000
                0x0000c120        0x4 c:/program files (x86)/atmel/studio/7.0/toolchain/arm/arm-gnu-toolchain/bin/../lib/gcc/arm-none-eabi/5.3.1/../../../../arm-none-eabi/lib/armv6-m\libc.a(lib_a-__call_atexit.o)
 *(.init_array)
 .init_array    0x0000c124        0x4 c:/program files (x86)/atmel/studio/7.0/toolchain/arm/arm-gnu-toolchain/bin/../lib/gcc/arm-none-eabi/5.3.1/armv6-m/crtbegin.o
                0x0000c128                __init_array_end = .
                0x0000c128                . = ALIGN (0x4)
 *crtbegin.o(.ctors)
 *(EXCLUDE_FILE(*crtend.o) .ctors)
 *(SORT(.ctors.*))
 *crtend.o(.ctors)
                0x0000c128                . = ALIGN (0x4)
 *(.fini)
 .fini          0x0000c128        0x4 c:/program files (x86)/atmel/studio/7.0/toolchain/arm/arm-gnu-toolchain/bin/../lib/gcc/arm-none-eabi/5.3.1/armv6-m/crti.o
                0x0000c128                _fini
 .fini          0x0000c12c        0x8 c:/program files (x86)/atmel/studio/7.0/toolchain/arm/arm-gnu-toolchain/bin/../lib/gcc/arm-none-eabi/5.3.1/armv6-m/crtn.o
                0x0000c134                . = ALIGN (0x4)
                0x0000c134                __fini_array_start = .
 *(.fini_array)
 .fini_array    0x0000c134        0x4 c:/program files (x86)/atmel/studio/7.0/toolchain/arm/arm-gnu-toolchain/bin/../lib/gcc/arm-none-eabi/5.3.1/armv6-m/crtbegin.o
 *(SORT(.fini_array.*))
                0x0000c138                __fini_array_end = .
 *crtbegin.o(.dtors)
 *(EXCLUDE_FILE(*crtend.o) .dtors)
 *(SORT(.dtors.*))
 *crtend.o(.dtors)
                0x0000c138                . = ALIGN (0x4)
                0x0000c138                _efixed = .
                [!provide]                PROVIDE (__exidx_start, .)

.vfp11_veneer   0x0000c138        0x0
 .vfp11_veneer  0x0000c138        0x0 linker stubs

.v4_bx          0x0000c138        0x0
 .v4_bx         0x0000c138        0x0 linker stubs

.iplt           0x0000c138        0x0
 .iplt          0x0000c138        0x0 c:/program files (x86)/atmel/studio/7.0/toolchain/arm/arm-gnu-toolchain/bin/../lib/gcc/arm-none-eabi/5.3.1/armv6-m/crtbegin.o

.ARM.exidx      0x0000c138        0x8
 *(.ARM.exidx* .gnu.linkonce.armexidx.*)
 .ARM.exidx     0x0000c138        0x8 c:/program files (x86)/atmel/studio/7.0/toolchain/arm/arm-gnu-toolchain/bin/../lib/gcc/arm-none-eabi/5.3.1/armv6-m\libgcc.a(_udivmoddi4.o)
                [!provide]                PROVIDE (__exidx_end, .)

.eh_frame       0x0000c140        0x0
 .eh_frame      0x0000c140        0x0 c:/program files (x86)/atmel/studio/7.0/toolchain/arm/arm-gnu-toolchain/bin/../lib/gcc/arm-none-eabi/5.3.1/armv6-m/crtbegin.o

.rel.dyn        0x0000c140        0x0
 .rel.iplt      0x0000c140        0x0 c:/program files (x86)/atmel/studio/7.0/toolchain/arm/arm-gnu-toolchain/bin/../lib/gcc/arm-none-eabi/5.3.1/armv6-m/crtbegin.o

.jcr            0x0000c140        0x0
 .jcr           0x0000c140        0x0 c:/program files (x86)/atmel/studio/7.0/toolchain/arm/arm-gnu-toolchain/bin/../lib/gcc/arm-none-eabi/5.3.1/armv6-m/crtbegin.o

.igot.plt       0x0000c140        0x0
 .igot.plt      0x0000c140        0x0 c:/program files (x86)/atmel/studio/7.0/toolchain/arm/arm-gnu-toolchain/bin/../lib/gcc/arm-none-eabi/5.3.1/armv6-m/crtbegin.o
                0x0000c140                . = ALIGN (0x4)
                0x0000c140                _etext = .

.relocate       0x20000000      0x8c4 load address 0x0000c140
                0x20000000                . = ALIGN (0x4)
                0x20000000                _srelocate = .
 *(.ramfunc .ramfunc.*)
 *(.data .data.*)
 .data          0x20000000        0x4 cmsis/src/system_samd21_48MHz.o
                0x20000000                SystemCoreClock
 .data          0x20000004       0x14 iutNantes/src/oled.o
                0x20000004                logoIUT
                0x2000000c                sysfont
 .data          0x20000018        0x4 iutNantes/src/redirectPrintf.o
                0x20000018                printfRedir
 .data          0x2000001c        0x4 iutNantes/src/serial.o
                0x2000001c                uart
 .data.__fdlib_version
                0x20000020        0x1 c:/program files (x86)/atmel/studio/7.0/toolchain/arm/arm-gnu-toolchain/bin/../lib/gcc/arm-none-eabi/5.3.1/../../../../arm-none-eabi/lib/armv6-m\libm.a(lib_a-s_lib_ver.o)
                0x20000020                __fdlib_version
 *fill*         0x20000021        0x7 
 .data.impure_data
                0x20000028      0x428 c:/program files (x86)/atmel/studio/7.0/toolchain/arm/arm-gnu-toolchain/bin/../lib/gcc/arm-none-eabi/5.3.1/../../../../arm-none-eabi/lib/armv6-m\libc.a(lib_a-impure.o)
 .data._impure_ptr
                0x20000450        0x4 c:/program files (x86)/atmel/studio/7.0/toolchain/arm/arm-gnu-toolchain/bin/../lib/gcc/arm-none-eabi/5.3.1/../../../../arm-none-eabi/lib/armv6-m\libc.a(lib_a-impure.o)
                0x20000450                _impure_ptr
 .data.lconv    0x20000454       0x38 c:/program files (x86)/atmel/studio/7.0/toolchain/arm/arm-gnu-toolchain/bin/../lib/gcc/arm-none-eabi/5.3.1/../../../../arm-none-eabi/lib/armv6-m\libc.a(lib_a-locale.o)
 .data.lc_ctype_charset
                0x2000048c       0x20 c:/program files (x86)/atmel/studio/7.0/toolchain/arm/arm-gnu-toolchain/bin/../lib/gcc/arm-none-eabi/5.3.1/../../../../arm-none-eabi/lib/armv6-m\libc.a(lib_a-locale.o)
 .data.__mb_cur_max
                0x200004ac        0x4 c:/program files (x86)/atmel/studio/7.0/toolchain/arm/arm-gnu-toolchain/bin/../lib/gcc/arm-none-eabi/5.3.1/../../../../arm-none-eabi/lib/armv6-m\libc.a(lib_a-locale.o)
                0x200004ac                __mb_cur_max
 .data.__malloc_av_
                0x200004b0      0x408 c:/program files (x86)/atmel/studio/7.0/toolchain/arm/arm-gnu-toolchain/bin/../lib/gcc/arm-none-eabi/5.3.1/../../../../arm-none-eabi/lib/armv6-m\libc.a(lib_a-mallocr.o)
                0x200004b0                __malloc_av_
 .data.__malloc_trim_threshold
                0x200008b8        0x4 c:/program files (x86)/atmel/studio/7.0/toolchain/arm/arm-gnu-toolchain/bin/../lib/gcc/arm-none-eabi/5.3.1/../../../../arm-none-eabi/lib/armv6-m\libc.a(lib_a-mallocr.o)
                0x200008b8                __malloc_trim_threshold
 .data.__malloc_sbrk_base
                0x200008bc        0x4 c:/program files (x86)/atmel/studio/7.0/toolchain/arm/arm-gnu-toolchain/bin/../lib/gcc/arm-none-eabi/5.3.1/../../../../arm-none-eabi/lib/armv6-m\libc.a(lib_a-mallocr.o)
                0x200008bc                __malloc_sbrk_base
 .data.__wctomb
                0x200008c0        0x4 c:/program files (x86)/atmel/studio/7.0/toolchain/arm/arm-gnu-toolchain/bin/../lib/gcc/arm-none-eabi/5.3.1/../../../../arm-none-eabi/lib/armv6-m\libc.a(lib_a-wctomb_r.o)
                0x200008c0                __wctomb
                0x200008c4                . = ALIGN (0x4)
                0x200008c4                _erelocate = .

.bss            0x200008c4      0x26c load address 0x0000ca04
                0x200008c4                . = ALIGN (0x4)
                0x200008c4                _sbss = .
                0x200008c4                _szero = .
 *(.bss .bss.*)
 .bss           0x200008c4       0x1c c:/program files (x86)/atmel/studio/7.0/toolchain/arm/arm-gnu-toolchain/bin/../lib/gcc/arm-none-eabi/5.3.1/armv6-m/crtbegin.o
 .bss           0x200008e0        0x4 cmsis/src/syscalls.o
 .bss           0x200008e4      0x204 iutNantes/src/oled.o
 .bss           0x20000ae8        0x1 userLibraries/src/freq.o
 *fill*         0x20000ae9        0x3 
 .bss.__malloc_max_total_mem
                0x20000aec        0x4 c:/program files (x86)/atmel/studio/7.0/toolchain/arm/arm-gnu-toolchain/bin/../lib/gcc/arm-none-eabi/5.3.1/../../../../arm-none-eabi/lib/armv6-m\libc.a(lib_a-mallocr.o)
                0x20000aec                __malloc_max_total_mem
 .bss.__malloc_max_sbrked_mem
                0x20000af0        0x4 c:/program files (x86)/atmel/studio/7.0/toolchain/arm/arm-gnu-toolchain/bin/../lib/gcc/arm-none-eabi/5.3.1/../../../../arm-none-eabi/lib/armv6-m\libc.a(lib_a-mallocr.o)
                0x20000af0                __malloc_max_sbrked_mem
 .bss.__malloc_top_pad
                0x20000af4        0x4 c:/program files (x86)/atmel/studio/7.0/toolchain/arm/arm-gnu-toolchain/bin/../lib/gcc/arm-none-eabi/5.3.1/../../../../arm-none-eabi/lib/armv6-m\libc.a(lib_a-mallocr.o)
                0x20000af4                __malloc_top_pad
 .bss.__malloc_current_mallinfo
                0x20000af8       0x28 c:/program files (x86)/atmel/studio/7.0/toolchain/arm/arm-gnu-toolchain/bin/../lib/gcc/arm-none-eabi/5.3.1/../../../../arm-none-eabi/lib/armv6-m\libc.a(lib_a-mallocr.o)
                0x20000af8                __malloc_current_mallinfo
 *(COMMON)
 COMMON         0x20000b20        0x8 iutNantes/src/oled.o
                0x20000b20                __oledCurseurY
                0x20000b24                __oledCurseurX
 COMMON         0x20000b28        0x4 userLibraries/src/freq.o
                0x20000b28                __freq
 COMMON         0x20000b2c        0x4 c:/program files (x86)/atmel/studio/7.0/toolchain/arm/arm-gnu-toolchain/bin/../lib/gcc/arm-none-eabi/5.3.1/../../../../arm-none-eabi/lib/armv6-m\libc.a(lib_a-reent.o)
                0x20000b2c                errno
                0x20000b30                . = ALIGN (0x4)
                0x20000b30                _ebss = .
                0x20000b30                _ezero = .

.stack          0x20000b30     0x2000 load address 0x0000cc70
                0x20000b30                . = ALIGN (0x8)
                0x20000b30                _sstack = .
                0x20002b30                . = (. + STACK_SIZE)
 *fill*         0x20000b30     0x2000 
                0x20002b30                . = ALIGN (0x8)
                0x20002b30                _estack = .
                0x20002b30                . = ALIGN (0x4)
                0x20002b30                _end = .
OUTPUT(TP-info2_6_2.elf elf32-littlearm)

.ARM.attributes
                0x00000000       0x28
 .ARM.attributes
                0x00000000       0x1e c:/program files (x86)/atmel/studio/7.0/toolchain/arm/arm-gnu-toolchain/bin/../lib/gcc/arm-none-eabi/5.3.1/armv6-m/crti.o
 .ARM.attributes
                0x0000001e       0x2c c:/program files (x86)/atmel/studio/7.0/toolchain/arm/arm-gnu-toolchain/bin/../lib/gcc/arm-none-eabi/5.3.1/armv6-m/crtbegin.o
 .ARM.attributes
                0x0000004a       0x32 cmsis/src/startup_samd21.o
 .ARM.attributes
                0x0000007c       0x32 cmsis/src/syscalls.o
 .ARM.attributes
                0x000000ae       0x32 cmsis/src/system_samd21_48MHz.o
 .ARM.attributes
                0x000000e0       0x32 iutNantes/src/adc.o
 .ARM.attributes
                0x00000112       0x32 iutNantes/src/eic.o
 .ARM.attributes
                0x00000144       0x32 iutNantes/src/oled.o
 .ARM.attributes
                0x00000176       0x32 iutNantes/src/pinAccess.o
 .ARM.attributes
                0x000001a8       0x32 iutNantes/src/pinMux.o
 .ARM.attributes
                0x000001da       0x32 iutNantes/src/redirectPrintf.o
 .ARM.attributes
                0x0000020c       0x32 iutNantes/src/serial.o
 .ARM.attributes
                0x0000023e       0x32 iutNantes/src/timer.o
 .ARM.attributes
                0x00000270       0x32 TP-info2.o
 .ARM.attributes
                0x000002a2       0x32 userLibraries/src/display.o
 .ARM.attributes
                0x000002d4       0x32 userLibraries/src/freq.o
 .ARM.attributes
                0x00000306       0x32 userLibraries/src/note.o
 .ARM.attributes
                0x00000338       0x32 userLibraries/src/user_init.o
 .ARM.attributes
                0x0000036a       0x2c c:/program files (x86)/atmel/studio/7.0/toolchain/arm/arm-gnu-toolchain/bin/../lib/gcc/arm-none-eabi/5.3.1/../../../../arm-none-eabi/lib/armv6-m\libm.a(lib_a-s_floor.o)
 .ARM.attributes
                0x00000396       0x2c c:/program files (x86)/atmel/studio/7.0/toolchain/arm/arm-gnu-toolchain/bin/../lib/gcc/arm-none-eabi/5.3.1/../../../../arm-none-eabi/lib/armv6-m\libm.a(lib_a-w_log10.o)
 .ARM.attributes
                0x000003c2       0x2c c:/program files (x86)/atmel/studio/7.0/toolchain/arm/arm-gnu-toolchain/bin/../lib/gcc/arm-none-eabi/5.3.1/../../../../arm-none-eabi/lib/armv6-m\libm.a(lib_a-w_pow.o)
 .ARM.attributes
                0x000003ee       0x2c c:/program files (x86)/atmel/studio/7.0/toolchain/arm/arm-gnu-toolchain/bin/../lib/gcc/arm-none-eabi/5.3.1/../../../../arm-none-eabi/lib/armv6-m\libm.a(lib_a-e_log10.o)
 .ARM.attributes
                0x0000041a       0x2c c:/program files (x86)/atmel/studio/7.0/toolchain/arm/arm-gnu-toolchain/bin/../lib/gcc/arm-none-eabi/5.3.1/../../../../arm-none-eabi/lib/armv6-m\libm.a(lib_a-e_pow.o)
 .ARM.attributes
                0x00000446       0x2c c:/program files (x86)/atmel/studio/7.0/toolchain/arm/arm-gnu-toolchain/bin/../lib/gcc/arm-none-eabi/5.3.1/../../../../arm-none-eabi/lib/armv6-m\libm.a(lib_a-e_sqrt.o)
 .ARM.attributes
                0x00000472       0x2c c:/program files (x86)/atmel/studio/7.0/toolchain/arm/arm-gnu-toolchain/bin/../lib/gcc/arm-none-eabi/5.3.1/../../../../arm-none-eabi/lib/armv6-m\libm.a(lib_a-s_fabs.o)
 .ARM.attributes
                0x0000049e       0x2c c:/program files (x86)/atmel/studio/7.0/toolchain/arm/arm-gnu-toolchain/bin/../lib/gcc/arm-none-eabi/5.3.1/../../../../arm-none-eabi/lib/armv6-m\libm.a(lib_a-s_finite.o)
 .ARM.attributes
                0x000004ca       0x2c c:/program files (x86)/atmel/studio/7.0/toolchain/arm/arm-gnu-toolchain/bin/../lib/gcc/arm-none-eabi/5.3.1/../../../../arm-none-eabi/lib/armv6-m\libm.a(lib_a-s_lib_ver.o)
 .ARM.attributes
                0x000004f6       0x2c c:/program files (x86)/atmel/studio/7.0/toolchain/arm/arm-gnu-toolchain/bin/../lib/gcc/arm-none-eabi/5.3.1/../../../../arm-none-eabi/lib/armv6-m\libm.a(lib_a-s_matherr.o)
 .ARM.attributes
                0x00000522       0x2c c:/program files (x86)/atmel/studio/7.0/toolchain/arm/arm-gnu-toolchain/bin/../lib/gcc/arm-none-eabi/5.3.1/../../../../arm-none-eabi/lib/armv6-m\libm.a(lib_a-s_nan.o)
 .ARM.attributes
                0x0000054e       0x2c c:/program files (x86)/atmel/studio/7.0/toolchain/arm/arm-gnu-toolchain/bin/../lib/gcc/arm-none-eabi/5.3.1/../../../../arm-none-eabi/lib/armv6-m\libm.a(lib_a-s_rint.o)
 .ARM.attributes
                0x0000057a       0x2c c:/program files (x86)/atmel/studio/7.0/toolchain/arm/arm-gnu-toolchain/bin/../lib/gcc/arm-none-eabi/5.3.1/../../../../arm-none-eabi/lib/armv6-m\libm.a(lib_a-s_scalbn.o)
 .ARM.attributes
                0x000005a6       0x2c c:/program files (x86)/atmel/studio/7.0/toolchain/arm/arm-gnu-toolchain/bin/../lib/gcc/arm-none-eabi/5.3.1/../../../../arm-none-eabi/lib/armv6-m\libm.a(lib_a-e_log.o)
 .ARM.attributes
                0x000005d2       0x2c c:/program files (x86)/atmel/studio/7.0/toolchain/arm/arm-gnu-toolchain/bin/../lib/gcc/arm-none-eabi/5.3.1/../../../../arm-none-eabi/lib/armv6-m\libm.a(lib_a-s_copysign.o)
 .ARM.attributes
                0x000005fe       0x1e c:/program files (x86)/atmel/studio/7.0/toolchain/arm/arm-gnu-toolchain/bin/../lib/gcc/arm-none-eabi/5.3.1/armv6-m\libgcc.a(_udivsi3.o)
 .ARM.attributes
                0x0000061c       0x1e c:/program files (x86)/atmel/studio/7.0/toolchain/arm/arm-gnu-toolchain/bin/../lib/gcc/arm-none-eabi/5.3.1/armv6-m\libgcc.a(_divsi3.o)
 .ARM.attributes
                0x0000063a       0x1e c:/program files (x86)/atmel/studio/7.0/toolchain/arm/arm-gnu-toolchain/bin/../lib/gcc/arm-none-eabi/5.3.1/armv6-m\libgcc.a(_dvmd_tls.o)
 .ARM.attributes
                0x00000658       0x1e c:/program files (x86)/atmel/studio/7.0/toolchain/arm/arm-gnu-toolchain/bin/../lib/gcc/arm-none-eabi/5.3.1/armv6-m\libgcc.a(_arm_cmpdf2.o)
 .ARM.attributes
                0x00000676       0x1e c:/program files (x86)/atmel/studio/7.0/toolchain/arm/arm-gnu-toolchain/bin/../lib/gcc/arm-none-eabi/5.3.1/armv6-m\libgcc.a(_arm_cmpsf2.o)
 .ARM.attributes
                0x00000694       0x2c c:/program files (x86)/atmel/studio/7.0/toolchain/arm/arm-gnu-toolchain/bin/../lib/gcc/arm-none-eabi/5.3.1/armv6-m\libgcc.a(_fixunsdfsi.o)
 .ARM.attributes
                0x000006c0       0x2c c:/program files (x86)/atmel/studio/7.0/toolchain/arm/arm-gnu-toolchain/bin/../lib/gcc/arm-none-eabi/5.3.1/armv6-m\libgcc.a(addsf3.o)
 .ARM.attributes
                0x000006ec       0x2c c:/program files (x86)/atmel/studio/7.0/toolchain/arm/arm-gnu-toolchain/bin/../lib/gcc/arm-none-eabi/5.3.1/armv6-m\libgcc.a(eqsf2.o)
 .ARM.attributes
                0x00000718       0x2c c:/program files (x86)/atmel/studio/7.0/toolchain/arm/arm-gnu-toolchain/bin/../lib/gcc/arm-none-eabi/5.3.1/armv6-m\libgcc.a(gesf2.o)
 .ARM.attributes
                0x00000744       0x2c c:/program files (x86)/atmel/studio/7.0/toolchain/arm/arm-gnu-toolchain/bin/../lib/gcc/arm-none-eabi/5.3.1/armv6-m\libgcc.a(lesf2.o)
 .ARM.attributes
                0x00000770       0x2c c:/program files (x86)/atmel/studio/7.0/toolchain/arm/arm-gnu-toolchain/bin/../lib/gcc/arm-none-eabi/5.3.1/armv6-m\libgcc.a(subsf3.o)
 .ARM.attributes
                0x0000079c       0x2c c:/program files (x86)/atmel/studio/7.0/toolchain/arm/arm-gnu-toolchain/bin/../lib/gcc/arm-none-eabi/5.3.1/armv6-m\libgcc.a(adddf3.o)
 .ARM.attributes
                0x000007c8       0x2c c:/program files (x86)/atmel/studio/7.0/toolchain/arm/arm-gnu-toolchain/bin/../lib/gcc/arm-none-eabi/5.3.1/armv6-m\libgcc.a(divdf3.o)
 .ARM.attributes
                0x000007f4       0x2c c:/program files (x86)/atmel/studio/7.0/toolchain/arm/arm-gnu-toolchain/bin/../lib/gcc/arm-none-eabi/5.3.1/armv6-m\libgcc.a(eqdf2.o)
 .ARM.attributes
                0x00000820       0x2c c:/program files (x86)/atmel/studio/7.0/toolchain/arm/arm-gnu-toolchain/bin/../lib/gcc/arm-none-eabi/5.3.1/armv6-m\libgcc.a(gedf2.o)
 .ARM.attributes
                0x0000084c       0x2c c:/program files (x86)/atmel/studio/7.0/toolchain/arm/arm-gnu-toolchain/bin/../lib/gcc/arm-none-eabi/5.3.1/armv6-m\libgcc.a(ledf2.o)
 .ARM.attributes
                0x00000878       0x2c c:/program files (x86)/atmel/studio/7.0/toolchain/arm/arm-gnu-toolchain/bin/../lib/gcc/arm-none-eabi/5.3.1/armv6-m\libgcc.a(muldf3.o)
 .ARM.attributes
                0x000008a4       0x2c c:/program files (x86)/atmel/studio/7.0/toolchain/arm/arm-gnu-toolchain/bin/../lib/gcc/arm-none-eabi/5.3.1/armv6-m\libgcc.a(subdf3.o)
 .ARM.attributes
                0x000008d0       0x2c c:/program files (x86)/atmel/studio/7.0/toolchain/arm/arm-gnu-toolchain/bin/../lib/gcc/arm-none-eabi/5.3.1/armv6-m\libgcc.a(unorddf2.o)
 .ARM.attributes
                0x000008fc       0x2c c:/program files (x86)/atmel/studio/7.0/toolchain/arm/arm-gnu-toolchain/bin/../lib/gcc/arm-none-eabi/5.3.1/armv6-m\libgcc.a(fixdfsi.o)
 .ARM.attributes
                0x00000928       0x2c c:/program files (x86)/atmel/studio/7.0/toolchain/arm/arm-gnu-toolchain/bin/../lib/gcc/arm-none-eabi/5.3.1/armv6-m\libgcc.a(floatsidf.o)
 .ARM.attributes
                0x00000954       0x2c c:/program files (x86)/atmel/studio/7.0/toolchain/arm/arm-gnu-toolchain/bin/../lib/gcc/arm-none-eabi/5.3.1/armv6-m\libgcc.a(extendsfdf2.o)
 .ARM.attributes
                0x00000980       0x2c c:/program files (x86)/atmel/studio/7.0/toolchain/arm/arm-gnu-toolchain/bin/../lib/gcc/arm-none-eabi/5.3.1/armv6-m\libgcc.a(truncdfsf2.o)
 .ARM.attributes
                0x000009ac       0x1e c:/program files (x86)/atmel/studio/7.0/toolchain/arm/arm-gnu-toolchain/bin/../lib/gcc/arm-none-eabi/5.3.1/armv6-m\libgcc.a(_clzsi2.o)
 .ARM.attributes
                0x000009ca       0x2c c:/program files (x86)/atmel/studio/7.0/toolchain/arm/arm-gnu-toolchain/bin/../lib/gcc/arm-none-eabi/5.3.1/../../../../arm-none-eabi/lib/armv6-m\libc.a(lib_a-errno.o)
 .ARM.attributes
                0x000009f6       0x2c c:/program files (x86)/atmel/studio/7.0/toolchain/arm/arm-gnu-toolchain/bin/../lib/gcc/arm-none-eabi/5.3.1/../../../../arm-none-eabi/lib/armv6-m\libc.a(lib_a-impure.o)
 .ARM.attributes
                0x00000a22       0x2c c:/program files (x86)/atmel/studio/7.0/toolchain/arm/arm-gnu-toolchain/bin/../lib/gcc/arm-none-eabi/5.3.1/../../../../arm-none-eabi/lib/armv6-m\libc.a(lib_a-init.o)
 .ARM.attributes
                0x00000a4e       0x2c c:/program files (x86)/atmel/studio/7.0/toolchain/arm/arm-gnu-toolchain/bin/../lib/gcc/arm-none-eabi/5.3.1/../../../../arm-none-eabi/lib/armv6-m\libc.a(lib_a-memcpy-stub.o)
 .ARM.attributes
                0x00000a7a       0x2c c:/program files (x86)/atmel/studio/7.0/toolchain/arm/arm-gnu-toolchain/bin/../lib/gcc/arm-none-eabi/5.3.1/../../../../arm-none-eabi/lib/armv6-m\libc.a(lib_a-memset.o)
 .ARM.attributes
                0x00000aa6       0x2c c:/program files (x86)/atmel/studio/7.0/toolchain/arm/arm-gnu-toolchain/bin/../lib/gcc/arm-none-eabi/5.3.1/../../../../arm-none-eabi/lib/armv6-m\libc.a(lib_a-printf.o)
 .ARM.attributes
                0x00000ad2       0x2c c:/program files (x86)/atmel/studio/7.0/toolchain/arm/arm-gnu-toolchain/bin/../lib/gcc/arm-none-eabi/5.3.1/../../../../arm-none-eabi/lib/armv6-m\libc.a(lib_a-puts.o)
 .ARM.attributes
                0x00000afe       0x2c c:/program files (x86)/atmel/studio/7.0/toolchain/arm/arm-gnu-toolchain/bin/../lib/gcc/arm-none-eabi/5.3.1/../../../../arm-none-eabi/lib/armv6-m\libc.a(lib_a-strlen-stub.o)
 .ARM.attributes
                0x00000b2a       0x2c c:/program files (x86)/atmel/studio/7.0/toolchain/arm/arm-gnu-toolchain/bin/../lib/gcc/arm-none-eabi/5.3.1/../../../../arm-none-eabi/lib/armv6-m\libc.a(lib_a-vfprintf.o)
 .ARM.attributes
                0x00000b56       0x2c c:/program files (x86)/atmel/studio/7.0/toolchain/arm/arm-gnu-toolchain/bin/../lib/gcc/arm-none-eabi/5.3.1/../../../../arm-none-eabi/lib/armv6-m\libc.a(lib_a-wsetup.o)
 .ARM.attributes
                0x00000b82       0x2c c:/program files (x86)/atmel/studio/7.0/toolchain/arm/arm-gnu-toolchain/bin/../lib/gcc/arm-none-eabi/5.3.1/../../../../arm-none-eabi/lib/armv6-m\libc.a(lib_a-__call_atexit.o)
 .ARM.attributes
                0x00000bae       0x2c c:/program files (x86)/atmel/studio/7.0/toolchain/arm/arm-gnu-toolchain/bin/../lib/gcc/arm-none-eabi/5.3.1/../../../../arm-none-eabi/lib/armv6-m\libc.a(lib_a-atexit.o)
 .ARM.attributes
                0x00000bda       0x2c c:/program files (x86)/atmel/studio/7.0/toolchain/arm/arm-gnu-toolchain/bin/../lib/gcc/arm-none-eabi/5.3.1/../../../../arm-none-eabi/lib/armv6-m\libc.a(lib_a-dtoa.o)
 .ARM.attributes
                0x00000c06       0x2c c:/program files (x86)/atmel/studio/7.0/toolchain/arm/arm-gnu-toolchain/bin/../lib/gcc/arm-none-eabi/5.3.1/../../../../arm-none-eabi/lib/armv6-m\libc.a(lib_a-fflush.o)
 .ARM.attributes
                0x00000c32       0x2c c:/program files (x86)/atmel/studio/7.0/toolchain/arm/arm-gnu-toolchain/bin/../lib/gcc/arm-none-eabi/5.3.1/../../../../arm-none-eabi/lib/armv6-m\libc.a(lib_a-findfp.o)
 .ARM.attributes
                0x00000c5e       0x2c c:/program files (x86)/atmel/studio/7.0/toolchain/arm/arm-gnu-toolchain/bin/../lib/gcc/arm-none-eabi/5.3.1/../../../../arm-none-eabi/lib/armv6-m\libc.a(lib_a-fini.o)
 .ARM.attributes
                0x00000c8a       0x2c c:/program files (x86)/atmel/studio/7.0/toolchain/arm/arm-gnu-toolchain/bin/../lib/gcc/arm-none-eabi/5.3.1/../../../../arm-none-eabi/lib/armv6-m\libc.a(lib_a-freer.o)
 .ARM.attributes
                0x00000cb6       0x2c c:/program files (x86)/atmel/studio/7.0/toolchain/arm/arm-gnu-toolchain/bin/../lib/gcc/arm-none-eabi/5.3.1/../../../../arm-none-eabi/lib/armv6-m\libc.a(lib_a-fvwrite.o)
 .ARM.attributes
                0x00000ce2       0x2c c:/program files (x86)/atmel/studio/7.0/toolchain/arm/arm-gnu-toolchain/bin/../lib/gcc/arm-none-eabi/5.3.1/../../../../arm-none-eabi/lib/armv6-m\libc.a(lib_a-fwalk.o)
 .ARM.attributes
                0x00000d0e       0x2c c:/program files (x86)/atmel/studio/7.0/toolchain/arm/arm-gnu-toolchain/bin/../lib/gcc/arm-none-eabi/5.3.1/../../../../arm-none-eabi/lib/armv6-m\libc.a(lib_a-locale.o)
 .ARM.attributes
                0x00000d3a       0x2c c:/program files (x86)/atmel/studio/7.0/toolchain/arm/arm-gnu-toolchain/bin/../lib/gcc/arm-none-eabi/5.3.1/../../../../arm-none-eabi/lib/armv6-m\libc.a(lib_a-makebuf.o)
 .ARM.attributes
                0x00000d66       0x2c c:/program files (x86)/atmel/studio/7.0/toolchain/arm/arm-gnu-toolchain/bin/../lib/gcc/arm-none-eabi/5.3.1/../../../../arm-none-eabi/lib/armv6-m\libc.a(lib_a-mallocr.o)
 .ARM.attributes
                0x00000d92       0x2c c:/program files (x86)/atmel/studio/7.0/toolchain/arm/arm-gnu-toolchain/bin/../lib/gcc/arm-none-eabi/5.3.1/../../../../arm-none-eabi/lib/armv6-m\libc.a(lib_a-memchr-stub.o)
 .ARM.attributes
                0x00000dbe       0x2c c:/program files (x86)/atmel/studio/7.0/toolchain/arm/arm-gnu-toolchain/bin/../lib/gcc/arm-none-eabi/5.3.1/../../../../arm-none-eabi/lib/armv6-m\libc.a(lib_a-memmove.o)
 .ARM.attributes
                0x00000dea       0x2c c:/program files (x86)/atmel/studio/7.0/toolchain/arm/arm-gnu-toolchain/bin/../lib/gcc/arm-none-eabi/5.3.1/../../../../arm-none-eabi/lib/armv6-m\libc.a(lib_a-mlock.o)
 .ARM.attributes
                0x00000e16       0x2c c:/program files (x86)/atmel/studio/7.0/toolchain/arm/arm-gnu-toolchain/bin/../lib/gcc/arm-none-eabi/5.3.1/../../../../arm-none-eabi/lib/armv6-m\libc.a(lib_a-mprec.o)
 .ARM.attributes
                0x00000e42       0x2c c:/program files (x86)/atmel/studio/7.0/toolchain/arm/arm-gnu-toolchain/bin/../lib/gcc/arm-none-eabi/5.3.1/../../../../arm-none-eabi/lib/armv6-m\libc.a(lib_a-reallocr.o)
 .ARM.attributes
                0x00000e6e       0x2c c:/program files (x86)/atmel/studio/7.0/toolchain/arm/arm-gnu-toolchain/bin/../lib/gcc/arm-none-eabi/5.3.1/../../../../arm-none-eabi/lib/armv6-m\libc.a(lib_a-sbrkr.o)
 .ARM.attributes
                0x00000e9a       0x2c c:/program files (x86)/atmel/studio/7.0/toolchain/arm/arm-gnu-toolchain/bin/../lib/gcc/arm-none-eabi/5.3.1/../../../../arm-none-eabi/lib/armv6-m\libc.a(lib_a-stdio.o)
 .ARM.attributes
                0x00000ec6       0x2c c:/program files (x86)/atmel/studio/7.0/toolchain/arm/arm-gnu-toolchain/bin/../lib/gcc/arm-none-eabi/5.3.1/../../../../arm-none-eabi/lib/armv6-m\libc.a(lib_a-vfiprintf.o)
 .ARM.attributes
                0x00000ef2       0x2c c:/program files (x86)/atmel/studio/7.0/toolchain/arm/arm-gnu-toolchain/bin/../lib/gcc/arm-none-eabi/5.3.1/../../../../arm-none-eabi/lib/armv6-m\libc.a(lib_a-writer.o)
 .ARM.attributes
                0x00000f1e       0x2c c:/program files (x86)/atmel/studio/7.0/toolchain/arm/arm-gnu-toolchain/bin/../lib/gcc/arm-none-eabi/5.3.1/../../../../arm-none-eabi/lib/armv6-m\libc.a(lib_a-__atexit.o)
 .ARM.attributes
                0x00000f4a       0x2c c:/program files (x86)/atmel/studio/7.0/toolchain/arm/arm-gnu-toolchain/bin/../lib/gcc/arm-none-eabi/5.3.1/../../../../arm-none-eabi/lib/armv6-m\libc.a(lib_a-callocr.o)
 .ARM.attributes
                0x00000f76       0x2c c:/program files (x86)/atmel/studio/7.0/toolchain/arm/arm-gnu-toolchain/bin/../lib/gcc/arm-none-eabi/5.3.1/../../../../arm-none-eabi/lib/armv6-m\libc.a(lib_a-closer.o)
 .ARM.attributes
                0x00000fa2       0x2c c:/program files (x86)/atmel/studio/7.0/toolchain/arm/arm-gnu-toolchain/bin/../lib/gcc/arm-none-eabi/5.3.1/../../../../arm-none-eabi/lib/armv6-m\libc.a(lib_a-fclose.o)
 .ARM.attributes
                0x00000fce       0x2c c:/program files (x86)/atmel/studio/7.0/toolchain/arm/arm-gnu-toolchain/bin/../lib/gcc/arm-none-eabi/5.3.1/../../../../arm-none-eabi/lib/armv6-m\libc.a(lib_a-fputwc.o)
 .ARM.attributes
                0x00000ffa       0x2c c:/program files (x86)/atmel/studio/7.0/toolchain/arm/arm-gnu-toolchain/bin/../lib/gcc/arm-none-eabi/5.3.1/../../../../arm-none-eabi/lib/armv6-m\libc.a(lib_a-fstatr.o)
 .ARM.attributes
                0x00001026       0x2c c:/program files (x86)/atmel/studio/7.0/toolchain/arm/arm-gnu-toolchain/bin/../lib/gcc/arm-none-eabi/5.3.1/../../../../arm-none-eabi/lib/armv6-m\libc.a(lib_a-isattyr.o)
 .ARM.attributes
                0x00001052       0x2c c:/program files (x86)/atmel/studio/7.0/toolchain/arm/arm-gnu-toolchain/bin/../lib/gcc/arm-none-eabi/5.3.1/../../../../arm-none-eabi/lib/armv6-m\libc.a(lib_a-lseekr.o)
 .ARM.attributes
                0x0000107e       0x2c c:/program files (x86)/atmel/studio/7.0/toolchain/arm/arm-gnu-toolchain/bin/../lib/gcc/arm-none-eabi/5.3.1/../../../../arm-none-eabi/lib/armv6-m\libc.a(lib_a-readr.o)
 .ARM.attributes
                0x000010aa       0x2c c:/program files (x86)/atmel/studio/7.0/toolchain/arm/arm-gnu-toolchain/bin/../lib/gcc/arm-none-eabi/5.3.1/../../../../arm-none-eabi/lib/armv6-m\libc.a(lib_a-reent.o)
 .ARM.attributes
                0x000010d6       0x2c c:/program files (x86)/atmel/studio/7.0/toolchain/arm/arm-gnu-toolchain/bin/../lib/gcc/arm-none-eabi/5.3.1/../../../../arm-none-eabi/lib/armv6-m\libc.a(lib_a-wbuf.o)
 .ARM.attributes
                0x00001102       0x2c c:/program files (x86)/atmel/studio/7.0/toolchain/arm/arm-gnu-toolchain/bin/../lib/gcc/arm-none-eabi/5.3.1/../../../../arm-none-eabi/lib/armv6-m\libc.a(lib_a-wcrtomb.o)
 .ARM.attributes
                0x0000112e       0x2c c:/program files (x86)/atmel/studio/7.0/toolchain/arm/arm-gnu-toolchain/bin/../lib/gcc/arm-none-eabi/5.3.1/../../../../arm-none-eabi/lib/armv6-m\libc.a(lib_a-wctomb_r.o)
 .ARM.attributes
                0x0000115a       0x1e c:/program files (x86)/atmel/studio/7.0/toolchain/arm/arm-gnu-toolchain/bin/../lib/gcc/arm-none-eabi/5.3.1/armv6-m\libgcc.a(_aeabi_uldivmod.o)
 .ARM.attributes
                0x00001178       0x2c c:/program files (x86)/atmel/studio/7.0/toolchain/arm/arm-gnu-toolchain/bin/../lib/gcc/arm-none-eabi/5.3.1/armv6-m\libgcc.a(_udivmoddi4.o)
 .ARM.attributes
                0x000011a4       0x2c c:/program files (x86)/atmel/studio/7.0/toolchain/arm/arm-gnu-toolchain/bin/../lib/gcc/arm-none-eabi/5.3.1/armv6-m\libgcc.a(floatunsidf.o)
 .ARM.attributes
                0x000011d0       0x1e c:/program files (x86)/atmel/studio/7.0/toolchain/arm/arm-gnu-toolchain/bin/../lib/gcc/arm-none-eabi/5.3.1/armv6-m\libgcc.a(_clzdi2.o)
 .ARM.attributes
                0x000011ee       0x2c c:/program files (x86)/atmel/studio/7.0/toolchain/arm/arm-gnu-toolchain/bin/../lib/gcc/arm-none-eabi/5.3.1/../../../../arm-none-eabi/lib/armv6-m\libnosys.a(read.o)
 .ARM.attributes
                0x0000121a       0x1e c:/program files (x86)/atmel/studio/7.0/toolchain/arm/arm-gnu-toolchain/bin/../lib/gcc/arm-none-eabi/5.3.1/armv6-m/crtn.o

.comment        0x00000000       0x59
 .comment       0x00000000       0x59 cmsis/src/startup_samd21.o
                                 0x5a (size before relaxing)
 .comment       0x00000059       0x5a cmsis/src/syscalls.o
 .comment       0x00000059       0x5a cmsis/src/system_samd21_48MHz.o
 .comment       0x00000059       0x5a iutNantes/src/adc.o
 .comment       0x00000059       0x5a iutNantes/src/eic.o
 .comment       0x00000059       0x5a iutNantes/src/oled.o
 .comment       0x00000059       0x5a iutNantes/src/pinAccess.o
 .comment       0x00000059       0x5a iutNantes/src/pinMux.o
 .comment       0x00000059       0x5a iutNantes/src/redirectPrintf.o
 .comment       0x00000059       0x5a iutNantes/src/serial.o
 .comment       0x00000059       0x5a iutNantes/src/timer.o
 .comment       0x00000059       0x5a TP-info2.o
 .comment       0x00000059       0x5a userLibraries/src/display.o
 .comment       0x00000059       0x5a userLibraries/src/freq.o
 .comment       0x00000059       0x5a userLibraries/src/note.o
 .comment       0x00000059       0x5a userLibraries/src/user_init.o

.debug_info     0x00000000    0x10087
 .debug_info    0x00000000      0x4b5 cmsis/src/startup_samd21.o
 .debug_info    0x000004b5      0x41a cmsis/src/syscalls.o
 .debug_info    0x000008cf     0x2171 cmsis/src/system_samd21_48MHz.o
 .debug_info    0x00002a40     0x1643 iutNantes/src/adc.o
 .debug_info    0x00004083      0xeff iutNantes/src/eic.o
 .debug_info    0x00004f82     0x438d iutNantes/src/oled.o
 .debug_info    0x0000930f      0x7d3 iutNantes/src/pinAccess.o
 .debug_info    0x00009ae2      0x741 iutNantes/src/pinMux.o
 .debug_info    0x0000a223      0x116 iutNantes/src/redirectPrintf.o
 .debug_info    0x0000a339     0x3044 iutNantes/src/serial.o
 .debug_info    0x0000d37d      0xc74 iutNantes/src/timer.o
 .debug_info    0x0000dff1      0x102 TP-info2.o
 .debug_info    0x0000e0f3      0x18e userLibraries/src/display.o
 .debug_info    0x0000e281     0x1b67 userLibraries/src/freq.o
 .debug_info    0x0000fde8      0x1f2 userLibraries/src/note.o
 .debug_info    0x0000ffda       0xad userLibraries/src/user_init.o

.debug_abbrev   0x00000000     0x152e
 .debug_abbrev  0x00000000      0x125 cmsis/src/startup_samd21.o
 .debug_abbrev  0x00000125      0x120 cmsis/src/syscalls.o
 .debug_abbrev  0x00000245      0x150 cmsis/src/system_samd21_48MHz.o
 .debug_abbrev  0x00000395      0x177 iutNantes/src/adc.o
 .debug_abbrev  0x0000050c      0x184 iutNantes/src/eic.o
 .debug_abbrev  0x00000690      0x3ed iutNantes/src/oled.o
 .debug_abbrev  0x00000a7d      0x164 iutNantes/src/pinAccess.o
 .debug_abbrev  0x00000be1      0x168 iutNantes/src/pinMux.o
 .debug_abbrev  0x00000d49       0xb3 iutNantes/src/redirectPrintf.o
 .debug_abbrev  0x00000dfc      0x1c9 iutNantes/src/serial.o
 .debug_abbrev  0x00000fc5      0x16a iutNantes/src/timer.o
 .debug_abbrev  0x0000112f       0x70 TP-info2.o
 .debug_abbrev  0x0000119f       0xa5 userLibraries/src/display.o
 .debug_abbrev  0x00001244      0x202 userLibraries/src/freq.o
 .debug_abbrev  0x00001446       0xa1 userLibraries/src/note.o
 .debug_abbrev  0x000014e7       0x47 userLibraries/src/user_init.o

.debug_loc      0x00000000     0x14bc
 .debug_loc     0x00000000       0x64 cmsis/src/startup_samd21.o
 .debug_loc     0x00000064      0x1ec cmsis/src/syscalls.o
 .debug_loc     0x00000250       0x58 cmsis/src/system_samd21_48MHz.o
 .debug_loc     0x000002a8       0x64 iutNantes/src/adc.o
 .debug_loc     0x0000030c       0x70 iutNantes/src/eic.o
 .debug_loc     0x0000037c      0xb24 iutNantes/src/oled.o
 .debug_loc     0x00000ea0       0xe0 iutNantes/src/pinAccess.o
 .debug_loc     0x00000f80       0x38 iutNantes/src/pinMux.o
 .debug_loc     0x00000fb8       0x70 iutNantes/src/redirectPrintf.o
 .debug_loc     0x00001028       0xa8 iutNantes/src/serial.o
 .debug_loc     0x000010d0       0x38 iutNantes/src/timer.o
 .debug_loc     0x00001108       0x38 TP-info2.o
 .debug_loc     0x00001140      0x144 userLibraries/src/display.o
 .debug_loc     0x00001284       0xf4 userLibraries/src/freq.o
 .debug_loc     0x00001378      0x118 userLibraries/src/note.o
 .debug_loc     0x00001490       0x2c userLibraries/src/user_init.o

.debug_aranges  0x00000000      0x490
 .debug_aranges
                0x00000000       0x28 cmsis/src/startup_samd21.o
 .debug_aranges
                0x00000028       0x60 cmsis/src/syscalls.o
 .debug_aranges
                0x00000088       0x28 cmsis/src/system_samd21_48MHz.o
 .debug_aranges
                0x000000b0       0x28 iutNantes/src/adc.o
 .debug_aranges
                0x000000d8       0x28 iutNantes/src/eic.o
 .debug_aranges
                0x00000100      0x1b8 iutNantes/src/oled.o
 .debug_aranges
                0x000002b8       0x38 iutNantes/src/pinAccess.o
 .debug_aranges
                0x000002f0       0x20 iutNantes/src/pinMux.o
 .debug_aranges
                0x00000310       0x28 iutNantes/src/redirectPrintf.o
 .debug_aranges
                0x00000338       0x30 iutNantes/src/serial.o
 .debug_aranges
                0x00000368       0x20 iutNantes/src/timer.o
 .debug_aranges
                0x00000388       0x20 TP-info2.o
 .debug_aranges
                0x000003a8       0x48 userLibraries/src/display.o
 .debug_aranges
                0x000003f0       0x40 userLibraries/src/freq.o
 .debug_aranges
                0x00000430       0x40 userLibraries/src/note.o
 .debug_aranges
                0x00000470       0x20 userLibraries/src/user_init.o

.debug_ranges   0x00000000      0x390
 .debug_ranges  0x00000000       0x18 cmsis/src/startup_samd21.o
 .debug_ranges  0x00000018       0x50 cmsis/src/syscalls.o
 .debug_ranges  0x00000068       0x18 cmsis/src/system_samd21_48MHz.o
 .debug_ranges  0x00000080       0x18 iutNantes/src/adc.o
 .debug_ranges  0x00000098       0x18 iutNantes/src/eic.o
 .debug_ranges  0x000000b0      0x1a8 iutNantes/src/oled.o
 .debug_ranges  0x00000258       0x28 iutNantes/src/pinAccess.o
 .debug_ranges  0x00000280       0x10 iutNantes/src/pinMux.o
 .debug_ranges  0x00000290       0x18 iutNantes/src/redirectPrintf.o
 .debug_ranges  0x000002a8       0x20 iutNantes/src/serial.o
 .debug_ranges  0x000002c8       0x10 iutNantes/src/timer.o
 .debug_ranges  0x000002d8       0x10 TP-info2.o
 .debug_ranges  0x000002e8       0x38 userLibraries/src/display.o
 .debug_ranges  0x00000320       0x30 userLibraries/src/freq.o
 .debug_ranges  0x00000350       0x30 userLibraries/src/note.o
 .debug_ranges  0x00000380       0x10 userLibraries/src/user_init.o

.debug_macro    0x00000000    0x15bb0
 .debug_macro   0x00000000      0x2f9 cmsis/src/startup_samd21.o
 .debug_macro   0x000002f9      0x826 cmsis/src/startup_samd21.o
 .debug_macro   0x00000b1f       0x22 cmsis/src/startup_samd21.o
 .debug_macro   0x00000b41       0x87 cmsis/src/startup_samd21.o
 .debug_macro   0x00000bc8       0x44 cmsis/src/startup_samd21.o
 .debug_macro   0x00000c0c       0xfd cmsis/src/startup_samd21.o
 .debug_macro   0x00000d09       0x22 cmsis/src/startup_samd21.o
 .debug_macro   0x00000d2b      0x1df cmsis/src/startup_samd21.o
 .debug_macro   0x00000f0a       0x3a cmsis/src/startup_samd21.o
 .debug_macro   0x00000f44       0x3a cmsis/src/startup_samd21.o
 .debug_macro   0x00000f7e       0x1f cmsis/src/startup_samd21.o
 .debug_macro   0x00000f9d      0x250 cmsis/src/startup_samd21.o
 .debug_macro   0x000011ed      0x682 cmsis/src/startup_samd21.o
 .debug_macro   0x0000186f      0x8bf cmsis/src/startup_samd21.o
 .debug_macro   0x0000212e      0x235 cmsis/src/startup_samd21.o
 .debug_macro   0x00002363      0xd6a cmsis/src/startup_samd21.o
 .debug_macro   0x000030cd      0x4ce cmsis/src/startup_samd21.o
 .debug_macro   0x0000359b      0x9f8 cmsis/src/startup_samd21.o
 .debug_macro   0x00003f93      0x82b cmsis/src/startup_samd21.o
 .debug_macro   0x000047be      0x45f cmsis/src/startup_samd21.o
 .debug_macro   0x00004c1d       0x5e cmsis/src/startup_samd21.o
 .debug_macro   0x00004c7b      0x906 cmsis/src/startup_samd21.o
 .debug_macro   0x00005581      0x225 cmsis/src/startup_samd21.o
 .debug_macro   0x000057a6      0x797 cmsis/src/startup_samd21.o
 .debug_macro   0x00005f3d       0x5e cmsis/src/startup_samd21.o
 .debug_macro   0x00005f9b      0x634 cmsis/src/startup_samd21.o
 .debug_macro   0x000065cf      0x3b6 cmsis/src/startup_samd21.o
 .debug_macro   0x00006985      0xc55 cmsis/src/startup_samd21.o
 .debug_macro   0x000075da     0x1092 cmsis/src/startup_samd21.o
 .debug_macro   0x0000866c      0xc4a cmsis/src/startup_samd21.o
 .debug_macro   0x000092b6      0x6bf cmsis/src/startup_samd21.o
 .debug_macro   0x00009975     0x1b4b cmsis/src/startup_samd21.o
 .debug_macro   0x0000b4c0     0x144a cmsis/src/startup_samd21.o
 .debug_macro   0x0000c90a      0x34e cmsis/src/startup_samd21.o
 .debug_macro   0x0000cc58       0x7c cmsis/src/startup_samd21.o
 .debug_macro   0x0000ccd4       0xa0 cmsis/src/startup_samd21.o
 .debug_macro   0x0000cd74       0x4c cmsis/src/startup_samd21.o
 .debug_macro   0x0000cdc0       0xca cmsis/src/startup_samd21.o
 .debug_macro   0x0000ce8a       0x94 cmsis/src/startup_samd21.o
 .debug_macro   0x0000cf1e       0x58 cmsis/src/startup_samd21.o
 .debug_macro   0x0000cf76      0x364 cmsis/src/startup_samd21.o
 .debug_macro   0x0000d2da       0x82 cmsis/src/startup_samd21.o
 .debug_macro   0x0000d35c      0x197 cmsis/src/startup_samd21.o
 .debug_macro   0x0000d4f3       0xb8 cmsis/src/startup_samd21.o
 .debug_macro   0x0000d5ab       0xa0 cmsis/src/startup_samd21.o
 .debug_macro   0x0000d64b       0xb2 cmsis/src/startup_samd21.o
 .debug_macro   0x0000d6fd       0x1c cmsis/src/startup_samd21.o
 .debug_macro   0x0000d719       0x1c cmsis/src/startup_samd21.o
 .debug_macro   0x0000d735       0x1c cmsis/src/startup_samd21.o
 .debug_macro   0x0000d751       0x7c cmsis/src/startup_samd21.o
 .debug_macro   0x0000d7cd      0x161 cmsis/src/startup_samd21.o
 .debug_macro   0x0000d92e       0xdc cmsis/src/startup_samd21.o
 .debug_macro   0x0000da0a      0x12f cmsis/src/startup_samd21.o
 .debug_macro   0x0000db39      0x12f cmsis/src/startup_samd21.o
 .debug_macro   0x0000dc68      0x12f cmsis/src/startup_samd21.o
 .debug_macro   0x0000dd97      0x12f cmsis/src/startup_samd21.o
 .debug_macro   0x0000dec6      0x12f cmsis/src/startup_samd21.o
 .debug_macro   0x0000dff5      0x12f cmsis/src/startup_samd21.o
 .debug_macro   0x0000e124      0x11e cmsis/src/startup_samd21.o
 .debug_macro   0x0000e242       0xe2 cmsis/src/startup_samd21.o
 .debug_macro   0x0000e324       0xe2 cmsis/src/startup_samd21.o
 .debug_macro   0x0000e406       0xe2 cmsis/src/startup_samd21.o
 .debug_macro   0x0000e4e8       0xe2 cmsis/src/startup_samd21.o
 .debug_macro   0x0000e5ca       0xe2 cmsis/src/startup_samd21.o
 .debug_macro   0x0000e6ac      0x12c cmsis/src/startup_samd21.o
 .debug_macro   0x0000e7d8      0x100 cmsis/src/startup_samd21.o
 .debug_macro   0x0000e8d8       0xf4 cmsis/src/startup_samd21.o
 .debug_macro   0x0000e9cc      0x40f cmsis/src/startup_samd21.o
 .debug_macro   0x0000eddb       0x40 cmsis/src/startup_samd21.o
 .debug_macro   0x0000ee1b      0x37d cmsis/src/startup_samd21.o
 .debug_macro   0x0000f198     0x1e59 cmsis/src/startup_samd21.o
 .debug_macro   0x00010ff1       0x6d cmsis/src/startup_samd21.o
 .debug_macro   0x0001105e      0x19c cmsis/src/syscalls.o
 .debug_macro   0x000111fa       0x4c cmsis/src/syscalls.o
 .debug_macro   0x00011246       0x8d cmsis/src/syscalls.o
 .debug_macro   0x000112d3       0x35 cmsis/src/syscalls.o
 .debug_macro   0x00011308       0x9c cmsis/src/syscalls.o
 .debug_macro   0x000113a4       0x16 cmsis/src/syscalls.o
 .debug_macro   0x000113ba       0x4a cmsis/src/syscalls.o
 .debug_macro   0x00011404       0x97 cmsis/src/syscalls.o
 .debug_macro   0x0001149b      0x330 cmsis/src/syscalls.o
 .debug_macro   0x000117cb       0xf6 cmsis/src/syscalls.o
 .debug_macro   0x000118c1       0x10 cmsis/src/syscalls.o
 .debug_macro   0x000118d1       0x52 cmsis/src/syscalls.o
 .debug_macro   0x00011923       0x16 cmsis/src/syscalls.o
 .debug_macro   0x00011939       0x43 cmsis/src/syscalls.o
 .debug_macro   0x0001197c      0x187 cmsis/src/syscalls.o
 .debug_macro   0x00011b03       0x22 cmsis/src/syscalls.o
 .debug_macro   0x00011b25       0x3a cmsis/src/syscalls.o
 .debug_macro   0x00011b5f       0x10 cmsis/src/syscalls.o
 .debug_macro   0x00011b6f       0x40 cmsis/src/syscalls.o
 .debug_macro   0x00011baf       0x6c cmsis/src/syscalls.o
 .debug_macro   0x00011c1b       0x16 cmsis/src/syscalls.o
 .debug_macro   0x00011c31      0x182 cmsis/src/syscalls.o
 .debug_macro   0x00011db3       0x52 cmsis/src/syscalls.o
 .debug_macro   0x00011e05       0x16 cmsis/src/syscalls.o
 .debug_macro   0x00011e1b       0x35 cmsis/src/syscalls.o
 .debug_macro   0x00011e50       0x10 cmsis/src/syscalls.o
 .debug_macro   0x00011e60       0x41 cmsis/src/syscalls.o
 .debug_macro   0x00011ea1      0x122 cmsis/src/syscalls.o
 .debug_macro   0x00011fc3      0x32f cmsis/src/system_samd21_48MHz.o
 .debug_macro   0x000122f2      0x31e iutNantes/src/adc.o
 .debug_macro   0x00012610       0x22 iutNantes/src/adc.o
 .debug_macro   0x00012632       0x3a iutNantes/src/adc.o
 .debug_macro   0x0001266c       0x34 iutNantes/src/adc.o
 .debug_macro   0x000126a0      0x323 iutNantes/src/eic.o
 .debug_macro   0x000129c3       0x28 iutNantes/src/eic.o
 .debug_macro   0x000129eb      0x39c iutNantes/src/oled.o
 .debug_macro   0x00012d87       0x22 iutNantes/src/oled.o
 .debug_macro   0x00012da9      0x22e iutNantes/src/oled.o
 .debug_macro   0x00012fd7      0x16d iutNantes/src/oled.o
 .debug_macro   0x00013144       0x52 iutNantes/src/oled.o
 .debug_macro   0x00013196       0x16 iutNantes/src/oled.o
 .debug_macro   0x000131ac      0x302 iutNantes/src/pinAccess.o