Archive member included to satisfy reference by file (symbol)

c:/program files (x86)/atmel/studio/7.0/toolchain/arm/arm-gnu-toolchain/bin/../lib/gcc/arm-none-eabi/5.3.1/../../../../arm-none-eabi/lib/armv6-m\libm.a(lib_a-s_atan.o)
                              userLibraries/src/fftDescribe.o (atan)
c:/program files (x86)/atmel/studio/7.0/toolchain/arm/arm-gnu-toolchain/bin/../lib/gcc/arm-none-eabi/5.3.1/../../../../arm-none-eabi/lib/armv6-m\libm.a(lib_a-s_cos.o)
                              userLibraries/src/fftDescribe.o (cos)
c:/program files (x86)/atmel/studio/7.0/toolchain/arm/arm-gnu-toolchain/bin/../lib/gcc/arm-none-eabi/5.3.1/../../../../arm-none-eabi/lib/armv6-m\libm.a(lib_a-s_fabs.o)
                              c:/program files (x86)/atmel/studio/7.0/toolchain/arm/arm-gnu-toolchain/bin/../lib/gcc/arm-none-eabi/5.3.1/../../../../arm-none-eabi/lib/armv6-m\libm.a(lib_a-s_atan.o) (fabs)
c:/program files (x86)/atmel/studio/7.0/toolchain/arm/arm-gnu-toolchain/bin/../lib/gcc/arm-none-eabi/5.3.1/../../../../arm-none-eabi/lib/armv6-m\libm.a(lib_a-s_floor.o)
                              userLibraries/src/note.o (floor)
c:/program files (x86)/atmel/studio/7.0/toolchain/arm/arm-gnu-toolchain/bin/../lib/gcc/arm-none-eabi/5.3.1/../../../../arm-none-eabi/lib/armv6-m\libm.a(lib_a-s_sin.o)
                              userLibraries/src/fftDescribe.o (sin)
c:/program files (x86)/atmel/studio/7.0/toolchain/arm/arm-gnu-toolchain/bin/../lib/gcc/arm-none-eabi/5.3.1/../../../../arm-none-eabi/lib/armv6-m\libm.a(lib_a-w_log10.o)
                              userLibraries/src/note.o (log10)
c:/program files (x86)/atmel/studio/7.0/toolchain/arm/arm-gnu-toolchain/bin/../lib/gcc/arm-none-eabi/5.3.1/../../../../arm-none-eabi/lib/armv6-m\libm.a(lib_a-w_pow.o)
                              userLibraries/src/fftDescribe.o (pow)
c:/program files (x86)/atmel/studio/7.0/toolchain/arm/arm-gnu-toolchain/bin/../lib/gcc/arm-none-eabi/5.3.1/../../../../arm-none-eabi/lib/armv6-m\libm.a(lib_a-w_sqrt.o)
                              userLibraries/src/fft.o (sqrt)
c:/program files (x86)/atmel/studio/7.0/toolchain/arm/arm-gnu-toolchain/bin/../lib/gcc/arm-none-eabi/5.3.1/../../../../arm-none-eabi/lib/armv6-m\libm.a(lib_a-e_log10.o)
                              c:/program files (x86)/atmel/studio/7.0/toolchain/arm/arm-gnu-toolchain/bin/../lib/gcc/arm-none-eabi/5.3.1/../../../../arm-none-eabi/lib/armv6-m\libm.a(lib_a-w_log10.o) (__ieee754_log10)
c:/program files (x86)/atmel/studio/7.0/toolchain/arm/arm-gnu-toolchain/bin/../lib/gcc/arm-none-eabi/5.3.1/../../../../arm-none-eabi/lib/armv6-m\libm.a(lib_a-e_pow.o)
                              c:/program files (x86)/atmel/studio/7.0/toolchain/arm/arm-gnu-toolchain/bin/../lib/gcc/arm-none-eabi/5.3.1/../../../../arm-none-eabi/lib/armv6-m\libm.a(lib_a-w_pow.o) (__ieee754_pow)
c:/program files (x86)/atmel/studio/7.0/toolchain/arm/arm-gnu-toolchain/bin/../lib/gcc/arm-none-eabi/5.3.1/../../../../arm-none-eabi/lib/armv6-m\libm.a(lib_a-e_rem_pio2.o)
                              c:/program files (x86)/atmel/studio/7.0/toolchain/arm/arm-gnu-toolchain/bin/../lib/gcc/arm-none-eabi/5.3.1/../../../../arm-none-eabi/lib/armv6-m\libm.a(lib_a-s_cos.o) (__ieee754_rem_pio2)
c:/program files (x86)/atmel/studio/7.0/toolchain/arm/arm-gnu-toolchain/bin/../lib/gcc/arm-none-eabi/5.3.1/../../../../arm-none-eabi/lib/armv6-m\libm.a(lib_a-e_sqrt.o)
                              c:/program files (x86)/atmel/studio/7.0/toolchain/arm/arm-gnu-toolchain/bin/../lib/gcc/arm-none-eabi/5.3.1/../../../../arm-none-eabi/lib/armv6-m\libm.a(lib_a-w_sqrt.o) (__ieee754_sqrt)
c:/program files (x86)/atmel/studio/7.0/toolchain/arm/arm-gnu-toolchain/bin/../lib/gcc/arm-none-eabi/5.3.1/../../../../arm-none-eabi/lib/armv6-m\libm.a(lib_a-k_cos.o)
                              c:/program files (x86)/atmel/studio/7.0/toolchain/arm/arm-gnu-toolchain/bin/../lib/gcc/arm-none-eabi/5.3.1/../../../../arm-none-eabi/lib/armv6-m\libm.a(lib_a-s_cos.o) (__kernel_cos)
c:/program files (x86)/atmel/studio/7.0/toolchain/arm/arm-gnu-toolchain/bin/../lib/gcc/arm-none-eabi/5.3.1/../../../../arm-none-eabi/lib/armv6-m\libm.a(lib_a-k_rem_pio2.o)
                              c:/program files (x86)/atmel/studio/7.0/toolchain/arm/arm-gnu-toolchain/bin/../lib/gcc/arm-none-eabi/5.3.1/../../../../arm-none-eabi/lib/armv6-m\libm.a(lib_a-e_rem_pio2.o) (__kernel_rem_pio2)
c:/program files (x86)/atmel/studio/7.0/toolchain/arm/arm-gnu-toolchain/bin/../lib/gcc/arm-none-eabi/5.3.1/../../../../arm-none-eabi/lib/armv6-m\libm.a(lib_a-k_sin.o)
                              c:/program files (x86)/atmel/studio/7.0/toolchain/arm/arm-gnu-toolchain/bin/../lib/gcc/arm-none-eabi/5.3.1/../../../../arm-none-eabi/lib/armv6-m\libm.a(lib_a-s_cos.o) (__kernel_sin)
c:/program files (x86)/atmel/studio/7.0/toolchain/arm/arm-gnu-toolchain/bin/../lib/gcc/arm-none-eabi/5.3.1/../../../../arm-none-eabi/lib/armv6-m\libm.a(lib_a-s_finite.o)
[...]
Memory Configuration

Name             Origin             Length             Attributes
rom              0x00000000         0x00040000         xr
ram              0x20000000         0x00008000         xrw
*default*        0x00000000         0xffffffff

Linker script and memory map

LOAD c:/program files (x86)/atmel/studio/7.0/toolchain/arm/arm-gnu-toolchain/bin/../lib/gcc/arm-none-eabi/5.3.1/armv6-m/crti.o
LOAD c:/program files (x86)/atmel/studio/7.0/toolchain/arm/arm-gnu-toolchain/bin/../lib/gcc/arm-none-eabi/5.3.1/armv6-m/crtbegin.o
LOAD c:/program files (x86)/atmel/studio/7.0/toolchain/arm/arm-gnu-toolchain/bin/../lib/gcc/arm-none-eabi/5.3.1/../../../../arm-none-eabi/lib/armv6-m/crt0.o
LOAD cmsis/src/startup_samd21.o
LOAD cmsis/src/syscalls.o
LOAD cmsis/src/system_samd21_48MHz.o
LOAD iutNantes/src/adc.o
LOAD iutNantes/src/dac.o
LOAD iutNantes/src/eic.o
LOAD iutNantes/src/oled.o
LOAD iutNantes/src/pinAccess.o
LOAD iutNantes/src/pinMux.o
LOAD iutNantes/src/redirectPrintf.o
LOAD iutNantes/src/serial.o
LOAD iutNantes/src/timer.o
LOAD TP-info2.o
LOAD userLibraries/src/display.o
LOAD userLibraries/src/fft.o
LOAD userLibraries/src/fftDescribe.o
LOAD userLibraries/src/freq.o
LOAD userLibraries/src/instruments.o
LOAD userLibraries/src/note.o
LOAD userLibraries/src/user_init.o
START GROUP
LOAD c:/program files (x86)/atmel/studio/7.0/toolchain/arm/arm-gnu-toolchain/bin/../lib/gcc/arm-none-eabi/5.3.1/../../../../arm-none-eabi/lib/armv6-m\libm.a
END GROUP
START GROUP
LOAD c:/program files (x86)/atmel/studio/7.0/toolchain/arm/arm-gnu-toolchain/bin/../lib/gcc/arm-none-eabi/5.3.1/armv6-m\libgcc.a
LOAD c:/program files (x86)/atmel/studio/7.0/toolchain/arm/arm-gnu-toolchain/bin/../lib/gcc/arm-none-eabi/5.3.1/../../../../arm-none-eabi/lib/armv6-m\libc.a
END GROUP
START GROUP
LOAD c:/program files (x86)/atmel/studio/7.0/toolchain/arm/arm-gnu-toolchain/bin/../lib/gcc/arm-none-eabi/5.3.1/armv6-m\libgcc.a
LOAD c:/program files (x86)/atmel/studio/7.0/toolchain/arm/arm-gnu-toolchain/bin/../lib/gcc/arm-none-eabi/5.3.1/../../../../arm-none-eabi/lib/armv6-m\libc.a
LOAD c:/program files (x86)/atmel/studio/7.0/toolchain/arm/arm-gnu-toolchain/bin/../lib/gcc/arm-none-eabi/5.3.1/../../../../arm-none-eabi/lib/armv6-m\libnosys.a
END GROUP
LOAD c:/program files (x86)/atmel/studio/7.0/toolchain/arm/arm-gnu-toolchain/bin/../lib/gcc/arm-none-eabi/5.3.1/armv6-m/crtend.o
LOAD c:/program files (x86)/atmel/studio/7.0/toolchain/arm/arm-gnu-toolchain/bin/../lib/gcc/arm-none-eabi/5.3.1/armv6-m/crtn.o
                0x00002000                STACK_SIZE = DEFINED (STACK_SIZE)?STACK_SIZE:DEFINED (__stack_size__)?__stack_size__:0x2000

.text           0x00000000     0xd530
                0x00000000                . = ALIGN (0x4)
                0x00000000                _sfixed = .
 *(.vectors .vectors.*)
 .vectors       0x00000000       0xb4 cmsis/src/startup_samd21.o
                0x00000000                exception_table
 *(.text .text.* .gnu.linkonce.t.*)
 .text          0x000000b4       0x60 c:/program files (x86)/atmel/studio/7.0/toolchain/arm/arm-gnu-toolchain/bin/../lib/gcc/arm-none-eabi/5.3.1/armv6-m/crtbegin.o
 .text.Reset_Handler
                0x00000114       0x84 cmsis/src/startup_samd21.o
                0x00000114                Reset_Handler
 .text.Dummy_Handler
                0x00000198        0x8 cmsis/src/startup_samd21.o
                0x00000198                DMAC_Handler
                0x00000198                HardFault_Handler
                0x00000198                AC_Handler
                0x00000198                SysTick_Handler
                0x00000198                PendSV_Handler
                0x00000198                NMI_Handler
                0x00000198                TC7_Handler
                0x00000198                SERCOM1_Handler
                0x00000198                ADC_Handler
                0x00000198                TCC1_Handler
                0x00000198                SERCOM2_Handler
                0x00000198                TCC0_Handler
                0x00000198                RTC_Handler
                0x00000198                TC6_Handler
                0x00000198                WDT_Handler
                0x00000198                USB_Handler
                0x00000198                Dummy_Handler
                0x00000198                PM_Handler
                0x00000198                SERCOM5_Handler
                0x00000198                SVC_Handler
                0x00000198                TCC2_Handler
                0x00000198                EVSYS_Handler
                0x00000198                SERCOM3_Handler
                0x00000198                SERCOM4_Handler
                0x00000198                I2S_Handler
                0x00000198                NVMCTRL_Handler
                0x00000198                SERCOM0_Handler
                0x00000198                DAC_Handler
                0x00000198                PTC_Handler
                0x00000198                TC5_Handler
                0x00000198                SYSCTRL_Handler
 .text._sbrk    0x000001a0       0x3c cmsis/src/syscalls.o
                0x000001a0                _sbrk
 .text._close   0x000001dc       0x14 cmsis/src/syscalls.o
                0x000001dc                _close
 .text._fstat   0x000001f0       0x1c cmsis/src/syscalls.o
                0x000001f0                _fstat
 .text._isatty  0x0000020c       0x14 cmsis/src/syscalls.o
                0x0000020c                _isatty
 .text._lseek   0x00000220       0x18 cmsis/src/syscalls.o
                0x00000220                _lseek
 .text.SystemInit
                0x00000238      0x1e0 cmsis/src/system_samd21_48MHz.o
                0x00000238                SystemInit
 .text.ADCInit  0x00000418       0x9c iutNantes/src/adc.o
                0x00000418                ADCInit
 .text.ADCRead  0x000004b4       0x5c iutNantes/src/adc.o
                0x000004b4                ADCRead
 .text.ssd1306_set_page_address
                0x00000510       0x38 iutNantes/src/oled.o
 .text.ssd1306_set_column_address
                0x00000548       0x48 iutNantes/src/oled.o
 .text.ssd1306_set_display_start_line_address
                0x00000590       0x34 iutNantes/src/oled.o
 .text.ssd1306_display_on
                0x000005c4       0x14 iutNantes/src/oled.o
 .text.ssd1306_set_contrast
                0x000005d8       0x2c iutNantes/src/oled.o
 .text.ssd1306_display_invert_disable
                0x00000604       0x14 iutNantes/src/oled.o
 .text.OLEDInit
                0x00000618       0x70 iutNantes/src/oled.o
                0x00000618                OLEDInit
 .text.OLEDSetLine
                0x00000688       0x30 iutNantes/src/oled.o
                0x00000688                OLEDSetLine
 .text.OLEDPrintChar
                0x000006b8       0xa0 iutNantes/src/oled.o
                0x000006b8                OLEDPrintChar
 .text.OLEDClear
                0x00000758       0x5c iutNantes/src/oled.o
                0x00000758                OLEDClear
 .text.OLEDClearLine
                0x000007b4       0x50 iutNantes/src/oled.o
                0x000007b4                OLEDClearLine
 .text.oledWait10us
                0x00000804       0x28 iutNantes/src/oled.o
                0x00000804                oledWait10us
 .text.ssd1306_hard_reset
                0x0000082c       0x3c iutNantes/src/oled.o
                0x0000082c                ssd1306_hard_reset
 .text.OLEDSpiInit
                0x00000868       0x9c iutNantes/src/oled.o
                0x00000868                OLEDSpiInit
 .text.ssd1306_write_first_command
                0x00000904       0x30 iutNantes/src/oled.o
                0x00000904                ssd1306_write_first_command
 .text.ssd1306_write_command
                0x00000934       0x40 iutNantes/src/oled.o
                0x00000934                ssd1306_write_command
 .text.ssd1306_write_data
                0x00000974       0x40 iutNantes/src/oled.o
                0x00000974                ssd1306_write_data
 .text.ssd1306_init
                0x000009b4       0xb8 iutNantes/src/oled.o
                0x000009b4                ssd1306_init
 .text.gfx_mono_set_framebuffer
                0x00000a6c       0x1c iutNantes/src/oled.o
                0x00000a6c                gfx_mono_set_framebuffer
 .text.gfx_mono_framebuffer_put_page
                0x00000a88       0x68 iutNantes/src/oled.o
                0x00000a88                gfx_mono_framebuffer_put_page
 .text.gfx_mono_framebuffer_put_byte
                0x00000af0       0x44 iutNantes/src/oled.o
                0x00000af0                gfx_mono_framebuffer_put_byte
 .text.gfx_mono_framebuffer_get_byte
                0x00000b34       0x34 iutNantes/src/oled.o
                0x00000b34                gfx_mono_framebuffer_get_byte
 .text.gfx_mono_generic_draw_horizontal_line
                0x00000b68      0x1cc iutNantes/src/oled.o
                0x00000b68                gfx_mono_generic_draw_horizontal_line
 .text.gfx_mono_generic_draw_filled_rect
                0x00000d34       0x6c iutNantes/src/oled.o
                0x00000d34                gfx_mono_generic_draw_filled_rect
 .text.gfx_mono_generic_put_bitmap
                0x00000da0      0x148 iutNantes/src/oled.o
                0x00000da0                gfx_mono_generic_put_bitmap
 .text.gfx_mono_draw_char_progmem
                0x00000ee8      0x178 iutNantes/src/oled.o
 .text.gfx_mono_draw_char
                0x00001060       0x68 iutNantes/src/oled.o
                0x00001060                gfx_mono_draw_char
 .text.gfx_mono_draw_string
                0x000010c8       0xb4 iutNantes/src/oled.o
                0x000010c8                gfx_mono_draw_string
 .text.gfx_mono_ssd1306_init
                0x0000117c       0x7c iutNantes/src/oled.o
                0x0000117c                gfx_mono_ssd1306_init
 .text.gfx_mono_ssd1306_draw_pixel
                0x000011f8       0xf4 iutNantes/src/oled.o
                0x000011f8                gfx_mono_ssd1306_draw_pixel
 .text.gfx_mono_ssd1306_put_page
                0x000012ec       0x80 iutNantes/src/oled.o
                0x000012ec                gfx_mono_ssd1306_put_page
 .text.gfx_mono_ssd1306_put_byte
                0x0000136c       0x98 iutNantes/src/oled.o
                0x0000136c                gfx_mono_ssd1306_put_byte
 .text.gfx_mono_ssd1306_get_byte
                0x00001404       0x30 iutNantes/src/oled.o
                0x00001404                gfx_mono_ssd1306_get_byte
 .text.pinMode  0x00001434      0x1a0 iutNantes/src/pinAccess.o
                0x00001434                pinMode
 .text.digitalWrite
                0x000015d4       0x70 iutNantes/src/pinAccess.o
                0x000015d4                digitalWrite
 .text.pinMux   0x00001644       0xfc iutNantes/src/pinMux.o
                0x00001644                pinMux
 .text.redirectPrintf
                0x00001740       0x24 iutNantes/src/redirectPrintf.o
                0x00001740                redirectPrintf
 .text._write   0x00001764       0x88 iutNantes/src/redirectPrintf.o
                0x00001764                _write
 .text.SERIALPutchar
                0x000017ec       0x58 iutNantes/src/serial.o
                0x000017ec                SERIALPutchar
 .text.TCinitClock
                0x00001844       0x6c iutNantes/src/timer.o
                0x00001844                TCinitClock
 .text.lengthfloatSingleArray
                0x000018b0       0x14 TP-info2.o
                0x000018b0                lengthfloatSingleArray
 .text.reallocfloatSingleArray
                0x000018c4       0x4c TP-info2.o
                0x000018c4                reallocfloatSingleArray
 .text.main     0x00001910      0x140 TP-info2.o
                0x00001910                main
 .text.displayTitle
                0x00001a50       0x2c userLibraries/src/display.o
                0x00001a50                displayTitle
 .text.noteToString
                0x00001a7c      0x150 userLibraries/src/display.o
                0x00001a7c                noteToString
 .text.displayNote
                0x00001bcc      0x108 userLibraries/src/display.o
                0x00001bcc                displayNote
 .text.displayFrequence
                0x00001cd4       0x48 userLibraries/src/display.o
                0x00001cd4                displayFrequence
 .text.displayDegre
                0x00001d1c       0x40 userLibraries/src/display.o
                0x00001d1c                displayDegre
 .text.diplayLedIndicator
                0x00001d5c       0x8c userLibraries/src/display.o
                0x00001d5c                diplayLedIndicator
 .text.NVIC_EnableIRQ
                0x00001de8       0x2c userLibraries/src/fft.o
 .text.NVIC_SetPriority
                0x00001e14       0xdc userLibraries/src/fft.o
 .text.fft      0x00001ef0      0x40c userLibraries/src/fft.o
                0x00001ef0                fft
 .text.adcFFTInit
                0x000022fc       0x88 userLibraries/src/fft.o
                0x000022fc                adcFFTInit
 .text.FFTInit  0x00002384       0xf0 userLibraries/src/fft.o
                0x00002384                FFTInit
 .text.TC3_Handler
                0x00002474       0xb8 userLibraries/src/fft.o
                0x00002474                TC3_Handler
 .text.TC4_Handler
                0x0000252c       0x5c userLibraries/src/fft.o
                0x0000252c                TC4_Handler
 .text.getTabsFFT
                0x00002588       0xa4 userLibraries/src/fft.o
                0x00002588                getTabsFFT
 .text.complexLinearToComplexExponential
                0x0000262c      0x194 userLibraries/src/fftDescribe.o
                0x0000262c                complexLinearToComplexExponential
 .text.NVIC_EnableIRQ
                0x000027c0       0x2c userLibraries/src/freq.o
 .text.NVIC_DisableIRQ
                0x000027ec       0x30 userLibraries/src/freq.o
 .text.EIC_Handler
                0x0000281c       0xe0 userLibraries/src/freq.o
                0x0000281c                EIC_Handler
 .text.arrondi  0x000028fc       0x3c userLibraries/src/note.o
                0x000028fc                arrondi
 .text.noteSolver
                0x00002938      0x134 userLibraries/src/note.o
                0x00002938                noteSolver
 .text.degreSolver
                0x00002a6c      0x168 userLibraries/src/note.o
                0x00002a6c                degreSolver
 .text.getFreqNote
                0x00002bd4      0x3a8 userLibraries/src/note.o
                0x00002bd4                getFreqNote
 .text.accorder
                0x00002f7c       0xbc userLibraries/src/note.o
                0x00002f7c                accorder
 .text.calculAbsError
                0x00003038       0x48 userLibraries/src/note.o
                0x00003038                calculAbsError
 .text.setup    0x00003080       0x48 userLibraries/src/user_init.o
                0x00003080                setup
 .text.atan     0x000030c8      0x33c c:/program files (x86)/atmel/studio/7.0/toolchain/arm/arm-gnu-toolchain/bin/../lib/gcc/arm-none-eabi/5.3.1/../../../../arm-none-eabi/lib/armv6-m\libm.a(lib_a-s_atan.o)
                0x000030c8                atan
 .text.fabs     0x00003404        0x8 c:/program files (x86)/atmel/studio/7.0/toolchain/arm/arm-gnu-toolchain/bin/../lib/gcc/arm-none-eabi/5.3.1/../../../../arm-none-eabi/lib/armv6-m\libm.a(lib_a-s_fabs.o)
                0x00003404                fabs
 .text.floor    0x0000340c      0x130 c:/program files (x86)/atmel/studio/7.0/toolchain/arm/arm-gnu-toolchain/bin/../lib/gcc/arm-none-eabi/5.3.1/../../../../arm-none-eabi/lib/armv6-m\libm.a(lib_a-s_floor.o)
                0x0000340c                floor
 .text.log10    0x0000353c      0x118 c:/program files (x86)/atmel/studio/7.0/toolchain/arm/arm-gnu-toolchain/bin/../lib/gcc/arm-none-eabi/5.3.1/../../../../arm-none-eabi/lib/armv6-m\libm.a(lib_a-w_log10.o)
                0x0000353c                log10
 .text.pow      0x00003654      0x378 c:/program files (x86)/atmel/studio/7.0/toolchain/arm/arm-gnu-toolchain/bin/../lib/gcc/arm-none-eabi/5.3.1/../../../../arm-none-eabi/lib/armv6-m\libm.a(lib_a-w_pow.o)
                0x00003654                pow
 .text.sqrt     0x000039cc       0xc0 c:/program files (x86)/atmel/studio/7.0/toolchain/arm/arm-gnu-toolchain/bin/../lib/gcc/arm-none-eabi/5.3.1/../../../../arm-none-eabi/lib/armv6-m\libm.a(lib_a-w_sqrt.o)
                0x000039cc                sqrt
 .text.__ieee754_log10
                0x00003a8c      0x128 c:/program files (x86)/atmel/studio/7.0/toolchain/arm/arm-gnu-toolchain/bin/../lib/gcc/arm-none-eabi/5.3.1/../../../../arm-none-eabi/lib/armv6-m\libm.a(lib_a-e_log10.o)
                0x00003a8c                __ieee754_log10
 .text.__ieee754_pow
                0x00003bb4      0xa6c c:/program files (x86)/atmel/studio/7.0/toolchain/arm/arm-gnu-toolchain/bin/../lib/gcc/arm-none-eabi/5.3.1/../../../../arm-none-eabi/lib/armv6-m\libm.a(lib_a-e_pow.o)
                0x00003bb4                __ieee754_pow
 .text.__ieee754_sqrt
                0x00004620      0x1ec c:/program files (x86)/atmel/studio/7.0/toolchain/arm/arm-gnu-toolchain/bin/../lib/gcc/arm-none-eabi/5.3.1/../../../../arm-none-eabi/lib/armv6-m\libm.a(lib_a-e_sqrt.o)
                0x00004620                __ieee754_sqrt
 .text.finite   0x0000480c       0x14 c:/program files (x86)/atmel/studio/7.0/toolchain/arm/arm-gnu-toolchain/bin/../lib/gcc/arm-none-eabi/5.3.1/../../../../arm-none-eabi/lib/armv6-m\libm.a(lib_a-s_finite.o)
                0x0000480c                finite
 .text.matherr  0x00004820        0x4 c:/program files (x86)/atmel/studio/7.0/toolchain/arm/arm-gnu-toolchain/bin/../lib/gcc/arm-none-eabi/5.3.1/../../../../arm-none-eabi/lib/armv6-m\libm.a(lib_a-s_matherr.o)
                0x00004820                matherr
 .text.nan      0x00004824        0xc c:/program files (x86)/atmel/studio/7.0/toolchain/arm/arm-gnu-toolchain/bin/../lib/gcc/arm-none-eabi/5.3.1/../../../../arm-none-eabi/lib/armv6-m\libm.a(lib_a-s_nan.o)
                0x00004824                nan
 .text.rint     0x00004830      0x144 c:/program files (x86)/atmel/studio/7.0/toolchain/arm/arm-gnu-toolchain/bin/../lib/gcc/arm-none-eabi/5.3.1/../../../../arm-none-eabi/lib/armv6-m\libm.a(lib_a-s_rint.o)
                0x00004830                rint
 .text.scalbn   0x00004974       0xd0 c:/program files (x86)/atmel/studio/7.0/toolchain/arm/arm-gnu-toolchain/bin/../lib/gcc/arm-none-eabi/5.3.1/../../../../arm-none-eabi/lib/armv6-m\libm.a(lib_a-s_scalbn.o)
                0x00004974                scalbn
 .text.__ieee754_log
                0x00004a44      0x404 c:/program files (x86)/atmel/studio/7.0/toolchain/arm/arm-gnu-toolchain/bin/../lib/gcc/arm-none-eabi/5.3.1/../../../../arm-none-eabi/lib/armv6-m\libm.a(lib_a-e_log.o)
                0x00004a44                __ieee754_log
 .text.copysign
                0x00004e48       0x10 c:/program files (x86)/atmel/studio/7.0/toolchain/arm/arm-gnu-toolchain/bin/../lib/gcc/arm-none-eabi/5.3.1/../../../../arm-none-eabi/lib/armv6-m\libm.a(lib_a-s_copysign.o)
                0x00004e48                copysign
 .text          0x00004e58      0x114 c:/program files (x86)/atmel/studio/7.0/toolchain/arm/arm-gnu-toolchain/bin/../lib/gcc/arm-none-eabi/5.3.1/armv6-m\libgcc.a(_udivsi3.o)
                0x00004e58                __aeabi_uidiv
                0x00004e58                __udivsi3
                0x00004f64                __aeabi_uidivmod
 .text          0x00004f6c      0x1d4 c:/program files (x86)/atmel/studio/7.0/toolchain/arm/arm-gnu-toolchain/bin/../lib/gcc/arm-none-eabi/5.3.1/armv6-m\libgcc.a(_divsi3.o)
                0x00004f6c                __divsi3
                0x00004f6c                __aeabi_idiv
                0x00005138                __aeabi_idivmod
 .text          0x00005140        0x4 c:/program files (x86)/atmel/studio/7.0/toolchain/arm/arm-gnu-toolchain/bin/../lib/gcc/arm-none-eabi/5.3.1/armv6-m\libgcc.a(_dvmd_tls.o)
                0x00005140                __aeabi_idiv0
                0x00005140                __aeabi_ldiv0
 .text          0x00005144       0x7c c:/program files (x86)/atmel/studio/7.0/toolchain/arm/arm-gnu-toolchain/bin/../lib/gcc/arm-none-eabi/5.3.1/armv6-m\libgcc.a(_arm_cmpdf2.o)
                0x00005144                __aeabi_cdrcmple
                0x00005154                __aeabi_cdcmple
                0x00005154                __aeabi_cdcmpeq
                0x00005164                __aeabi_dcmpeq
                0x00005170                __aeabi_dcmplt
                0x00005184                __aeabi_dcmple
                0x00005198                __aeabi_dcmpgt
                0x000051ac                __aeabi_dcmpge
 .text          0x000051c0       0x74 c:/program files (x86)/atmel/studio/7.0/toolchain/arm/arm-gnu-toolchain/bin/../lib/gcc/arm-none-eabi/5.3.1/armv6-m\libgcc.a(_arm_cmpsf2.o)
                0x000051c0                __aeabi_cfrcmple
                0x000051c8                __aeabi_cfcmpeq
                0x000051c8                __aeabi_cfcmple
                0x000051d8                __aeabi_fcmpeq
                0x000051e4                __aeabi_fcmplt
                0x000051f8                __aeabi_fcmple
                0x0000520c                __aeabi_fcmpgt
                0x00005220                __aeabi_fcmpge
 .text          0x00005234       0x3c c:/program files (x86)/atmel/studio/7.0/toolchain/arm/arm-gnu-toolchain/bin/../lib/gcc/arm-none-eabi/5.3.1/armv6-m\libgcc.a(_fixunsdfsi.o)
                0x00005234                __aeabi_d2uiz
                0x00005234                __fixunsdfsi
 .text          0x00005270      0x2ec c:/program files (x86)/atmel/studio/7.0/toolchain/arm/arm-gnu-toolchain/bin/../lib/gcc/arm-none-eabi/5.3.1/armv6-m\libgcc.a(addsf3.o)
                0x00005270                __aeabi_fadd
 .text          0x0000555c      0x234 c:/program files (x86)/atmel/studio/7.0/toolchain/arm/arm-gnu-toolchain/bin/../lib/gcc/arm-none-eabi/5.3.1/armv6-m\libgcc.a(divsf3.o)
                0x0000555c                __aeabi_fdiv
 .text          0x00005790       0x50 c:/program files (x86)/atmel/studio/7.0/toolchain/arm/arm-gnu-toolchain/bin/../lib/gcc/arm-none-eabi/5.3.1/armv6-m\libgcc.a(eqsf2.o)
                0x00005790                __eqsf2
                0x00005790                __nesf2
 .text          0x000057e0       0x88 c:/program files (x86)/atmel/studio/7.0/toolchain/arm/arm-gnu-toolchain/bin/../lib/gcc/arm-none-eabi/5.3.1/armv6-m\libgcc.a(gesf2.o)
                0x000057e0                __gesf2
                0x000057e0                __gtsf2
 .text          0x00005868       0x88 c:/program files (x86)/atmel/studio/7.0/toolchain/arm/arm-gnu-toolchain/bin/../lib/gcc/arm-none-eabi/5.3.1/armv6-m\libgcc.a(lesf2.o)
                0x00005868                __ltsf2
                0x00005868                __lesf2
 .text          0x000058f0      0x228 c:/program files (x86)/atmel/studio/7.0/toolchain/arm/arm-gnu-toolchain/bin/../lib/gcc/arm-none-eabi/5.3.1/armv6-m\libgcc.a(mulsf3.o)
                0x000058f0                __aeabi_fmul
 .text          0x00005b18      0x30c c:/program files (x86)/atmel/studio/7.0/toolchain/arm/arm-gnu-toolchain/bin/../lib/gcc/arm-none-eabi/5.3.1/armv6-m\libgcc.a(subsf3.o)
                0x00005b18                __aeabi_fsub
 .text          0x00005e24       0x90 c:/program files (x86)/atmel/studio/7.0/toolchain/arm/arm-gnu-toolchain/bin/../lib/gcc/arm-none-eabi/5.3.1/armv6-m\libgcc.a(floatsisf.o)
                0x00005e24                __aeabi_i2f
 .text          0x00005eb4      0x658 c:/program files (x86)/atmel/studio/7.0/toolchain/arm/arm-gnu-toolchain/bin/../lib/gcc/arm-none-eabi/5.3.1/armv6-m\libgcc.a(adddf3.o)
                0x00005eb4                __aeabi_dadd
 .text          0x0000650c      0x62c c:/program files (x86)/atmel/studio/7.0/toolchain/arm/arm-gnu-toolchain/bin/../lib/gcc/arm-none-eabi/5.3.1/armv6-m\libgcc.a(divdf3.o)
                0x0000650c                __aeabi_ddiv
 .text          0x00006b38       0x80 c:/program files (x86)/atmel/studio/7.0/toolchain/arm/arm-gnu-toolchain/bin/../lib/gcc/arm-none-eabi/5.3.1/armv6-m\libgcc.a(eqdf2.o)
                0x00006b38                __nedf2
                0x00006b38                __eqdf2
 .text          0x00006bb8       0xc8 c:/program files (x86)/atmel/studio/7.0/toolchain/arm/arm-gnu-toolchain/bin/../lib/gcc/arm-none-eabi/5.3.1/armv6-m\libgcc.a(gedf2.o)
                0x00006bb8                __gedf2
                0x00006bb8                __gtdf2
 .text          0x00006c80       0xd4 c:/program files (x86)/atmel/studio/7.0/toolchain/arm/arm-gnu-toolchain/bin/../lib/gcc/arm-none-eabi/5.3.1/armv6-m\libgcc.a(ledf2.o)
                0x00006c80                __ledf2
                0x00006c80                __ltdf2
 .text          0x00006d54      0x4f4 c:/program files (x86)/atmel/studio/7.0/toolchain/arm/arm-gnu-toolchain/bin/../lib/gcc/arm-none-eabi/5.3.1/armv6-m\libgcc.a(muldf3.o)
                0x00006d54                __aeabi_dmul
 .text          0x00007248      0x6a8 c:/program files (x86)/atmel/studio/7.0/toolchain/arm/arm-gnu-toolchain/bin/../lib/gcc/arm-none-eabi/5.3.1/armv6-m\libgcc.a(subdf3.o)
                0x00007248                __aeabi_dsub
 .text          0x000078f0       0x40 c:/program files (x86)/atmel/studio/7.0/toolchain/arm/arm-gnu-toolchain/bin/../lib/gcc/arm-none-eabi/5.3.1/armv6-m\libgcc.a(unorddf2.o)
                0x000078f0                __aeabi_dcmpun
 .text          0x00007930       0x6c c:/program files (x86)/atmel/studio/7.0/toolchain/arm/arm-gnu-toolchain/bin/../lib/gcc/arm-none-eabi/5.3.1/armv6-m\libgcc.a(fixdfsi.o)
                0x00007930                __aeabi_d2iz
 .text          0x0000799c       0x84 c:/program files (x86)/atmel/studio/7.0/toolchain/arm/arm-gnu-toolchain/bin/../lib/gcc/arm-none-eabi/5.3.1/armv6-m\libgcc.a(floatsidf.o)
                0x0000799c                __aeabi_i2d
 .text          0x00007a20       0xa8 c:/program files (x86)/atmel/studio/7.0/toolchain/arm/arm-gnu-toolchain/bin/../lib/gcc/arm-none-eabi/5.3.1/armv6-m\libgcc.a(extendsfdf2.o)
                0x00007a20                __aeabi_f2d
 .text          0x00007ac8      0x118 c:/program files (x86)/atmel/studio/7.0/toolchain/arm/arm-gnu-toolchain/bin/../lib/gcc/arm-none-eabi/5.3.1/armv6-m\libgcc.a(truncdfsf2.o)
                0x00007ac8                __aeabi_d2f
 .text          0x00007be0       0x3c c:/program files (x86)/atmel/studio/7.0/toolchain/arm/arm-gnu-toolchain/bin/../lib/gcc/arm-none-eabi/5.3.1/armv6-m\libgcc.a(_clzsi2.o)
                0x00007be0                __clzsi2
 .text.__errno  0x00007c1c        0xc c:/program files (x86)/atmel/studio/7.0/toolchain/arm/arm-gnu-toolchain/bin/../lib/gcc/arm-none-eabi/5.3.1/../../../../arm-none-eabi/lib/armv6-m\libc.a(lib_a-errno.o)
                0x00007c1c                __errno
 .text.__libc_init_array
                0x00007c28       0x48 c:/program files (x86)/atmel/studio/7.0/toolchain/arm/arm-gnu-toolchain/bin/../lib/gcc/arm-none-eabi/5.3.1/../../../../arm-none-eabi/lib/armv6-m\libc.a(lib_a-init.o)
                0x00007c28                __libc_init_array
 .text.malloc   0x00007c70       0x14 c:/program files (x86)/atmel/studio/7.0/toolchain/arm/arm-gnu-toolchain/bin/../lib/gcc/arm-none-eabi/5.3.1/../../../../arm-none-eabi/lib/armv6-m\libc.a(lib_a-malloc.o)
                0x00007c70                malloc
 .text.free     0x00007c84       0x14 c:/program files (x86)/atmel/studio/7.0/toolchain/arm/arm-gnu-toolchain/bin/../lib/gcc/arm-none-eabi/5.3.1/../../../../arm-none-eabi/lib/armv6-m\libc.a(lib_a-malloc.o)
                0x00007c84                free
 .text._malloc_r
                0x00007c98      0x554 c:/program files (x86)/atmel/studio/7.0/toolchain/arm/arm-gnu-toolchain/bin/../lib/gcc/arm-none-eabi/5.3.1/../../../../arm-none-eabi/lib/armv6-m\libc.a(lib_a-mallocr.o)
                0x00007c98                _malloc_r
 .text.memcpy   0x000081ec       0x7c c:/program files (x86)/atmel/studio/7.0/toolchain/arm/arm-gnu-toolchain/bin/../lib/gcc/arm-none-eabi/5.3.1/../../../../arm-none-eabi/lib/armv6-m\libc.a(lib_a-memcpy-stub.o)
                0x000081ec                memcpy
 .text.memset   0x00008268       0x8c c:/program files (x86)/atmel/studio/7.0/toolchain/arm/arm-gnu-toolchain/bin/../lib/gcc/arm-none-eabi/5.3.1/../../../../arm-none-eabi/lib/armv6-m\libc.a(lib_a-memset.o)
                0x00008268                memset
 .text.__malloc_lock
                0x000082f4        0x4 c:/program files (x86)/atmel/studio/7.0/toolchain/arm/arm-gnu-toolchain/bin/../lib/gcc/arm-none-eabi/5.3.1/../../../../arm-none-eabi/lib/armv6-m\libc.a(lib_a-mlock.o)
                0x000082f4                __malloc_lock
 .text.__malloc_unlock
                0x000082f8        0x4 c:/program files (x86)/atmel/studio/7.0/toolchain/arm/arm-gnu-toolchain/bin/../lib/gcc/arm-none-eabi/5.3.1/../../../../arm-none-eabi/lib/armv6-m\libc.a(lib_a-mlock.o)
                0x000082f8                __malloc_unlock
 .text.printf   0x000082fc       0x24 c:/program files (x86)/atmel/studio/7.0/toolchain/arm/arm-gnu-toolchain/bin/../lib/gcc/arm-none-eabi/5.3.1/../../../../arm-none-eabi/lib/armv6-m\libc.a(lib_a-printf.o)
                0x000082fc                printf
 .text._puts_r  0x00008320       0x70 c:/program files (x86)/atmel/studio/7.0/toolchain/arm/arm-gnu-toolchain/bin/../lib/gcc/arm-none-eabi/5.3.1/../../../../arm-none-eabi/lib/armv6-m\libc.a(lib_a-puts.o)
                0x00008320                _puts_r
 .text.puts     0x00008390       0x14 c:/program files (x86)/atmel/studio/7.0/toolchain/arm/arm-gnu-toolchain/bin/../lib/gcc/arm-none-eabi/5.3.1/../../../../arm-none-eabi/lib/armv6-m\libc.a(lib_a-puts.o)
                0x00008390                puts
 .text.realloc  0x000083a4       0x18 c:/program files (x86)/atmel/studio/7.0/toolchain/arm/arm-gnu-toolchain/bin/../lib/gcc/arm-none-eabi/5.3.1/../../../../arm-none-eabi/lib/armv6-m\libc.a(lib_a-realloc.o)
                0x000083a4                realloc
 .text._realloc_r
                0x000083bc      0x3dc c:/program files (x86)/atmel/studio/7.0/toolchain/arm/arm-gnu-toolchain/bin/../lib/gcc/arm-none-eabi/5.3.1/../../../../arm-none-eabi/lib/armv6-m\libc.a(lib_a-reallocr.o)
                0x000083bc                _realloc_r
 .text._sbrk_r  0x00008798       0x24 c:/program files (x86)/atmel/studio/7.0/toolchain/arm/arm-gnu-toolchain/bin/../lib/gcc/arm-none-eabi/5.3.1/../../../../arm-none-eabi/lib/armv6-m\libc.a(lib_a-sbrkr.o)
                0x00008798                _sbrk_r
 .text.strlen   0x000087bc       0x68 c:/program files (x86)/atmel/studio/7.0/toolchain/arm/arm-gnu-toolchain/bin/../lib/gcc/arm-none-eabi/5.3.1/../../../../arm-none-eabi/lib/armv6-m\libc.a(lib_a-strlen-stub.o)
                0x000087bc                strlen
 .text._vfprintf_r
                0x00008824     0x1828 c:/program files (x86)/atmel/studio/7.0/toolchain/arm/arm-gnu-toolchain/bin/../lib/gcc/arm-none-eabi/5.3.1/../../../../arm-none-eabi/lib/armv6-m\libc.a(lib_a-vfprintf.o)
                0x00008824                _vfprintf_r
 .text.__sbprintf
                0x0000a04c       0x74 c:/program files (x86)/atmel/studio/7.0/toolchain/arm/arm-gnu-toolchain/bin/../lib/gcc/arm-none-eabi/5.3.1/../../../../arm-none-eabi/lib/armv6-m\libc.a(lib_a-vfprintf.o)
 .text.__swsetup_r
                0x0000a0c0       0xd4 c:/program files (x86)/atmel/studio/7.0/toolchain/arm/arm-gnu-toolchain/bin/../lib/gcc/arm-none-eabi/5.3.1/../../../../arm-none-eabi/lib/armv6-m\libc.a(lib_a-wsetup.o)
                0x0000a0c0                __swsetup_r
 .text.startup.register_fini
                0x0000a194       0x18 c:/program files (x86)/atmel/studio/7.0/toolchain/arm/arm-gnu-toolchain/bin/../lib/gcc/arm-none-eabi/5.3.1/../../../../arm-none-eabi/lib/armv6-m\libc.a(lib_a-__call_atexit.o)
 .text.atexit   0x0000a1ac       0x10 c:/program files (x86)/atmel/studio/7.0/toolchain/arm/arm-gnu-toolchain/bin/../lib/gcc/arm-none-eabi/5.3.1/../../../../arm-none-eabi/lib/armv6-m\libc.a(lib_a-atexit.o)
                0x0000a1ac                atexit
 .text.quorem   0x0000a1bc      0x150 c:/program files (x86)/atmel/studio/7.0/toolchain/arm/arm-gnu-toolchain/bin/../lib/gcc/arm-none-eabi/5.3.1/../../../../arm-none-eabi/lib/armv6-m\libc.a(lib_a-dtoa.o)
 .text._dtoa_r  0x0000a30c      0xf54 c:/program files (x86)/atmel/studio/7.0/toolchain/arm/arm-gnu-toolchain/bin/../lib/gcc/arm-none-eabi/5.3.1/../../../../arm-none-eabi/lib/armv6-m\libc.a(lib_a-dtoa.o)
                0x0000a30c                _dtoa_r
 .text.__sflush_r
                0x0000b260      0x150 c:/program files (x86)/atmel/studio/7.0/toolchain/arm/arm-gnu-toolchain/bin/../lib/gcc/arm-none-eabi/5.3.1/../../../../arm-none-eabi/lib/armv6-m\libc.a(lib_a-fflush.o)
                0x0000b260                __sflush_r
 .text._fflush_r
                0x0000b3b0       0x2c c:/program files (x86)/atmel/studio/7.0/toolchain/arm/arm-gnu-toolchain/bin/../lib/gcc/arm-none-eabi/5.3.1/../../../../arm-none-eabi/lib/armv6-m\libc.a(lib_a-fflush.o)
                0x0000b3b0                _fflush_r
 .text._cleanup_r
                0x0000b3dc       0x10 c:/program files (x86)/atmel/studio/7.0/toolchain/arm/arm-gnu-toolchain/bin/../lib/gcc/arm-none-eabi/5.3.1/../../../../arm-none-eabi/lib/armv6-m\libc.a(lib_a-findfp.o)
                0x0000b3dc                _cleanup_r
 .text.__sinit.part.1
                0x0000b3ec       0xf0 c:/program files (x86)/atmel/studio/7.0/toolchain/arm/arm-gnu-toolchain/bin/../lib/gcc/arm-none-eabi/5.3.1/../../../../arm-none-eabi/lib/armv6-m\libc.a(lib_a-findfp.o)
 .text.__sinit  0x0000b4dc       0x10 c:/program files (x86)/atmel/studio/7.0/toolchain/arm/arm-gnu-toolchain/bin/../lib/gcc/arm-none-eabi/5.3.1/../../../../arm-none-eabi/lib/armv6-m\libc.a(lib_a-findfp.o)
                0x0000b4dc                __sinit
 .text.__sfp_lock_acquire
                0x0000b4ec        0x4 c:/program files (x86)/atmel/studio/7.0/toolchain/arm/arm-gnu-toolchain/bin/../lib/gcc/arm-none-eabi/5.3.1/../../../../arm-none-eabi/lib/armv6-m\libc.a(lib_a-findfp.o)
                0x0000b4ec                __sfp_lock_acquire
 .text.__sfp_lock_release
                0x0000b4f0        0x4 c:/program files (x86)/atmel/studio/7.0/toolchain/arm/arm-gnu-toolchain/bin/../lib/gcc/arm-none-eabi/5.3.1/../../../../arm-none-eabi/lib/armv6-m\libc.a(lib_a-findfp.o)
                0x0000b4f0                __sfp_lock_release
 .text.__libc_fini_array
                0x0000b4f4       0x34 c:/program files (x86)/atmel/studio/7.0/toolchain/arm/arm-gnu-toolchain/bin/../lib/gcc/arm-none-eabi/5.3.1/../../../../arm-none-eabi/lib/armv6-m\libc.a(lib_a-fini.o)
                0x0000b4f4                __libc_fini_array
 .text._malloc_trim_r
                0x0000b528       0xa0 c:/program files (x86)/atmel/studio/7.0/toolchain/arm/arm-gnu-toolchain/bin/../lib/gcc/arm-none-eabi/5.3.1/../../../../arm-none-eabi/lib/armv6-m\libc.a(lib_a-freer.o)
                0x0000b528                _malloc_trim_r
 .text._free_r  0x0000b5c8      0x1c4 c:/program files (x86)/atmel/studio/7.0/toolchain/arm/arm-gnu-toolchain/bin/../lib/gcc/arm-none-eabi/5.3.1/../../../../arm-none-eabi/lib/armv6-m\libc.a(lib_a-freer.o)
                0x0000b5c8                _free_r
 .text.__sfvwrite_r
                0x0000b78c      0x31c c:/program files (x86)/atmel/studio/7.0/toolchain/arm/arm-gnu-toolchain/bin/../lib/gcc/arm-none-eabi/5.3.1/../../../../arm-none-eabi/lib/armv6-m\libc.a(lib_a-fvwrite.o)
                0x0000b78c                __sfvwrite_r
 .text._fwalk_reent
                0x0000baa8       0x4c c:/program files (x86)/atmel/studio/7.0/toolchain/arm/arm-gnu-toolchain/bin/../lib/gcc/arm-none-eabi/5.3.1/../../../../arm-none-eabi/lib/armv6-m\libc.a(lib_a-fwalk.o)
                0x0000baa8                _fwalk_reent
 .text.__locale_charset
                0x0000baf4        0x8 c:/program files (x86)/atmel/studio/7.0/toolchain/arm/arm-gnu-toolchain/bin/../lib/gcc/arm-none-eabi/5.3.1/../../../../arm-none-eabi/lib/armv6-m\libc.a(lib_a-locale.o)
                0x0000baf4                __locale_charset
 .text.__locale_mb_cur_max
                0x0000bafc        0xc c:/program files (x86)/atmel/studio/7.0/toolchain/arm/arm-gnu-toolchain/bin/../lib/gcc/arm-none-eabi/5.3.1/../../../../arm-none-eabi/lib/armv6-m\libc.a(lib_a-locale.o)
                0x0000bafc                __locale_mb_cur_max
 .text._localeconv_r
                0x0000bb08        0x8 c:/program files (x86)/atmel/studio/7.0/toolchain/arm/arm-gnu-toolchain/bin/../lib/gcc/arm-none-eabi/5.3.1/../../../../arm-none-eabi/lib/armv6-m\libc.a(lib_a-locale.o)
                0x0000bb08                _localeconv_r
 .text.__swhatbuf_r
                0x0000bb10       0x60 c:/program files (x86)/atmel/studio/7.0/toolchain/arm/arm-gnu-toolchain/bin/../lib/gcc/arm-none-eabi/5.3.1/../../../../arm-none-eabi/lib/armv6-m\libc.a(lib_a-makebuf.o)
                0x0000bb10                __swhatbuf_r
 .text.__smakebuf_r
                0x0000bb70       0x88 c:/program files (x86)/atmel/studio/7.0/toolchain/arm/arm-gnu-toolchain/bin/../lib/gcc/arm-none-eabi/5.3.1/../../../../arm-none-eabi/lib/armv6-m\libc.a(lib_a-makebuf.o)
                0x0000bb70                __smakebuf_r
 .text.memchr   0x0000bbf8       0x90 c:/program files (x86)/atmel/studio/7.0/toolchain/arm/arm-gnu-toolchain/bin/../lib/gcc/arm-none-eabi/5.3.1/../../../../arm-none-eabi/lib/armv6-m\libc.a(lib_a-memchr-stub.o)
                0x0000bbf8                memchr
 .text.memmove  0x0000bc88       0x98 c:/program files (x86)/atmel/studio/7.0/toolchain/arm/arm-gnu-toolchain/bin/../lib/gcc/arm-none-eabi/5.3.1/../../../../arm-none-eabi/lib/armv6-m\libc.a(lib_a-memmove.o)
                0x0000bc88                memmove
 .text._Balloc  0x0000bd20       0x50 c:/program files (x86)/atmel/studio/7.0/toolchain/arm/arm-gnu-toolchain/bin/../lib/gcc/arm-none-eabi/5.3.1/../../../../arm-none-eabi/lib/armv6-m\libc.a(lib_a-mprec.o)
                0x0000bd20                _Balloc
 .text._Bfree   0x0000bd70       0x14 c:/program files (x86)/atmel/studio/7.0/toolchain/arm/arm-gnu-toolchain/bin/../lib/gcc/arm-none-eabi/5.3.1/../../../../arm-none-eabi/lib/armv6-m\libc.a(lib_a-mprec.o)
                0x0000bd70                _Bfree
 .text.__multadd
                0x0000bd84       0x8c c:/program files (x86)/atmel/studio/7.0/toolchain/arm/arm-gnu-toolchain/bin/../lib/gcc/arm-none-eabi/5.3.1/../../../../arm-none-eabi/lib/armv6-m\libc.a(lib_a-mprec.o)
                0x0000bd84                __multadd
 .text.__hi0bits
                0x0000be10       0x3c c:/program files (x86)/atmel/studio/7.0/toolchain/arm/arm-gnu-toolchain/bin/../lib/gcc/arm-none-eabi/5.3.1/../../../../arm-none-eabi/lib/armv6-m\libc.a(lib_a-mprec.o)
                0x0000be10                __hi0bits
 .text.__lo0bits
                0x0000be4c       0x5c c:/program files (x86)/atmel/studio/7.0/toolchain/arm/arm-gnu-toolchain/bin/../lib/gcc/arm-none-eabi/5.3.1/../../../../arm-none-eabi/lib/armv6-m\libc.a(lib_a-mprec.o)
                0x0000be4c                __lo0bits
 .text.__i2b    0x0000bea8       0x14 c:/program files (x86)/atmel/studio/7.0/toolchain/arm/arm-gnu-toolchain/bin/../lib/gcc/arm-none-eabi/5.3.1/../../../../arm-none-eabi/lib/armv6-m\libc.a(lib_a-mprec.o)
                0x0000bea8                __i2b
 .text.__multiply
                0x0000bebc      0x15c c:/program files (x86)/atmel/studio/7.0/toolchain/arm/arm-gnu-toolchain/bin/../lib/gcc/arm-none-eabi/5.3.1/../../../../arm-none-eabi/lib/armv6-m\libc.a(lib_a-mprec.o)
                0x0000bebc                __multiply
 .text.__pow5mult
                0x0000c018       0xbc c:/program files (x86)/atmel/studio/7.0/toolchain/arm/arm-gnu-toolchain/bin/../lib/gcc/arm-none-eabi/5.3.1/../../../../arm-none-eabi/lib/armv6-m\libc.a(lib_a-mprec.o)
                0x0000c018                __pow5mult
 .text.__lshift
                0x0000c0d4       0xc0 c:/program files (x86)/atmel/studio/7.0/toolchain/arm/arm-gnu-toolchain/bin/../lib/gcc/arm-none-eabi/5.3.1/../../../../arm-none-eabi/lib/armv6-m\libc.a(lib_a-mprec.o)
                0x0000c0d4                __lshift
 .text.__mcmp   0x0000c194       0x3c c:/program files (x86)/atmel/studio/7.0/toolchain/arm/arm-gnu-toolchain/bin/../lib/gcc/arm-none-eabi/5.3.1/../../../../arm-none-eabi/lib/armv6-m\libc.a(lib_a-mprec.o)
                0x0000c194                __mcmp
 .text.__mdiff  0x0000c1d0      0x11c c:/program files (x86)/atmel/studio/7.0/toolchain/arm/arm-gnu-toolchain/bin/../lib/gcc/arm-none-eabi/5.3.1/../../../../arm-none-eabi/lib/armv6-m\libc.a(lib_a-mprec.o)
                0x0000c1d0                __mdiff
 .text.__d2b    0x0000c2ec       0xbc c:/program files (x86)/atmel/studio/7.0/toolchain/arm/arm-gnu-toolchain/bin/../lib/gcc/arm-none-eabi/5.3.1/../../../../arm-none-eabi/lib/armv6-m\libc.a(lib_a-mprec.o)
                0x0000c2ec                __d2b
 .text.__sread  0x0000c3a8       0x28 c:/program files (x86)/atmel/studio/7.0/toolchain/arm/arm-gnu-toolchain/bin/../lib/gcc/arm-none-eabi/5.3.1/../../../../arm-none-eabi/lib/armv6-m\libc.a(lib_a-stdio.o)
                0x0000c3a8                __sread
 .text.__swrite
                0x0000c3d0       0x3c c:/program files (x86)/atmel/studio/7.0/toolchain/arm/arm-gnu-toolchain/bin/../lib/gcc/arm-none-eabi/5.3.1/../../../../arm-none-eabi/lib/armv6-m\libc.a(lib_a-stdio.o)
                0x0000c3d0                __swrite
 .text.__sseek  0x0000c40c       0x2c c:/program files (x86)/atmel/studio/7.0/toolchain/arm/arm-gnu-toolchain/bin/../lib/gcc/arm-none-eabi/5.3.1/../../../../arm-none-eabi/lib/armv6-m\libc.a(lib_a-stdio.o)
                0x0000c40c                __sseek
 .text.__sclose
                0x0000c438        0xc c:/program files (x86)/atmel/studio/7.0/toolchain/arm/arm-gnu-toolchain/bin/../lib/gcc/arm-none-eabi/5.3.1/../../../../arm-none-eabi/lib/armv6-m\libc.a(lib_a-stdio.o)
                0x0000c438                __sclose
 .text.__sprint_r.part.0
                0x0000c444       0x78 c:/program files (x86)/atmel/studio/7.0/toolchain/arm/arm-gnu-toolchain/bin/../lib/gcc/arm-none-eabi/5.3.1/../../../../arm-none-eabi/lib/armv6-m\libc.a(lib_a-vfiprintf.o)
 .text.__sprint_r
                0x0000c4bc       0x14 c:/program files (x86)/atmel/studio/7.0/toolchain/arm/arm-gnu-toolchain/bin/../lib/gcc/arm-none-eabi/5.3.1/../../../../arm-none-eabi/lib/armv6-m\libc.a(lib_a-vfiprintf.o)
                0x0000c4bc                __sprint_r
 .text._write_r
                0x0000c4d0       0x28 c:/program files (x86)/atmel/studio/7.0/toolchain/arm/arm-gnu-toolchain/bin/../lib/gcc/arm-none-eabi/5.3.1/../../../../arm-none-eabi/lib/armv6-m\libc.a(lib_a-writer.o)
                0x0000c4d0                _write_r
 .text.__register_exitproc
                0x0000c4f8       0xd4 c:/program files (x86)/atmel/studio/7.0/toolchain/arm/arm-gnu-toolchain/bin/../lib/gcc/arm-none-eabi/5.3.1/../../../../arm-none-eabi/lib/armv6-m\libc.a(lib_a-__atexit.o)
                0x0000c4f8                __register_exitproc
 .text._calloc_r
                0x0000c5cc       0x60 c:/program files (x86)/atmel/studio/7.0/toolchain/arm/arm-gnu-toolchain/bin/../lib/gcc/arm-none-eabi/5.3.1/../../../../arm-none-eabi/lib/armv6-m\libc.a(lib_a-callocr.o)
                0x0000c5cc                _calloc_r
 .text._close_r
                0x0000c62c       0x24 c:/program files (x86)/atmel/studio/7.0/toolchain/arm/arm-gnu-toolchain/bin/../lib/gcc/arm-none-eabi/5.3.1/../../../../arm-none-eabi/lib/armv6-m\libc.a(lib_a-closer.o)
                0x0000c62c                _close_r
 .text._fclose_r
                0x0000c650       0x8c c:/program files (x86)/atmel/studio/7.0/toolchain/arm/arm-gnu-toolchain/bin/../lib/gcc/arm-none-eabi/5.3.1/../../../../arm-none-eabi/lib/armv6-m\libc.a(lib_a-fclose.o)
                0x0000c650                _fclose_r
 .text.__fputwc
                0x0000c6dc       0x98 c:/program files (x86)/atmel/studio/7.0/toolchain/arm/arm-gnu-toolchain/bin/../lib/gcc/arm-none-eabi/5.3.1/../../../../arm-none-eabi/lib/armv6-m\libc.a(lib_a-fputwc.o)
                0x0000c6dc                __fputwc
 .text._fputwc_r
                0x0000c774       0x20 c:/program files (x86)/atmel/studio/7.0/toolchain/arm/arm-gnu-toolchain/bin/../lib/gcc/arm-none-eabi/5.3.1/../../../../arm-none-eabi/lib/armv6-m\libc.a(lib_a-fputwc.o)
                0x0000c774                _fputwc_r
 .text._fstat_r
                0x0000c794       0x28 c:/program files (x86)/atmel/studio/7.0/toolchain/arm/arm-gnu-toolchain/bin/../lib/gcc/arm-none-eabi/5.3.1/../../../../arm-none-eabi/lib/armv6-m\libc.a(lib_a-fstatr.o)
                0x0000c794                _fstat_r
 .text._isatty_r
                0x0000c7bc       0x24 c:/program files (x86)/atmel/studio/7.0/toolchain/arm/arm-gnu-toolchain/bin/../lib/gcc/arm-none-eabi/5.3.1/../../../../arm-none-eabi/lib/armv6-m\libc.a(lib_a-isattyr.o)
                0x0000c7bc                _isatty_r
 .text._lseek_r
                0x0000c7e0       0x28 c:/program files (x86)/atmel/studio/7.0/toolchain/arm/arm-gnu-toolchain/bin/../lib/gcc/arm-none-eabi/5.3.1/../../../../arm-none-eabi/lib/armv6-m\libc.a(lib_a-lseekr.o)
                0x0000c7e0                _lseek_r
 .text._read_r  0x0000c808       0x28 c:/program files (x86)/atmel/studio/7.0/toolchain/arm/arm-gnu-toolchain/bin/../lib/gcc/arm-none-eabi/5.3.1/../../../../arm-none-eabi/lib/armv6-m\libc.a(lib_a-readr.o)
                0x0000c808                _read_r
 .text.__swbuf_r
                0x0000c830       0xbc c:/program files (x86)/atmel/studio/7.0/toolchain/arm/arm-gnu-toolchain/bin/../lib/gcc/arm-none-eabi/5.3.1/../../../../arm-none-eabi/lib/armv6-m\libc.a(lib_a-wbuf.o)
                0x0000c830                __swbuf_r
 .text._wcrtomb_r
                0x0000c8ec       0x58 c:/program files (x86)/atmel/studio/7.0/toolchain/arm/arm-gnu-toolchain/bin/../lib/gcc/arm-none-eabi/5.3.1/../../../../arm-none-eabi/lib/armv6-m\libc.a(lib_a-wcrtomb.o)
                0x0000c8ec                _wcrtomb_r
 .text.__ascii_wctomb
                0x0000c944       0x1c c:/program files (x86)/atmel/studio/7.0/toolchain/arm/arm-gnu-toolchain/bin/../lib/gcc/arm-none-eabi/5.3.1/../../../../arm-none-eabi/lib/armv6-m\libc.a(lib_a-wctomb_r.o)
                0x0000c944                __ascii_wctomb
 .text          0x0000c960       0x40 c:/program files (x86)/atmel/studio/7.0/toolchain/arm/arm-gnu-toolchain/bin/../lib/gcc/arm-none-eabi/5.3.1/armv6-m\libgcc.a(_aeabi_uldivmod.o)
                0x0000c960                __aeabi_uldivmod
 .text          0x0000c9a0      0x180 c:/program files (x86)/atmel/studio/7.0/toolchain/arm/arm-gnu-toolchain/bin/../lib/gcc/arm-none-eabi/5.3.1/armv6-m\libgcc.a(_udivmoddi4.o)
                0x0000c9a0                __udivmoddi4
 .text          0x0000cb20       0x70 c:/program files (x86)/atmel/studio/7.0/toolchain/arm/arm-gnu-toolchain/bin/../lib/gcc/arm-none-eabi/5.3.1/armv6-m\libgcc.a(floatunsidf.o)
                0x0000cb20                __aeabi_ui2d
 .text          0x0000cb90       0x18 c:/program files (x86)/atmel/studio/7.0/toolchain/arm/arm-gnu-toolchain/bin/../lib/gcc/arm-none-eabi/5.3.1/armv6-m\libgcc.a(_clzdi2.o)
                0x0000cb90                __clzdi2
 .text._read    0x0000cba8       0x10 c:/program files (x86)/atmel/studio/7.0/toolchain/arm/arm-gnu-toolchain/bin/../lib/gcc/arm-none-eabi/5.3.1/../../../../arm-none-eabi/lib/armv6-m\libnosys.a(read.o)
                0x0000cba8                _read
 *(.glue_7t)
 .glue_7t       0x0000cbb8        0x0 linker stubs
 *(.glue_7)
 .glue_7        0x0000cbb8        0x0 linker stubs
 *(.rodata .rodata* .gnu.linkonce.r.*)
 .rodata        0x0000cbb8      0x33a iutNantes/src/oled.o
                0x0000cbd4                img
 *fill*         0x0000cef2        0x2 
 .rodata        0x0000cef4       0x14 iutNantes/src/pinAccess.o
 .rodata        0x0000cf08       0x20 iutNantes/src/timer.o
 .rodata        0x0000cf28      0x117 userLibraries/src/display.o
 *fill*         0x0000d03f        0x1 
 .rodata        0x0000d040       0x34 userLibraries/src/note.o
 *fill*         0x0000d074        0x4 
 .rodata.atanlo
                0x0000d078       0x20 c:/program files (x86)/atmel/studio/7.0/toolchain/arm/arm-gnu-toolchain/bin/../lib/gcc/arm-none-eabi/5.3.1/../../../../arm-none-eabi/lib/armv6-m\libm.a(lib_a-s_atan.o)
 .rodata.atanhi
                0x0000d098       0x20 c:/program files (x86)/atmel/studio/7.0/toolchain/arm/arm-gnu-toolchain/bin/../lib/gcc/arm-none-eabi/5.3.1/../../../../arm-none-eabi/lib/armv6-m\libm.a(lib_a-s_atan.o)
 .rodata.str1.4
                0x0000d0b8        0x6 c:/program files (x86)/atmel/studio/7.0/toolchain/arm/arm-gnu-toolchain/bin/../lib/gcc/arm-none-eabi/5.3.1/../../../../arm-none-eabi/lib/armv6-m\libm.a(lib_a-w_log10.o)
                                  0x9 (size before relaxing)
 *fill*         0x0000d0be        0x2 
 .rodata.str1.4
                0x0000d0c0        0x4 c:/program files (x86)/atmel/studio/7.0/toolchain/arm/arm-gnu-toolchain/bin/../lib/gcc/arm-none-eabi/5.3.1/../../../../arm-none-eabi/lib/armv6-m\libm.a(lib_a-w_pow.o)
 .rodata.str1.4
                0x0000d0c4        0x5 c:/program files (x86)/atmel/studio/7.0/toolchain/arm/arm-gnu-toolchain/bin/../lib/gcc/arm-none-eabi/5.3.1/../../../../arm-none-eabi/lib/armv6-m\libm.a(lib_a-w_sqrt.o)
 .rodata.str1.4
                0x0000d0c9        0x1 c:/program files (x86)/atmel/studio/7.0/toolchain/arm/arm-gnu-toolchain/bin/../lib/gcc/arm-none-eabi/5.3.1/../../../../arm-none-eabi/lib/armv6-m\libm.a(lib_a-e_pow.o)
 *fill*         0x0000d0c9        0x7 
 .rodata.TWO52  0x0000d0d0       0x10 c:/program files (x86)/atmel/studio/7.0/toolchain/arm/arm-gnu-toolchain/bin/../lib/gcc/arm-none-eabi/5.3.1/../../../../arm-none-eabi/lib/armv6-m\libm.a(lib_a-s_rint.o)
 .rodata        0x0000d0e0       0x80 c:/program files (x86)/atmel/studio/7.0/toolchain/arm/arm-gnu-toolchain/bin/../lib/gcc/arm-none-eabi/5.3.1/armv6-m\libgcc.a(divsf3.o)
 .rodata        0x0000d160       0x40 c:/program files (x86)/atmel/studio/7.0/toolchain/arm/arm-gnu-toolchain/bin/../lib/gcc/arm-none-eabi/5.3.1/armv6-m\libgcc.a(mulsf3.o)
 .rodata        0x0000d1a0       0x40 c:/program files (x86)/atmel/studio/7.0/toolchain/arm/arm-gnu-toolchain/bin/../lib/gcc/arm-none-eabi/5.3.1/armv6-m\libgcc.a(divdf3.o)
 .rodata        0x0000d1e0       0x40 c:/program files (x86)/atmel/studio/7.0/toolchain/arm/arm-gnu-toolchain/bin/../lib/gcc/arm-none-eabi/5.3.1/armv6-m\libgcc.a(muldf3.o)
 .rodata.str1.4
                0x0000d220        0x2 c:/program files (x86)/atmel/studio/7.0/toolchain/arm/arm-gnu-toolchain/bin/../lib/gcc/arm-none-eabi/5.3.1/../../../../arm-none-eabi/lib/armv6-m\libc.a(lib_a-impure.o)
 *fill*         0x0000d222        0x2 
 .rodata._global_impure_ptr
                0x0000d224        0x4 c:/program files (x86)/atmel/studio/7.0/toolchain/arm/arm-gnu-toolchain/bin/../lib/gcc/arm-none-eabi/5.3.1/../../../../arm-none-eabi/lib/armv6-m\libc.a(lib_a-impure.o)
                0x0000d224                _global_impure_ptr
 .rodata.str1.4
                0x0000d228        0x2 c:/program files (x86)/atmel/studio/7.0/toolchain/arm/arm-gnu-toolchain/bin/../lib/gcc/arm-none-eabi/5.3.1/../../../../arm-none-eabi/lib/armv6-m\libc.a(lib_a-puts.o)
 *fill*         0x0000d22a        0x2 
 .rodata._vfprintf_r
                0x0000d22c      0x164 c:/program files (x86)/atmel/studio/7.0/toolchain/arm/arm-gnu-toolchain/bin/../lib/gcc/arm-none-eabi/5.3.1/../../../../arm-none-eabi/lib/armv6-m\libc.a(lib_a-vfprintf.o)
 .rodata.zeroes.7050
                0x0000d390       0x10 c:/program files (x86)/atmel/studio/7.0/toolchain/arm/arm-gnu-toolchain/bin/../lib/gcc/arm-none-eabi/5.3.1/../../../../arm-none-eabi/lib/armv6-m\libc.a(lib_a-vfprintf.o)
 .rodata.str1.4
                0x0000d3a0       0x3f c:/program files (x86)/atmel/studio/7.0/toolchain/arm/arm-gnu-toolchain/bin/../lib/gcc/arm-none-eabi/5.3.1/../../../../arm-none-eabi/lib/armv6-m\libc.a(lib_a-vfprintf.o)
                                 0x42 (size before relaxing)
 *fill*         0x0000d3df        0x1 
 .rodata.blanks.7049
                0x0000d3e0       0x10 c:/program files (x86)/atmel/studio/7.0/toolchain/arm/arm-gnu-toolchain/bin/../lib/gcc/arm-none-eabi/5.3.1/../../../../arm-none-eabi/lib/armv6-m\libc.a(lib_a-vfprintf.o)
 .rodata.str1.4
                0x0000d3f0       0x10 c:/program files (x86)/atmel/studio/7.0/toolchain/arm/arm-gnu-toolchain/bin/../lib/gcc/arm-none-eabi/5.3.1/../../../../arm-none-eabi/lib/armv6-m\libc.a(lib_a-dtoa.o)
                                 0x12 (size before relaxing)
 .rodata.str1.4
                0x0000d400        0xc c:/program files (x86)/atmel/studio/7.0/toolchain/arm/arm-gnu-toolchain/bin/../lib/gcc/arm-none-eabi/5.3.1/../../../../arm-none-eabi/lib/armv6-m\libc.a(lib_a-locale.o)
                                 0x12 (size before relaxing)
 *fill*         0x0000d40c        0x4 
 .rodata.__mprec_tens
                0x0000d410       0xc8 c:/program files (x86)/atmel/studio/7.0/toolchain/arm/arm-gnu-toolchain/bin/../lib/gcc/arm-none-eabi/5.3.1/../../../../arm-none-eabi/lib/armv6-m\libc.a(lib_a-mprec.o)
                0x0000d410                __mprec_tens
 .rodata.__mprec_bigtens
                0x0000d4d8       0x28 c:/program files (x86)/atmel/studio/7.0/toolchain/arm/arm-gnu-toolchain/bin/../lib/gcc/arm-none-eabi/5.3.1/../../../../arm-none-eabi/lib/armv6-m\libc.a(lib_a-mprec.o)
                0x0000d4d8                __mprec_bigtens
 .rodata.p05.5373
                0x0000d500        0xc c:/program files (x86)/atmel/studio/7.0/toolchain/arm/arm-gnu-toolchain/bin/../lib/gcc/arm-none-eabi/5.3.1/../../../../arm-none-eabi/lib/armv6-m\libc.a(lib_a-mprec.o)
 *(.ARM.extab* .gnu.linkonce.armextab.*)
                0x0000d50c                . = ALIGN (0x4)
 *(.init)
 .init          0x0000d50c        0x4 c:/program files (x86)/atmel/studio/7.0/toolchain/arm/arm-gnu-toolchain/bin/../lib/gcc/arm-none-eabi/5.3.1/armv6-m/crti.o
                0x0000d50c                _init
 .init          0x0000d510        0x8 c:/program files (x86)/atmel/studio/7.0/toolchain/arm/arm-gnu-toolchain/bin/../lib/gcc/arm-none-eabi/5.3.1/armv6-m/crtn.o
                0x0000d518                . = ALIGN (0x4)
                0x0000d518                __preinit_array_start = .
 *(.preinit_array)
                0x0000d518                __preinit_array_end = .
                0x0000d518                . = ALIGN (0x4)
                0x0000d518                __init_array_start = .
 *(SORT(.init_array.*))
 .init_array.00000
                0x0000d518        0x4 c:/program files (x86)/atmel/studio/7.0/toolchain/arm/arm-gnu-toolchain/bin/../lib/gcc/arm-none-eabi/5.3.1/../../../../arm-none-eabi/lib/armv6-m\libc.a(lib_a-__call_atexit.o)
 *(.init_array)
 .init_array    0x0000d51c        0x4 c:/program files (x86)/atmel/studio/7.0/toolchain/arm/arm-gnu-toolchain/bin/../lib/gcc/arm-none-eabi/5.3.1/armv6-m/crtbegin.o
                0x0000d520                __init_array_end = .
                0x0000d520                . = ALIGN (0x4)
 *crtbegin.o(.ctors)
 *(EXCLUDE_FILE(*crtend.o) .ctors)
 *(SORT(.ctors.*))
 *crtend.o(.ctors)
                0x0000d520                . = ALIGN (0x4)
 *(.fini)
 .fini          0x0000d520        0x4 c:/program files (x86)/atmel/studio/7.0/toolchain/arm/arm-gnu-toolchain/bin/../lib/gcc/arm-none-eabi/5.3.1/armv6-m/crti.o
                0x0000d520                _fini
 .fini          0x0000d524        0x8 c:/program files (x86)/atmel/studio/7.0/toolchain/arm/arm-gnu-toolchain/bin/../lib/gcc/arm-none-eabi/5.3.1/armv6-m/crtn.o
                0x0000d52c                . = ALIGN (0x4)
                0x0000d52c                __fini_array_start = .
 *(.fini_array)
 .fini_array    0x0000d52c        0x4 c:/program files (x86)/atmel/studio/7.0/toolchain/arm/arm-gnu-toolchain/bin/../lib/gcc/arm-none-eabi/5.3.1/armv6-m/crtbegin.o
 *(SORT(.fini_array.*))
                0x0000d530                __fini_array_end = .
 *crtbegin.o(.dtors)
 *(EXCLUDE_FILE(*crtend.o) .dtors)
 *(SORT(.dtors.*))
 *crtend.o(.dtors)
                0x0000d530                . = ALIGN (0x4)
                0x0000d530                _efixed = .
                [!provide]                PROVIDE (__exidx_start, .)

.vfp11_veneer   0x0000d530        0x0
 .vfp11_veneer  0x0000d530        0x0 linker stubs

.v4_bx          0x0000d530        0x0
 .v4_bx         0x0000d530        0x0 linker stubs

.iplt           0x0000d530        0x0
 .iplt          0x0000d530        0x0 c:/program files (x86)/atmel/studio/7.0/toolchain/arm/arm-gnu-toolchain/bin/../lib/gcc/arm-none-eabi/5.3.1/armv6-m/crtbegin.o

.ARM.exidx      0x0000d530        0x8
 *(.ARM.exidx* .gnu.linkonce.armexidx.*)
 .ARM.exidx     0x0000d530        0x8 c:/program files (x86)/atmel/studio/7.0/toolchain/arm/arm-gnu-toolchain/bin/../lib/gcc/arm-none-eabi/5.3.1/armv6-m\libgcc.a(_udivmoddi4.o)
                [!provide]                PROVIDE (__exidx_end, .)

.eh_frame       0x0000d538        0x0
 .eh_frame      0x0000d538        0x0 c:/program files (x86)/atmel/studio/7.0/toolchain/arm/arm-gnu-toolchain/bin/../lib/gcc/arm-none-eabi/5.3.1/armv6-m/crtbegin.o

.rel.dyn        0x0000d538        0x0
 .rel.iplt      0x0000d538        0x0 c:/program files (x86)/atmel/studio/7.0/toolchain/arm/arm-gnu-toolchain/bin/../lib/gcc/arm-none-eabi/5.3.1/armv6-m/crtbegin.o

.jcr            0x0000d538        0x0
 .jcr           0x0000d538        0x0 c:/program files (x86)/atmel/studio/7.0/toolchain/arm/arm-gnu-toolchain/bin/../lib/gcc/arm-none-eabi/5.3.1/armv6-m/crtbegin.o

.igot.plt       0x0000d538        0x0
 .igot.plt      0x0000d538        0x0 c:/program files (x86)/atmel/studio/7.0/toolchain/arm/arm-gnu-toolchain/bin/../lib/gcc/arm-none-eabi/5.3.1/armv6-m/crtbegin.o
                0x0000d538                . = ALIGN (0x4)
                0x0000d538                _etext = .

.relocate       0x20000000      0x8c4 load address 0x0000d538
                0x20000000                . = ALIGN (0x4)
                0x20000000                _srelocate = .
 *(.ramfunc .ramfunc.*)
 *(.data .data.*)
 .data          0x20000000        0x4 cmsis/src/system_samd21_48MHz.o
                0x20000000                SystemCoreClock
 .data          0x20000004       0x14 iutNantes/src/oled.o
                0x20000004                logoIUT
                0x2000000c                sysfont
 .data          0x20000018        0x4 iutNantes/src/redirectPrintf.o
                0x20000018                printfRedir
 .data          0x2000001c        0x4 iutNantes/src/serial.o
                0x2000001c                uart
 .data.__fdlib_version
                0x20000020        0x1 c:/program files (x86)/atmel/studio/7.0/toolchain/arm/arm-gnu-toolchain/bin/../lib/gcc/arm-none-eabi/5.3.1/../../../../arm-none-eabi/lib/armv6-m\libm.a(lib_a-s_lib_ver.o)
                0x20000020                __fdlib_version
 *fill*         0x20000021        0x7 
 .data.impure_data
                0x20000028      0x428 c:/program files (x86)/atmel/studio/7.0/toolchain/arm/arm-gnu-toolchain/bin/../lib/gcc/arm-none-eabi/5.3.1/../../../../arm-none-eabi/lib/armv6-m\libc.a(lib_a-impure.o)
 .data._impure_ptr
                0x20000450        0x4 c:/program files (x86)/atmel/studio/7.0/toolchain/arm/arm-gnu-toolchain/bin/../lib/gcc/arm-none-eabi/5.3.1/../../../../arm-none-eabi/lib/armv6-m\libc.a(lib_a-impure.o)
                0x20000450                _impure_ptr
 .data.__malloc_av_
                0x20000454      0x408 c:/program files (x86)/atmel/studio/7.0/toolchain/arm/arm-gnu-toolchain/bin/../lib/gcc/arm-none-eabi/5.3.1/../../../../arm-none-eabi/lib/armv6-m\libc.a(lib_a-mallocr.o)
                0x20000454                __malloc_av_
 .data.__malloc_trim_threshold
                0x2000085c        0x4 c:/program files (x86)/atmel/studio/7.0/toolchain/arm/arm-gnu-toolchain/bin/../lib/gcc/arm-none-eabi/5.3.1/../../../../arm-none-eabi/lib/armv6-m\libc.a(lib_a-mallocr.o)
                0x2000085c                __malloc_trim_threshold
 .data.__malloc_sbrk_base
                0x20000860        0x4 c:/program files (x86)/atmel/studio/7.0/toolchain/arm/arm-gnu-toolchain/bin/../lib/gcc/arm-none-eabi/5.3.1/../../../../arm-none-eabi/lib/armv6-m\libc.a(lib_a-mallocr.o)
                0x20000860                __malloc_sbrk_base
 .data.lconv    0x20000864       0x38 c:/program files (x86)/atmel/studio/7.0/toolchain/arm/arm-gnu-toolchain/bin/../lib/gcc/arm-none-eabi/5.3.1/../../../../arm-none-eabi/lib/armv6-m\libc.a(lib_a-locale.o)
 .data.lc_ctype_charset
                0x2000089c       0x20 c:/program files (x86)/atmel/studio/7.0/toolchain/arm/arm-gnu-toolchain/bin/../lib/gcc/arm-none-eabi/5.3.1/../../../../arm-none-eabi/lib/armv6-m\libc.a(lib_a-locale.o)
 .data.__mb_cur_max
                0x200008bc        0x4 c:/program files (x86)/atmel/studio/7.0/toolchain/arm/arm-gnu-toolchain/bin/../lib/gcc/arm-none-eabi/5.3.1/../../../../arm-none-eabi/lib/armv6-m\libc.a(lib_a-locale.o)
                0x200008bc                __mb_cur_max
 .data.__wctomb
                0x200008c0        0x4 c:/program files (x86)/atmel/studio/7.0/toolchain/arm/arm-gnu-toolchain/bin/../lib/gcc/arm-none-eabi/5.3.1/../../../../arm-none-eabi/lib/armv6-m\libc.a(lib_a-wctomb_r.o)
                0x200008c0                __wctomb
                0x200008c4                . = ALIGN (0x4)
                0x200008c4                _erelocate = .

.bss            0x200008c4      0x288 load address 0x0000ddfc
                0x200008c4                . = ALIGN (0x4)
                0x200008c4                _sbss = .
                0x200008c4                _szero = .
 *(.bss .bss.*)
 .bss           0x200008c4       0x1c c:/program files (x86)/atmel/studio/7.0/toolchain/arm/arm-gnu-toolchain/bin/../lib/gcc/arm-none-eabi/5.3.1/armv6-m/crtbegin.o
 .bss           0x200008e0        0x4 cmsis/src/syscalls.o
 .bss           0x200008e4      0x204 iutNantes/src/oled.o
 .bss           0x20000ae8        0x4 userLibraries/src/fft.o
 .bss           0x20000aec        0x1 userLibraries/src/freq.o
 *fill*         0x20000aed        0x3 
 .bss.__malloc_max_total_mem
                0x20000af0        0x4 c:/program files (x86)/atmel/studio/7.0/toolchain/arm/arm-gnu-toolchain/bin/../lib/gcc/arm-none-eabi/5.3.1/../../../../arm-none-eabi/lib/armv6-m\libc.a(lib_a-mallocr.o)
                0x20000af0                __malloc_max_total_mem
 .bss.__malloc_max_sbrked_mem
                0x20000af4        0x4 c:/program files (x86)/atmel/studio/7.0/toolchain/arm/arm-gnu-toolchain/bin/../lib/gcc/arm-none-eabi/5.3.1/../../../../arm-none-eabi/lib/armv6-m\libc.a(lib_a-mallocr.o)
                0x20000af4                __malloc_max_sbrked_mem
 .bss.__malloc_top_pad
                0x20000af8        0x4 c:/program files (x86)/atmel/studio/7.0/toolchain/arm/arm-gnu-toolchain/bin/../lib/gcc/arm-none-eabi/5.3.1/../../../../arm-none-eabi/lib/armv6-m\libc.a(lib_a-mallocr.o)
                0x20000af8                __malloc_top_pad
 .bss.__malloc_current_mallinfo
                0x20000afc       0x28 c:/program files (x86)/atmel/studio/7.0/toolchain/arm/arm-gnu-toolchain/bin/../lib/gcc/arm-none-eabi/5.3.1/../../../../arm-none-eabi/lib/armv6-m\libc.a(lib_a-mallocr.o)
                0x20000afc                __malloc_current_mallinfo
 *(COMMON)
 COMMON         0x20000b24        0x8 iutNantes/src/oled.o
                0x20000b24                __oledCurseurY
                0x20000b28                __oledCurseurX
 COMMON         0x20000b2c       0x18 userLibraries/src/fft.o
                0x20000b2c                _adcReal
                0x20000b30                _deltaT
                0x20000b34                _size
                0x20000b38                _imag
                0x20000b3c                _deltaF
                0x20000b40                _real
 COMMON         0x20000b44        0x4 userLibraries/src/freq.o
                0x20000b44                __freq
 COMMON         0x20000b48        0x4 c:/program files (x86)/atmel/studio/7.0/toolchain/arm/arm-gnu-toolchain/bin/../lib/gcc/arm-none-eabi/5.3.1/../../../../arm-none-eabi/lib/armv6-m\libc.a(lib_a-reent.o)
                0x20000b48                errno
                0x20000b4c                . = ALIGN (0x4)
                0x20000b4c                _ebss = .
                0x20000b4c                _ezero = .

.stack          0x20000b4c     0x2004 load address 0x0000e084
                0x20000b50                . = ALIGN (0x8)
 *fill*         0x20000b4c        0x4 
                0x20000b50                _sstack = .
                0x20002b50                . = (. + STACK_SIZE)
 *fill*         0x20000b50     0x2000 
                0x20002b50                . = ALIGN (0x8)
                0x20002b50                _estack = .
                0x20002b50                . = ALIGN (0x4)
                0x20002b50                _end = .
OUTPUT(TP-info2_6_2.elf elf32-littlearm)

.ARM.attributes
                0x00000000       0x28
 .ARM.attributes
                0x00000000       0x1e c:/program files (x86)/atmel/studio/7.0/toolchain/arm/arm-gnu-toolchain/bin/../lib/gcc/arm-none-eabi/5.3.1/armv6-m/crti.o
 .ARM.attributes
                0x0000001e       0x2c c:/program files (x86)/atmel/studio/7.0/toolchain/arm/arm-gnu-toolchain/bin/../lib/gcc/arm-none-eabi/5.3.1/armv6-m/crtbegin.o
 .ARM.attributes
                0x0000004a       0x32 cmsis/src/startup_samd21.o
 .ARM.attributes
                0x0000007c       0x32 cmsis/src/syscalls.o
 .ARM.attributes
                0x000000ae       0x32 cmsis/src/system_samd21_48MHz.o
 .ARM.attributes
                0x000000e0       0x32 iutNantes/src/adc.o
 .ARM.attributes
                0x00000112       0x32 iutNantes/src/oled.o
 .ARM.attributes
                0x00000144       0x32 iutNantes/src/pinAccess.o
 .ARM.attributes
                0x00000176       0x32 iutNantes/src/pinMux.o
 .ARM.attributes
                0x000001a8       0x32 iutNantes/src/redirectPrintf.o
 .ARM.attributes
                0x000001da       0x32 iutNantes/src/serial.o
 .ARM.attributes
                0x0000020c       0x32 iutNantes/src/timer.o
 .ARM.attributes
                0x0000023e       0x32 TP-info2.o
 .ARM.attributes
                0x00000270       0x32 userLibraries/src/display.o
 .ARM.attributes
                0x000002a2       0x32 userLibraries/src/fft.o
 .ARM.attributes
                0x000002d4       0x32 userLibraries/src/fftDescribe.o
 .ARM.attributes
                0x00000306       0x32 userLibraries/src/freq.o
 .ARM.attributes
                0x00000338       0x32 userLibraries/src/note.o
 .ARM.attributes
                0x0000036a       0x32 userLibraries/src/user_init.o
 .ARM.attributes
                0x0000039c       0x2c c:/program files (x86)/atmel/studio/7.0/toolchain/arm/arm-gnu-toolchain/bin/../lib/gcc/arm-none-eabi/5.3.1/../../../../arm-none-eabi/lib/armv6-m\libm.a(lib_a-s_atan.o)
 .ARM.attributes
                0x000003c8       0x2c c:/program files (x86)/atmel/studio/7.0/toolchain/arm/arm-gnu-toolchain/bin/../lib/gcc/arm-none-eabi/5.3.1/../../../../arm-none-eabi/lib/armv6-m\libm.a(lib_a-s_fabs.o)
 .ARM.attributes
                0x000003f4       0x2c c:/program files (x86)/atmel/studio/7.0/toolchain/arm/arm-gnu-toolchain/bin/../lib/gcc/arm-none-eabi/5.3.1/../../../../arm-none-eabi/lib/armv6-m\libm.a(lib_a-s_floor.o)
 .ARM.attributes
                0x00000420       0x2c c:/program files (x86)/atmel/studio/7.0/toolchain/arm/arm-gnu-toolchain/bin/../lib/gcc/arm-none-eabi/5.3.1/../../../../arm-none-eabi/lib/armv6-m\libm.a(lib_a-w_log10.o)
 .ARM.attributes
                0x0000044c       0x2c c:/program files (x86)/atmel/studio/7.0/toolchain/arm/arm-gnu-toolchain/bin/../lib/gcc/arm-none-eabi/5.3.1/../../../../arm-none-eabi/lib/armv6-m\libm.a(lib_a-w_pow.o)
 .ARM.attributes
                0x00000478       0x2c c:/program files (x86)/atmel/studio/7.0/toolchain/arm/arm-gnu-toolchain/bin/../lib/gcc/arm-none-eabi/5.3.1/../../../../arm-none-eabi/lib/armv6-m\libm.a(lib_a-w_sqrt.o)
 .ARM.attributes
                0x000004a4       0x2c c:/program files (x86)/atmel/studio/7.0/toolchain/arm/arm-gnu-toolchain/bin/../lib/gcc/arm-none-eabi/5.3.1/../../../../arm-none-eabi/lib/armv6-m\libm.a(lib_a-e_log10.o)
 .ARM.attributes
                0x000004d0       0x2c c:/program files (x86)/atmel/studio/7.0/toolchain/arm/arm-gnu-toolchain/bin/../lib/gcc/arm-none-eabi/5.3.1/../../../../arm-none-eabi/lib/armv6-m\libm.a(lib_a-e_pow.o)
 .ARM.attributes
                0x000004fc       0x2c c:/program files (x86)/atmel/studio/7.0/toolchain/arm/arm-gnu-toolchain/bin/../lib/gcc/arm-none-eabi/5.3.1/../../../../arm-none-eabi/lib/armv6-m\libm.a(lib_a-e_sqrt.o)
 .ARM.attributes
                0x00000528       0x2c c:/program files (x86)/atmel/studio/7.0/toolchain/arm/arm-gnu-toolchain/bin/../lib/gcc/arm-none-eabi/5.3.1/../../../../arm-none-eabi/lib/armv6-m\libm.a(lib_a-s_finite.o)
 .ARM.attributes
                0x00000554       0x2c c:/program files (x86)/atmel/studio/7.0/toolchain/arm/arm-gnu-toolchain/bin/../lib/gcc/arm-none-eabi/5.3.1/../../../../arm-none-eabi/lib/armv6-m\libm.a(lib_a-s_lib_ver.o)
 .ARM.attributes
                0x00000580       0x2c c:/program files (x86)/atmel/studio/7.0/toolchain/arm/arm-gnu-toolchain/bin/../lib/gcc/arm-none-eabi/5.3.1/../../../../arm-none-eabi/lib/armv6-m\libm.a(lib_a-s_matherr.o)
 .ARM.attributes
                0x000005ac       0x2c c:/program files (x86)/atmel/studio/7.0/toolchain/arm/arm-gnu-toolchain/bin/../lib/gcc/arm-none-eabi/5.3.1/../../../../arm-none-eabi/lib/armv6-m\libm.a(lib_a-s_nan.o)
 .ARM.attributes
                0x000005d8       0x2c c:/program files (x86)/atmel/studio/7.0/toolchain/arm/arm-gnu-toolchain/bin/../lib/gcc/arm-none-eabi/5.3.1/../../../../arm-none-eabi/lib/armv6-m\libm.a(lib_a-s_rint.o)
 .ARM.attributes
                0x00000604       0x2c c:/program files (x86)/atmel/studio/7.0/toolchain/arm/arm-gnu-toolchain/bin/../lib/gcc/arm-none-eabi/5.3.1/../../../../arm-none-eabi/lib/armv6-m\libm.a(lib_a-s_scalbn.o)
 .ARM.attributes
                0x00000630       0x2c c:/program files (x86)/atmel/studio/7.0/toolchain/arm/arm-gnu-toolchain/bin/../lib/gcc/arm-none-eabi/5.3.1/../../../../arm-none-eabi/lib/armv6-m\libm.a(lib_a-e_log.o)
 .ARM.attributes
                0x0000065c       0x2c c:/program files (x86)/atmel/studio/7.0/toolchain/arm/arm-gnu-toolchain/bin/../lib/gcc/arm-none-eabi/5.3.1/../../../../arm-none-eabi/lib/armv6-m\libm.a(lib_a-s_copysign.o)
 .ARM.attributes
                0x00000688       0x1e c:/program files (x86)/atmel/studio/7.0/toolchain/arm/arm-gnu-toolchain/bin/../lib/gcc/arm-none-eabi/5.3.1/armv6-m\libgcc.a(_udivsi3.o)
 .ARM.attributes
                0x000006a6       0x1e c:/program files (x86)/atmel/studio/7.0/toolchain/arm/arm-gnu-toolchain/bin/../lib/gcc/arm-none-eabi/5.3.1/armv6-m\libgcc.a(_divsi3.o)
 .ARM.attributes
                0x000006c4       0x1e c:/program files (x86)/atmel/studio/7.0/toolchain/arm/arm-gnu-toolchain/bin/../lib/gcc/arm-none-eabi/5.3.1/armv6-m\libgcc.a(_dvmd_tls.o)
 .ARM.attributes
                0x000006e2       0x1e c:/program files (x86)/atmel/studio/7.0/toolchain/arm/arm-gnu-toolchain/bin/../lib/gcc/arm-none-eabi/5.3.1/armv6-m\libgcc.a(_arm_cmpdf2.o)
 .ARM.attributes
                0x00000700       0x1e c:/program files (x86)/atmel/studio/7.0/toolchain/arm/arm-gnu-toolchain/bin/../lib/gcc/arm-none-eabi/5.3.1/armv6-m\libgcc.a(_arm_cmpsf2.o)
 .ARM.attributes
                0x0000071e       0x2c c:/program files (x86)/atmel/studio/7.0/toolchain/arm/arm-gnu-toolchain/bin/../lib/gcc/arm-none-eabi/5.3.1/armv6-m\libgcc.a(_fixunsdfsi.o)
 .ARM.attributes
                0x0000074a       0x2c c:/program files (x86)/atmel/studio/7.0/toolchain/arm/arm-gnu-toolchain/bin/../lib/gcc/arm-none-eabi/5.3.1/armv6-m\libgcc.a(addsf3.o)
 .ARM.attributes
                0x00000776       0x2c c:/program files (x86)/atmel/studio/7.0/toolchain/arm/arm-gnu-toolchain/bin/../lib/gcc/arm-none-eabi/5.3.1/armv6-m\libgcc.a(divsf3.o)
 .ARM.attributes
                0x000007a2       0x2c c:/program files (x86)/atmel/studio/7.0/toolchain/arm/arm-gnu-toolchain/bin/../lib/gcc/arm-none-eabi/5.3.1/armv6-m\libgcc.a(eqsf2.o)
 .ARM.attributes
                0x000007ce       0x2c c:/program files (x86)/atmel/studio/7.0/toolchain/arm/arm-gnu-toolchain/bin/../lib/gcc/arm-none-eabi/5.3.1/armv6-m\libgcc.a(gesf2.o)
 .ARM.attributes
                0x000007fa       0x2c c:/program files (x86)/atmel/studio/7.0/toolchain/arm/arm-gnu-toolchain/bin/../lib/gcc/arm-none-eabi/5.3.1/armv6-m\libgcc.a(lesf2.o)
 .ARM.attributes
                0x00000826       0x2c c:/program files (x86)/atmel/studio/7.0/toolchain/arm/arm-gnu-toolchain/bin/../lib/gcc/arm-none-eabi/5.3.1/armv6-m\libgcc.a(mulsf3.o)
 .ARM.attributes
                0x00000852       0x2c c:/program files (x86)/atmel/studio/7.0/toolchain/arm/arm-gnu-toolchain/bin/../lib/gcc/arm-none-eabi/5.3.1/armv6-m\libgcc.a(subsf3.o)
 .ARM.attributes
                0x0000087e       0x2c c:/program files (x86)/atmel/studio/7.0/toolchain/arm/arm-gnu-toolchain/bin/../lib/gcc/arm-none-eabi/5.3.1/armv6-m\libgcc.a(floatsisf.o)
 .ARM.attributes
                0x000008aa       0x2c c:/program files (x86)/atmel/studio/7.0/toolchain/arm/arm-gnu-toolchain/bin/../lib/gcc/arm-none-eabi/5.3.1/armv6-m\libgcc.a(adddf3.o)
 .ARM.attributes
                0x000008d6       0x2c c:/program files (x86)/atmel/studio/7.0/toolchain/arm/arm-gnu-toolchain/bin/../lib/gcc/arm-none-eabi/5.3.1/armv6-m\libgcc.a(divdf3.o)
 .ARM.attributes
                0x00000902       0x2c c:/program files (x86)/atmel/studio/7.0/toolchain/arm/arm-gnu-toolchain/bin/../lib/gcc/arm-none-eabi/5.3.1/armv6-m\libgcc.a(eqdf2.o)
 .ARM.attributes
                0x0000092e       0x2c c:/program files (x86)/atmel/studio/7.0/toolchain/arm/arm-gnu-toolchain/bin/../lib/gcc/arm-none-eabi/5.3.1/armv6-m\libgcc.a(gedf2.o)
 .ARM.attributes
                0x0000095a       0x2c c:/program files (x86)/atmel/studio/7.0/toolchain/arm/arm-gnu-toolchain/bin/../lib/gcc/arm-none-eabi/5.3.1/armv6-m\libgcc.a(ledf2.o)
 .ARM.attributes
                0x00000986       0x2c c:/program files (x86)/atmel/studio/7.0/toolchain/arm/arm-gnu-toolchain/bin/../lib/gcc/arm-none-eabi/5.3.1/armv6-m\libgcc.a(muldf3.o)
 .ARM.attributes
                0x000009b2       0x2c c:/program files (x86)/atmel/studio/7.0/toolchain/arm/arm-gnu-toolchain/bin/../lib/gcc/arm-none-eabi/5.3.1/armv6-m\libgcc.a(subdf3.o)
 .ARM.attributes
                0x000009de       0x2c c:/program files (x86)/atmel/studio/7.0/toolchain/arm/arm-gnu-toolchain/bin/../lib/gcc/arm-none-eabi/5.3.1/armv6-m\libgcc.a(unorddf2.o)
 .ARM.attributes
                0x00000a0a       0x2c c:/program files (x86)/atmel/studio/7.0/toolchain/arm/arm-gnu-toolchain/bin/../lib/gcc/arm-none-eabi/5.3.1/armv6-m\libgcc.a(fixdfsi.o)
 .ARM.attributes
                0x00000a36       0x2c c:/program files (x86)/atmel/studio/7.0/toolchain/arm/arm-gnu-toolchain/bin/../lib/gcc/arm-none-eabi/5.3.1/armv6-m\libgcc.a(floatsidf.o)
 .ARM.attributes
                0x00000a62       0x2c c:/program files (x86)/atmel/studio/7.0/toolchain/arm/arm-gnu-toolchain/bin/../lib/gcc/arm-none-eabi/5.3.1/armv6-m\libgcc.a(extendsfdf2.o)
 .ARM.attributes
                0x00000a8e       0x2c c:/program files (x86)/atmel/studio/7.0/toolchain/arm/arm-gnu-toolchain/bin/../lib/gcc/arm-none-eabi/5.3.1/armv6-m\libgcc.a(truncdfsf2.o)
 .ARM.attributes
                0x00000aba       0x1e c:/program files (x86)/atmel/studio/7.0/toolchain/arm/arm-gnu-toolchain/bin/../lib/gcc/arm-none-eabi/5.3.1/armv6-m\libgcc.a(_clzsi2.o)
 .ARM.attributes
                0x00000ad8       0x2c c:/program files (x86)/atmel/studio/7.0/toolchain/arm/arm-gnu-toolchain/bin/../lib/gcc/arm-none-eabi/5.3.1/../../../../arm-none-eabi/lib/armv6-m\libc.a(lib_a-errno.o)
 .ARM.attributes
                0x00000b04       0x2c c:/program files (x86)/atmel/studio/7.0/toolchain/arm/arm-gnu-toolchain/bin/../lib/gcc/arm-none-eabi/5.3.1/../../../../arm-none-eabi/lib/armv6-m\libc.a(lib_a-impure.o)
 .ARM.attributes
                0x00000b30       0x2c c:/program files (x86)/atmel/studio/7.0/toolchain/arm/arm-gnu-toolchain/bin/../lib/gcc/arm-none-eabi/5.3.1/../../../../arm-none-eabi/lib/armv6-m\libc.a(lib_a-init.o)
 .ARM.attributes
                0x00000b5c       0x2c c:/program files (x86)/atmel/studio/7.0/toolchain/arm/arm-gnu-toolchain/bin/../lib/gcc/arm-none-eabi/5.3.1/../../../../arm-none-eabi/lib/armv6-m\libc.a(lib_a-malloc.o)
 .ARM.attributes
                0x00000b88       0x2c c:/program files (x86)/atmel/studio/7.0/toolchain/arm/arm-gnu-toolchain/bin/../lib/gcc/arm-none-eabi/5.3.1/../../../../arm-none-eabi/lib/armv6-m\libc.a(lib_a-mallocr.o)
 .ARM.attributes
                0x00000bb4       0x2c c:/program files (x86)/atmel/studio/7.0/toolchain/arm/arm-gnu-toolchain/bin/../lib/gcc/arm-none-eabi/5.3.1/../../../../arm-none-eabi/lib/armv6-m\libc.a(lib_a-memcpy-stub.o)
 .ARM.attributes
                0x00000be0       0x2c c:/program files (x86)/atmel/studio/7.0/toolchain/arm/arm-gnu-toolchain/bin/../lib/gcc/arm-none-eabi/5.3.1/../../../../arm-none-eabi/lib/armv6-m\libc.a(lib_a-memset.o)
 .ARM.attributes
                0x00000c0c       0x2c c:/program files (x86)/atmel/studio/7.0/toolchain/arm/arm-gnu-toolchain/bin/../lib/gcc/arm-none-eabi/5.3.1/../../../../arm-none-eabi/lib/armv6-m\libc.a(lib_a-mlock.o)
 .ARM.attributes
                0x00000c38       0x2c c:/program files (x86)/atmel/studio/7.0/toolchain/arm/arm-gnu-toolchain/bin/../lib/gcc/arm-none-eabi/5.3.1/../../../../arm-none-eabi/lib/armv6-m\libc.a(lib_a-printf.o)
 .ARM.attributes
                0x00000c64       0x2c c:/program files (x86)/atmel/studio/7.0/toolchain/arm/arm-gnu-toolchain/bin/../lib/gcc/arm-none-eabi/5.3.1/../../../../arm-none-eabi/lib/armv6-m\libc.a(lib_a-puts.o)
 .ARM.attributes
                0x00000c90       0x2c c:/program files (x86)/atmel/studio/7.0/toolchain/arm/arm-gnu-toolchain/bin/../lib/gcc/arm-none-eabi/5.3.1/../../../../arm-none-eabi/lib/armv6-m\libc.a(lib_a-realloc.o)
 .ARM.attributes
                0x00000cbc       0x2c c:/program files (x86)/atmel/studio/7.0/toolchain/arm/arm-gnu-toolchain/bin/../lib/gcc/arm-none-eabi/5.3.1/../../../../arm-none-eabi/lib/armv6-m\libc.a(lib_a-reallocr.o)
 .ARM.attributes
                0x00000ce8       0x2c c:/program files (x86)/atmel/studio/7.0/toolchain/arm/arm-gnu-toolchain/bin/../lib/gcc/arm-none-eabi/5.3.1/../../../../arm-none-eabi/lib/armv6-m\libc.a(lib_a-sbrkr.o)
 .ARM.attributes
                0x00000d14       0x2c c:/program files (x86)/atmel/studio/7.0/toolchain/arm/arm-gnu-toolchain/bin/../lib/gcc/arm-none-eabi/5.3.1/../../../../arm-none-eabi/lib/armv6-m\libc.a(lib_a-strlen-stub.o)
 .ARM.attributes
                0x00000d40       0x2c c:/program files (x86)/atmel/studio/7.0/toolchain/arm/arm-gnu-toolchain/bin/../lib/gcc/arm-none-eabi/5.3.1/../../../../arm-none-eabi/lib/armv6-m\libc.a(lib_a-vfprintf.o)
 .ARM.attributes
                0x00000d6c       0x2c c:/program files (x86)/atmel/studio/7.0/toolchain/arm/arm-gnu-toolchain/bin/../lib/gcc/arm-none-eabi/5.3.1/../../../../arm-none-eabi/lib/armv6-m\libc.a(lib_a-wsetup.o)
 .ARM.attributes
                0x00000d98       0x2c c:/program files (x86)/atmel/studio/7.0/toolchain/arm/arm-gnu-toolchain/bin/../lib/gcc/arm-none-eabi/5.3.1/../../../../arm-none-eabi/lib/armv6-m\libc.a(lib_a-__call_atexit.o)
 .ARM.attributes
                0x00000dc4       0x2c c:/program files (x86)/atmel/studio/7.0/toolchain/arm/arm-gnu-toolchain/bin/../lib/gcc/arm-none-eabi/5.3.1/../../../../arm-none-eabi/lib/armv6-m\libc.a(lib_a-atexit.o)
 .ARM.attributes
                0x00000df0       0x2c c:/program files (x86)/atmel/studio/7.0/toolchain/arm/arm-gnu-toolchain/bin/../lib/gcc/arm-none-eabi/5.3.1/../../../../arm-none-eabi/lib/armv6-m\libc.a(lib_a-dtoa.o)
 .ARM.attributes
                0x00000e1c       0x2c c:/program files (x86)/atmel/studio/7.0/toolchain/arm/arm-gnu-toolchain/bin/../lib/gcc/arm-none-eabi/5.3.1/../../../../arm-none-eabi/lib/armv6-m\libc.a(lib_a-fflush.o)
 .ARM.attributes
                0x00000e48       0x2c c:/program files (x86)/atmel/studio/7.0/toolchain/arm/arm-gnu-toolchain/bin/../lib/gcc/arm-none-eabi/5.3.1/../../../../arm-none-eabi/lib/armv6-m\libc.a(lib_a-findfp.o)
 .ARM.attributes
                0x00000e74       0x2c c:/program files (x86)/atmel/studio/7.0/toolchain/arm/arm-gnu-toolchain/bin/../lib/gcc/arm-none-eabi/5.3.1/../../../../arm-none-eabi/lib/armv6-m\libc.a(lib_a-fini.o)
 .ARM.attributes
                0x00000ea0       0x2c c:/program files (x86)/atmel/studio/7.0/toolchain/arm/arm-gnu-toolchain/bin/../lib/gcc/arm-none-eabi/5.3.1/../../../../arm-none-eabi/lib/armv6-m\libc.a(lib_a-freer.o)
 .ARM.attributes
                0x00000ecc       0x2c c:/program files (x86)/atmel/studio/7.0/toolchain/arm/arm-gnu-toolchain/bin/../lib/gcc/arm-none-eabi/5.3.1/../../../../arm-none-eabi/lib/armv6-m\libc.a(lib_a-fvwrite.o)
 .ARM.attributes
                0x00000ef8       0x2c c:/program files (x86)/atmel/studio/7.0/toolchain/arm/arm-gnu-toolchain/bin/../lib/gcc/arm-none-eabi/5.3.1/../../../../arm-none-eabi/lib/armv6-m\libc.a(lib_a-fwalk.o)
 .ARM.attributes
                0x00000f24       0x2c c:/program files (x86)/atmel/studio/7.0/toolchain/arm/arm-gnu-toolchain/bin/../lib/gcc/arm-none-eabi/5.3.1/../../../../arm-none-eabi/lib/armv6-m\libc.a(lib_a-locale.o)
 .ARM.attributes
                0x00000f50       0x2c c:/program files (x86)/atmel/studio/7.0/toolchain/arm/arm-gnu-toolchain/bin/../lib/gcc/arm-none-eabi/5.3.1/../../../../arm-none-eabi/lib/armv6-m\libc.a(lib_a-makebuf.o)
 .ARM.attributes
                0x00000f7c       0x2c c:/program files (x86)/atmel/studio/7.0/toolchain/arm/arm-gnu-toolchain/bin/../lib/gcc/arm-none-eabi/5.3.1/../../../../arm-none-eabi/lib/armv6-m\libc.a(lib_a-memchr-stub.o)
 .ARM.attributes
                0x00000fa8       0x2c c:/program files (x86)/atmel/studio/7.0/toolchain/arm/arm-gnu-toolchain/bin/../lib/gcc/arm-none-eabi/5.3.1/../../../../arm-none-eabi/lib/armv6-m\libc.a(lib_a-memmove.o)
 .ARM.attributes
                0x00000fd4       0x2c c:/program files (x86)/atmel/studio/7.0/toolchain/arm/arm-gnu-toolchain/bin/../lib/gcc/arm-none-eabi/5.3.1/../../../../arm-none-eabi/lib/armv6-m\libc.a(lib_a-mprec.o)
 .ARM.attributes
                0x00001000       0x2c c:/program files (x86)/atmel/studio/7.0/toolchain/arm/arm-gnu-toolchain/bin/../lib/gcc/arm-none-eabi/5.3.1/../../../../arm-none-eabi/lib/armv6-m\libc.a(lib_a-reent.o)
 .ARM.attributes
                0x0000102c       0x2c c:/program files (x86)/atmel/studio/7.0/toolchain/arm/arm-gnu-toolchain/bin/../lib/gcc/arm-none-eabi/5.3.1/../../../../arm-none-eabi/lib/armv6-m\libc.a(lib_a-stdio.o)
 .ARM.attributes
                0x00001058       0x2c c:/program files (x86)/atmel/studio/7.0/toolchain/arm/arm-gnu-toolchain/bin/../lib/gcc/arm-none-eabi/5.3.1/../../../../arm-none-eabi/lib/armv6-m\libc.a(lib_a-vfiprintf.o)
 .ARM.attributes
                0x00001084       0x2c c:/program files (x86)/atmel/studio/7.0/toolchain/arm/arm-gnu-toolchain/bin/../lib/gcc/arm-none-eabi/5.3.1/../../../../arm-none-eabi/lib/armv6-m\libc.a(lib_a-writer.o)
 .ARM.attributes
                0x000010b0       0x2c c:/program files (x86)/atmel/studio/7.0/toolchain/arm/arm-gnu-toolchain/bin/../lib/gcc/arm-none-eabi/5.3.1/../../../../arm-none-eabi/lib/armv6-m\libc.a(lib_a-__atexit.o)
 .ARM.attributes
                0x000010dc       0x2c c:/program files (x86)/atmel/studio/7.0/toolchain/arm/arm-gnu-toolchain/bin/../lib/gcc/arm-none-eabi/5.3.1/../../../../arm-none-eabi/lib/armv6-m\libc.a(lib_a-callocr.o)
 .ARM.attributes
                0x00001108       0x2c c:/program files (x86)/atmel/studio/7.0/toolchain/arm/arm-gnu-toolchain/bin/../lib/gcc/arm-none-eabi/5.3.1/../../../../arm-none-eabi/lib/armv6-m\libc.a(lib_a-closer.o)
 .ARM.attributes
                0x00001134       0x2c c:/program files (x86)/atmel/studio/7.0/toolchain/arm/arm-gnu-toolchain/bin/../lib/gcc/arm-none-eabi/5.3.1/../../../../arm-none-eabi/lib/armv6-m\libc.a(lib_a-fclose.o)
 .ARM.attributes
                0x00001160       0x2c c:/program files (x86)/atmel/studio/7.0/toolchain/arm/arm-gnu-toolchain/bin/../lib/gcc/arm-none-eabi/5.3.1/../../../../arm-none-eabi/lib/armv6-m\libc.a(lib_a-fputwc.o)
 .ARM.attributes
                0x0000118c       0x2c c:/program files (x86)/atmel/studio/7.0/toolchain/arm/arm-gnu-toolchain/bin/../lib/gcc/arm-none-eabi/5.3.1/../../../../arm-none-eabi/lib/armv6-m\libc.a(lib_a-fstatr.o)
 .ARM.attributes
                0x000011b8       0x2c c:/program files (x86)/atmel/studio/7.0/toolchain/arm/arm-gnu-toolchain/bin/../lib/gcc/arm-none-eabi/5.3.1/../../../../arm-none-eabi/lib/armv6-m\libc.a(lib_a-isattyr.o)
 .ARM.attributes
                0x000011e4       0x2c c:/program files (x86)/atmel/studio/7.0/toolchain/arm/arm-gnu-toolchain/bin/../lib/gcc/arm-none-eabi/5.3.1/../../../../arm-none-eabi/lib/armv6-m\libc.a(lib_a-lseekr.o)
 .ARM.attributes
                0x00001210       0x2c c:/program files (x86)/atmel/studio/7.0/toolchain/arm/arm-gnu-toolchain/bin/../lib/gcc/arm-none-eabi/5.3.1/../../../../arm-none-eabi/lib/armv6-m\libc.a(lib_a-readr.o)
 .ARM.attributes
                0x0000123c       0x2c c:/program files (x86)/atmel/studio/7.0/toolchain/arm/arm-gnu-toolchain/bin/../lib/gcc/arm-none-eabi/5.3.1/../../../../arm-none-eabi/lib/armv6-m\libc.a(lib_a-wbuf.o)
 .ARM.attributes
                0x00001268       0x2c c:/program files (x86)/atmel/studio/7.0/toolchain/arm/arm-gnu-toolchain/bin/../lib/gcc/arm-none-eabi/5.3.1/../../../../arm-none-eabi/lib/armv6-m\libc.a(lib_a-wcrtomb.o)
 .ARM.attributes
                0x00001294       0x2c c:/program files (x86)/atmel/studio/7.0/toolchain/arm/arm-gnu-toolchain/bin/../lib/gcc/arm-none-eabi/5.3.1/../../../../arm-none-eabi/lib/armv6-m\libc.a(lib_a-wctomb_r.o)
 .ARM.attributes
                0x000012c0       0x1e c:/program files (x86)/atmel/studio/7.0/toolchain/arm/arm-gnu-toolchain/bin/../lib/gcc/arm-none-eabi/5.3.1/armv6-m\libgcc.a(_aeabi_uldivmod.o)
 .ARM.attributes
                0x000012de       0x2c c:/program files (x86)/atmel/studio/7.0/toolchain/arm/arm-gnu-toolchain/bin/../lib/gcc/arm-none-eabi/5.3.1/armv6-m\libgcc.a(_udivmoddi4.o)
 .ARM.attributes
                0x0000130a       0x2c c:/program files (x86)/atmel/studio/7.0/toolchain/arm/arm-gnu-toolchain/bin/../lib/gcc/arm-none-eabi/5.3.1/armv6-m\libgcc.a(floatunsidf.o)
 .ARM.attributes
                0x00001336       0x1e c:/program files (x86)/atmel/studio/7.0/toolchain/arm/arm-gnu-toolchain/bin/../lib/gcc/arm-none-eabi/5.3.1/armv6-m\libgcc.a(_clzdi2.o)
 .ARM.attributes
                0x00001354       0x2c c:/program files (x86)/atmel/studio/7.0/toolchain/arm/arm-gnu-toolchain/bin/../lib/gcc/arm-none-eabi/5.3.1/../../../../arm-none-eabi/lib/armv6-m\libnosys.a(read.o)
 .ARM.attributes
                0x00001380       0x1e c:/program files (x86)/atmel/studio/7.0/toolchain/arm/arm-gnu-toolchain/bin/../lib/gcc/arm-none-eabi/5.3.1/armv6-m/crtn.o

.comment        0x00000000       0x59
 .comment       0x00000000       0x59 cmsis/src/startup_samd21.o
                                 0x5a (size before relaxing)
 .comment       0x00000059       0x5a cmsis/src/syscalls.o
 .comment       0x00000059       0x5a cmsis/src/system_samd21_48MHz.o
 .comment       0x00000059       0x5a iutNantes/src/adc.o
 .comment       0x00000059       0x5a iutNantes/src/oled.o
 .comment       0x00000059       0x5a iutNantes/src/pinAccess.o
 .comment       0x00000059       0x5a iutNantes/src/pinMux.o
 .comment       0x00000059       0x5a iutNantes/src/redirectPrintf.o
 .comment       0x00000059       0x5a iutNantes/src/serial.o
 .comment       0x00000059       0x5a iutNantes/src/timer.o
 .comment       0x00000059       0x5a TP-info2.o
 .comment       0x00000059       0x5a userLibraries/src/display.o
 .comment       0x00000059       0x5a userLibraries/src/fft.o
 .comment       0x00000059       0x5a userLibraries/src/fftDescribe.o
 .comment       0x00000059       0x5a userLibraries/src/freq.o
 .comment       0x00000059       0x5a userLibraries/src/note.o
 .comment       0x00000059       0x5a userLibraries/src/user_init.o

.debug_info     0x00000000    0x12d75
 .debug_info    0x00000000      0x4b5 cmsis/src/startup_samd21.o
 .debug_info    0x000004b5      0x41a cmsis/src/syscalls.o
 .debug_info    0x000008cf     0x2171 cmsis/src/system_samd21_48MHz.o
 .debug_info    0x00002a40     0x1643 iutNantes/src/adc.o
 .debug_info    0x00004083     0x438d iutNantes/src/oled.o
 .debug_info    0x00008410      0x7d3 iutNantes/src/pinAccess.o
 .debug_info    0x00008be3      0x741 iutNantes/src/pinMux.o
 .debug_info    0x00009324      0x116 iutNantes/src/redirectPrintf.o
 .debug_info    0x0000943a     0x3044 iutNantes/src/serial.o
 .debug_info    0x0000c47e      0xc74 iutNantes/src/timer.o
 .debug_info    0x0000d0f2      0x6a2 TP-info2.o
 .debug_info    0x0000d794      0x6b0 userLibraries/src/display.o
 .debug_info    0x0000de44     0x1919 userLibraries/src/fft.o
 .debug_info    0x0000f75d      0x84f userLibraries/src/fftDescribe.o
 .debug_info    0x0000ffac     0x208b userLibraries/src/freq.o
 .debug_info    0x00012037      0x76d userLibraries/src/note.o
 .debug_info    0x000127a4      0x5d1 userLibraries/src/user_init.o

.debug_abbrev   0x00000000     0x1ccb
 .debug_abbrev  0x00000000      0x125 cmsis/src/startup_samd21.o
 .debug_abbrev  0x00000125      0x120 cmsis/src/syscalls.o
 .debug_abbrev  0x00000245      0x150 cmsis/src/system_samd21_48MHz.o
 .debug_abbrev  0x00000395      0x177 iutNantes/src/adc.o
 .debug_abbrev  0x0000050c      0x3ed iutNantes/src/oled.o
 .debug_abbrev  0x000008f9      0x164 iutNantes/src/pinAccess.o
 .debug_abbrev  0x00000a5d      0x168 iutNantes/src/pinMux.o
 .debug_abbrev  0x00000bc5       0xb3 iutNantes/src/redirectPrintf.o
 .debug_abbrev  0x00000c78      0x1c9 iutNantes/src/serial.o
 .debug_abbrev  0x00000e41      0x16a iutNantes/src/timer.o
 .debug_abbrev  0x00000fab      0x172 TP-info2.o
 .debug_abbrev  0x0000111d      0x17f userLibraries/src/display.o
 .debug_abbrev  0x0000129c      0x2f3 userLibraries/src/fft.o
 .debug_abbrev  0x0000158f      0x187 userLibraries/src/fftDescribe.o
 .debug_abbrev  0x00001716      0x2da userLibraries/src/freq.o
 .debug_abbrev  0x000019f0      0x169 userLibraries/src/note.o
 .debug_abbrev  0x00001b59      0x172 userLibraries/src/user_init.o

.debug_loc      0x00000000     0x231a
 .debug_loc     0x00000000       0x64 cmsis/src/startup_samd21.o
 .debug_loc     0x00000064      0x1ec cmsis/src/syscalls.o
 .debug_loc     0x00000250       0x58 cmsis/src/system_samd21_48MHz.o
 .debug_loc     0x000002a8       0x64 iutNantes/src/adc.o
 .debug_loc     0x0000030c      0xb24 iutNantes/src/oled.o
 .debug_loc     0x00000e30       0xe0 iutNantes/src/pinAccess.o
 .debug_loc     0x00000f10       0x38 iutNantes/src/pinMux.o
 .debug_loc     0x00000f48       0x70 iutNantes/src/redirectPrintf.o
 .debug_loc     0x00000fb8       0xa8 iutNantes/src/serial.o
 .debug_loc     0x00001060       0x38 iutNantes/src/timer.o
 .debug_loc     0x00001098      0x1f8 TP-info2.o
 .debug_loc     0x00001290      0x304 userLibraries/src/display.o
 .debug_loc     0x00001594      0x36a userLibraries/src/fft.o
 .debug_loc     0x000018fe      0x26c userLibraries/src/fftDescribe.o
 .debug_loc     0x00001b6a      0x2b4 userLibraries/src/freq.o
 .debug_loc     0x00001e1e      0x310 userLibraries/src/note.o
 .debug_loc     0x0000212e      0x1ec userLibraries/src/user_init.o

.debug_aranges  0x00000000      0x6b8
 .debug_aranges
                0x00000000       0x28 cmsis/src/startup_samd21.o
 .debug_aranges
                0x00000028       0x60 cmsis/src/syscalls.o
 .debug_aranges
                0x00000088       0x28 cmsis/src/system_samd21_48MHz.o
 .debug_aranges
                0x000000b0       0x28 iutNantes/src/adc.o
 .debug_aranges
                0x000000d8      0x1b8 iutNantes/src/oled.o
 .debug_aranges
                0x00000290       0x38 iutNantes/src/pinAccess.o
 .debug_aranges
                0x000002c8       0x20 iutNantes/src/pinMux.o
 .debug_aranges
                0x000002e8       0x28 iutNantes/src/redirectPrintf.o
 .debug_aranges
                0x00000310       0x30 iutNantes/src/serial.o
 .debug_aranges
                0x00000340       0x20 iutNantes/src/timer.o
 .debug_aranges
                0x00000360       0x60 TP-info2.o
 .debug_aranges
                0x000003c0       0x88 userLibraries/src/display.o
 .debug_aranges
                0x00000448       0x98 userLibraries/src/fft.o
 .debug_aranges
                0x000004e0       0x70 userLibraries/src/fftDescribe.o
 .debug_aranges
                0x00000550       0x80 userLibraries/src/freq.o
 .debug_aranges
                0x000005d0       0x88 userLibraries/src/note.o
 .debug_aranges
                0x00000658       0x60 userLibraries/src/user_init.o

.debug_ranges   0x00000000      0x5a8
 .debug_ranges  0x00000000       0x18 cmsis/src/startup_samd21.o
 .debug_ranges  0x00000018       0x50 cmsis/src/syscalls.o
 .debug_ranges  0x00000068       0x18 cmsis/src/system_samd21_48MHz.o
 .debug_ranges  0x00000080       0x18 iutNantes/src/adc.o
 .debug_ranges  0x00000098      0x1a8 iutNantes/src/oled.o
 .debug_ranges  0x00000240       0x28 iutNantes/src/pinAccess.o
 .debug_ranges  0x00000268       0x10 iutNantes/src/pinMux.o
 .debug_ranges  0x00000278       0x18 iutNantes/src/redirectPrintf.o
 .debug_ranges  0x00000290       0x20 iutNantes/src/serial.o
 .debug_ranges  0x000002b0       0x10 iutNantes/src/timer.o
 .debug_ranges  0x000002c0       0x50 TP-info2.o
 .debug_ranges  0x00000310       0x78 userLibraries/src/display.o
 .debug_ranges  0x00000388       0x88 userLibraries/src/fft.o
 .debug_ranges  0x00000410       0x60 userLibraries/src/fftDescribe.o
 .debug_ranges  0x00000470       0x70 userLibraries/src/freq.o
 .debug_ranges  0x000004e0       0x78 userLibraries/src/note.o
 .debug_ranges  0x00000558       0x50 userLibraries/src/user_init.o

.debug_macro    0x00000000    0x167dd
 .debug_macro   0x00000000      0x2f9 cmsis/src/startup_samd21.o
 .debug_macro   0x000002f9      0x826 cmsis/src/startup_samd21.o
 .debug_macro   0x00000b1f       0x22 cmsis/src/startup_samd21.o
 .debug_macro   0x00000b41       0x87 cmsis/src/startup_samd21.o
 .debug_macro   0x00000bc8       0x44 cmsis/src/startup_samd21.o
 .debug_macro   0x00000c0c       0xfd cmsis/src/startup_samd21.o
 .debug_macro   0x00000d09       0x22 cmsis/src/startup_samd21.o