Archive member included because of file (symbol)

c:/program files (x86)/atmel/studio/7.0/toolchain/arm/arm-gnu-toolchain/bin/../lib/gcc/arm-none-eabi/4.9.3/../../../../arm-none-eabi/lib/armv6-m\libc.a(lib_a-exit.o)
                              c:/program files (x86)/atmel/studio/7.0/toolchain/arm/arm-gnu-toolchain/bin/../lib/gcc/arm-none-eabi/4.9.3/../../../../arm-none-eabi/lib/armv6-m/crt0.o (exit)
c:/program files (x86)/atmel/studio/7.0/toolchain/arm/arm-gnu-toolchain/bin/../lib/gcc/arm-none-eabi/4.9.3/../../../../arm-none-eabi/lib/armv6-m\libc.a(lib_a-impure.o)
                              c:/program files (x86)/atmel/studio/7.0/toolchain/arm/arm-gnu-toolchain/bin/../lib/gcc/arm-none-eabi/4.9.3/../../../../arm-none-eabi/lib/armv6-m\libc.a(lib_a-exit.o) (_global_impure_ptr)
c:/program files (x86)/atmel/studio/7.0/toolchain/arm/arm-gnu-toolchain/bin/../lib/gcc/arm-none-eabi/4.9.3/../../../../arm-none-eabi/lib/armv6-m\libc.a(lib_a-init.o)
                              c:/program files (x86)/atmel/studio/7.0/toolchain/arm/arm-gnu-toolchain/bin/../lib/gcc/arm-none-eabi/4.9.3/../../../../arm-none-eabi/lib/armv6-m/crt0.o (__libc_init_array)
c:/program files (x86)/atmel/studio/7.0/toolchain/arm/arm-gnu-toolchain/bin/../lib/gcc/arm-none-eabi/4.9.3/../../../../arm-none-eabi/lib/armv6-m\libc.a(lib_a-memset.o)
                              c:/program files (x86)/atmel/studio/7.0/toolchain/arm/arm-gnu-toolchain/bin/../lib/gcc/arm-none-eabi/4.9.3/../../../../arm-none-eabi/lib/armv6-m/crt0.o (memset)
c:/program files (x86)/atmel/studio/7.0/toolchain/arm/arm-gnu-toolchain/bin/../lib/gcc/arm-none-eabi/4.9.3/../../../../arm-none-eabi/lib/armv6-m\libc.a(lib_a-__call_atexit.o)
                              c:/program files (x86)/atmel/studio/7.0/toolchain/arm/arm-gnu-toolchain/bin/../lib/gcc/arm-none-eabi/4.9.3/../../../../arm-none-eabi/lib/armv6-m\libc.a(lib_a-exit.o) (__call_exitprocs)
c:/program files (x86)/atmel/studio/7.0/toolchain/arm/arm-gnu-toolchain/bin/../lib/gcc/arm-none-eabi/4.9.3/../../../../arm-none-eabi/lib/armv6-m\libc.a(lib_a-atexit.o)
                              c:/program files (x86)/atmel/studio/7.0/toolchain/arm/arm-gnu-toolchain/bin/../lib/gcc/arm-none-eabi/4.9.3/../../../../arm-none-eabi/lib/armv6-m\libc.a(lib_a-__call_atexit.o) (atexit)
c:/program files (x86)/atmel/studio/7.0/toolchain/arm/arm-gnu-toolchain/bin/../lib/gcc/arm-none-eabi/4.9.3/../../../../arm-none-eabi/lib/armv6-m\libc.a(lib_a-fini.o)
                              c:/program files (x86)/atmel/studio/7.0/toolchain/arm/arm-gnu-toolchain/bin/../lib/gcc/arm-none-eabi/4.9.3/../../../../arm-none-eabi/lib/armv6-m\libc.a(lib_a-__call_atexit.o) (__libc_fini_array)
c:/program files (x86)/atmel/studio/7.0/toolchain/arm/arm-gnu-toolchain/bin/../lib/gcc/arm-none-eabi/4.9.3/../../../../arm-none-eabi/lib/armv6-m\libc.a(lib_a-__atexit.o)
                              c:/program files (x86)/atmel/studio/7.0/toolchain/arm/arm-gnu-toolchain/bin/../lib/gcc/arm-none-eabi/4.9.3/../../../../arm-none-eabi/lib/armv6-m\libc.a(lib_a-atexit.o) (__register_exitproc)
c:/program files (x86)/atmel/studio/7.0/toolchain/arm/arm-gnu-toolchain/bin/../lib/gcc/arm-none-eabi/4.9.3/../../../../arm-none-eabi/lib/armv6-m\libnosys.a(_exit.o)
                              c:/program files (x86)/atmel/studio/7.0/toolchain/arm/arm-gnu-toolchain/bin/../lib/gcc/arm-none-eabi/4.9.3/../../../../arm-none-eabi/lib/armv6-m\libc.a(lib_a-exit.o) (_exit)

Discarded input sections

 .text          0x00000000        0x0 c:/program files (x86)/atmel/studio/7.0/toolchain/arm/arm-gnu-toolchain/bin/../lib/gcc/arm-none-eabi/4.9.3/armv6-m/crti.o
 .data          0x00000000        0x0 c:/program files (x86)/atmel/studio/7.0/toolchain/arm/arm-gnu-toolchain/bin/../lib/gcc/arm-none-eabi/4.9.3/armv6-m/crti.o
 .bss           0x00000000        0x0 c:/program files (x86)/atmel/studio/7.0/toolchain/arm/arm-gnu-toolchain/bin/../lib/gcc/arm-none-eabi/4.9.3/armv6-m/crti.o
 .data          0x00000000        0x4 c:/program files (x86)/atmel/studio/7.0/toolchain/arm/arm-gnu-toolchain/bin/../lib/gcc/arm-none-eabi/4.9.3/armv6-m/crtbegin.o
 .text          0x00000000       0x78 c:/program files (x86)/atmel/studio/7.0/toolchain/arm/arm-gnu-toolchain/bin/../lib/gcc/arm-none-eabi/4.9.3/../../../../arm-none-eabi/lib/armv6-m/crt0.o
 .data          0x00000000        0x0 c:/program files (x86)/atmel/studio/7.0/toolchain/arm/arm-gnu-toolchain/bin/../lib/gcc/arm-none-eabi/4.9.3/../../../../arm-none-eabi/lib/armv6-m/crt0.o
 .bss           0x00000000        0x0 c:/program files (x86)/atmel/studio/7.0/toolchain/arm/arm-gnu-toolchain/bin/../lib/gcc/arm-none-eabi/4.9.3/../../../../arm-none-eabi/lib/armv6-m/crt0.o
 .ARM.extab     0x00000000        0x0 c:/program files (x86)/atmel/studio/7.0/toolchain/arm/arm-gnu-toolchain/bin/../lib/gcc/arm-none-eabi/4.9.3/../../../../arm-none-eabi/lib/armv6-m/crt0.o
[...]
Memory Configuration

Name             Origin             Length             Attributes
rom              0x00000000         0x00010000         xr
ram              0x20000000         0x00002000         xrw
*default*        0x00000000         0xffffffff

Linker script and memory map

LOAD c:/program files (x86)/atmel/studio/7.0/toolchain/arm/arm-gnu-toolchain/bin/../lib/gcc/arm-none-eabi/4.9.3/armv6-m/crti.o
LOAD c:/program files (x86)/atmel/studio/7.0/toolchain/arm/arm-gnu-toolchain/bin/../lib/gcc/arm-none-eabi/4.9.3/armv6-m/crtbegin.o
LOAD c:/program files (x86)/atmel/studio/7.0/toolchain/arm/arm-gnu-toolchain/bin/../lib/gcc/arm-none-eabi/4.9.3/../../../../arm-none-eabi/lib/armv6-m/crt0.o
LOAD Device_Startup/startup_samd21.o
LOAD Device_Startup/system_samd21.o
LOAD fonc.o
LOAD iutNantes/src/adc.o
LOAD iutNantes/src/dac.o
LOAD iutNantes/src/eic.o
LOAD iutNantes/src/pinAccess.o
LOAD iutNantes/src/pinMux.o
LOAD iutNantes/src/redirectPrintf.o
LOAD iutNantes/src/serial.o
LOAD iutNantes/src/timer.o
LOAD TP-info2.o
START GROUP
LOAD c:/program files (x86)/atmel/studio/7.0/toolchain/arm/arm-gnu-toolchain/bin/../lib/gcc/arm-none-eabi/4.9.3/../../../../arm-none-eabi/lib/armv6-m\libm.a
END GROUP
START GROUP
LOAD c:/program files (x86)/atmel/studio/7.0/toolchain/arm/arm-gnu-toolchain/bin/../lib/gcc/arm-none-eabi/4.9.3/armv6-m\libgcc.a
LOAD c:/program files (x86)/atmel/studio/7.0/toolchain/arm/arm-gnu-toolchain/bin/../lib/gcc/arm-none-eabi/4.9.3/../../../../arm-none-eabi/lib/armv6-m\libc.a
END GROUP
START GROUP
LOAD c:/program files (x86)/atmel/studio/7.0/toolchain/arm/arm-gnu-toolchain/bin/../lib/gcc/arm-none-eabi/4.9.3/armv6-m\libgcc.a
LOAD c:/program files (x86)/atmel/studio/7.0/toolchain/arm/arm-gnu-toolchain/bin/../lib/gcc/arm-none-eabi/4.9.3/../../../../arm-none-eabi/lib/armv6-m\libc.a
LOAD c:/program files (x86)/atmel/studio/7.0/toolchain/arm/arm-gnu-toolchain/bin/../lib/gcc/arm-none-eabi/4.9.3/../../../../arm-none-eabi/lib/armv6-m\libnosys.a
END GROUP
LOAD c:/program files (x86)/atmel/studio/7.0/toolchain/arm/arm-gnu-toolchain/bin/../lib/gcc/arm-none-eabi/4.9.3/armv6-m/crtend.o
LOAD c:/program files (x86)/atmel/studio/7.0/toolchain/arm/arm-gnu-toolchain/bin/../lib/gcc/arm-none-eabi/4.9.3/armv6-m/crtn.o
                0x00000800                STACK_SIZE = DEFINED (STACK_SIZE)?STACK_SIZE:DEFINED (__stack_size__)?__stack_size__:0x800

.text           0x00000000      0x77c
                0x00000000                . = ALIGN (0x4)
                0x00000000                _sfixed = .
 *(.vectors .vectors.*)
 .vectors       0x00000000       0xb4 Device_Startup/startup_samd21.o
                0x00000000                exception_table
 *(.text .text.* .gnu.linkonce.t.*)
 .text          0x000000b4       0x60 c:/program files (x86)/atmel/studio/7.0/toolchain/arm/arm-gnu-toolchain/bin/../lib/gcc/arm-none-eabi/4.9.3/armv6-m/crtbegin.o
 .text.Reset_Handler
                0x00000114       0xf8 Device_Startup/startup_samd21.o
                0x00000114                Reset_Handler
 .text.Dummy_Handler
                0x0000020c        0x8 Device_Startup/startup_samd21.o
                0x0000020c                DMAC_Handler
                0x0000020c                HardFault_Handler
                0x0000020c                AC_Handler
                0x0000020c                SysTick_Handler
                0x0000020c                PendSV_Handler
                0x0000020c                NMI_Handler
                0x0000020c                SERCOM1_Handler
                0x0000020c                ADC_Handler
                0x0000020c                TCC1_Handler
                0x0000020c                SERCOM2_Handler
                0x0000020c                TCC0_Handler
                0x0000020c                RTC_Handler
                0x0000020c                EIC_Handler
                0x0000020c                WDT_Handler
                0x0000020c                TC4_Handler
                0x0000020c                USB_Handler
                0x0000020c                TC3_Handler
                0x0000020c                Dummy_Handler
                0x0000020c                PM_Handler
                0x0000020c                SVC_Handler
                0x0000020c                TCC2_Handler
                0x0000020c                EVSYS_Handler
                0x0000020c                SERCOM3_Handler
                0x0000020c                I2S_Handler
                0x0000020c                NVMCTRL_Handler
                0x0000020c                SERCOM0_Handler
                0x0000020c                DAC_Handler
                0x0000020c                PTC_Handler
                0x0000020c                TC5_Handler
                0x0000020c                SYSCTRL_Handler
 .text.SystemInit
                0x00000214       0x18 Device_Startup/system_samd21.o
                0x00000214                SystemInit
 .text.init_ES  0x0000022c       0x18 fonc.o
                0x0000022c                init_ES
 .text.delay    0x00000244       0x28 fonc.o
                0x00000244                delay
 .text.setup    0x0000026c       0x18 fonc.o
                0x0000026c                setup
 .text.pinMode  0x00000284      0x190 iutNantes/src/pinAccess.o
                0x00000284                pinMode
 .text.digitalToggle
                0x00000414       0x48 iutNantes/src/pinAccess.o
                0x00000414                digitalToggle
 .text.main     0x0000045c      0x168 TP-info2.o
                0x0000045c                main
 .text.__libc_init_array
                0x000005c4       0x48 c:/program files (x86)/atmel/studio/7.0/toolchain/arm/arm-gnu-toolchain/bin/../lib/gcc/arm-none-eabi/4.9.3/../../../../arm-none-eabi/lib/armv6-m\libc.a(lib_a-init.o)
                0x000005c4                __libc_init_array
 .text.startup.register_fini
                0x0000060c       0x18 c:/program files (x86)/atmel/studio/7.0/toolchain/arm/arm-gnu-toolchain/bin/../lib/gcc/arm-none-eabi/4.9.3/../../../../arm-none-eabi/lib/armv6-m\libc.a(lib_a-__call_atexit.o)
 .text.atexit   0x00000624       0x10 c:/program files (x86)/atmel/studio/7.0/toolchain/arm/arm-gnu-toolchain/bin/../lib/gcc/arm-none-eabi/4.9.3/../../../../arm-none-eabi/lib/armv6-m\libc.a(lib_a-atexit.o)
                0x00000624                atexit
 .text.__libc_fini_array
                0x00000634       0x34 c:/program files (x86)/atmel/studio/7.0/toolchain/arm/arm-gnu-toolchain/bin/../lib/gcc/arm-none-eabi/4.9.3/../../../../arm-none-eabi/lib/armv6-m\libc.a(lib_a-fini.o)
                0x00000634                __libc_fini_array
 .text.__register_exitproc
                0x00000668       0xd4 c:/program files (x86)/atmel/studio/7.0/toolchain/arm/arm-gnu-toolchain/bin/../lib/gcc/arm-none-eabi/4.9.3/../../../../arm-none-eabi/lib/armv6-m\libc.a(lib_a-__atexit.o)
                0x00000668                __register_exitproc
 *(.glue_7t)
 .glue_7t       0x00000000        0x0 linker stubs
 *(.glue_7)
 .glue_7        0x00000000        0x0 linker stubs
 *(.rodata .rodata* .gnu.linkonce.r.*)
 .rodata        0x0000073c       0x14 iutNantes/src/pinAccess.o
 .rodata.str1.4
                0x00000750        0x4 c:/program files (x86)/atmel/studio/7.0/toolchain/arm/arm-gnu-toolchain/bin/../lib/gcc/arm-none-eabi/4.9.3/../../../../arm-none-eabi/lib/armv6-m\libc.a(lib_a-impure.o)
                                  0x2 (size before relaxing)
 .rodata._global_impure_ptr
                0x00000754        0x4 c:/program files (x86)/atmel/studio/7.0/toolchain/arm/arm-gnu-toolchain/bin/../lib/gcc/arm-none-eabi/4.9.3/../../../../arm-none-eabi/lib/armv6-m\libc.a(lib_a-impure.o)
                0x00000754                _global_impure_ptr
 *(.ARM.extab* .gnu.linkonce.armextab.*)
                0x00000758                . = ALIGN (0x4)
 *(.init)
 .init          0x00000758        0x4 c:/program files (x86)/atmel/studio/7.0/toolchain/arm/arm-gnu-toolchain/bin/../lib/gcc/arm-none-eabi/4.9.3/armv6-m/crti.o
                0x00000758                _init
 .init          0x0000075c        0x8 c:/program files (x86)/atmel/studio/7.0/toolchain/arm/arm-gnu-toolchain/bin/../lib/gcc/arm-none-eabi/4.9.3/armv6-m/crtn.o
                0x00000764                . = ALIGN (0x4)
                0x00000764                __preinit_array_start = .
 *(.preinit_array)
                0x00000764                __preinit_array_end = .
                0x00000764                . = ALIGN (0x4)
                0x00000764                __init_array_start = .
 *(SORT(.init_array.*))
 .init_array.00000
                0x00000764        0x4 c:/program files (x86)/atmel/studio/7.0/toolchain/arm/arm-gnu-toolchain/bin/../lib/gcc/arm-none-eabi/4.9.3/../../../../arm-none-eabi/lib/armv6-m\libc.a(lib_a-__call_atexit.o)
 *(.init_array)
 .init_array    0x00000768        0x4 c:/program files (x86)/atmel/studio/7.0/toolchain/arm/arm-gnu-toolchain/bin/../lib/gcc/arm-none-eabi/4.9.3/armv6-m/crtbegin.o
                0x0000076c                __init_array_end = .
                0x0000076c                . = ALIGN (0x4)
 *crtbegin.o(.ctors)
 *(EXCLUDE_FILE(*crtend.o) .ctors)
 *(SORT(.ctors.*))
 *crtend.o(.ctors)
                0x0000076c                . = ALIGN (0x4)
 *(.fini)
 .fini          0x0000076c        0x4 c:/program files (x86)/atmel/studio/7.0/toolchain/arm/arm-gnu-toolchain/bin/../lib/gcc/arm-none-eabi/4.9.3/armv6-m/crti.o
                0x0000076c                _fini
 .fini          0x00000770        0x8 c:/program files (x86)/atmel/studio/7.0/toolchain/arm/arm-gnu-toolchain/bin/../lib/gcc/arm-none-eabi/4.9.3/armv6-m/crtn.o
                0x00000778                . = ALIGN (0x4)
                0x00000778                __fini_array_start = .
 *(.fini_array)
 .fini_array    0x00000778        0x4 c:/program files (x86)/atmel/studio/7.0/toolchain/arm/arm-gnu-toolchain/bin/../lib/gcc/arm-none-eabi/4.9.3/armv6-m/crtbegin.o
 *(SORT(.fini_array.*))
                0x0000077c                __fini_array_end = .
 *crtbegin.o(.dtors)
 *(EXCLUDE_FILE(*crtend.o) .dtors)
 *(SORT(.dtors.*))
 *crtend.o(.dtors)
                0x0000077c                . = ALIGN (0x4)
                0x0000077c                _efixed = .
                0x0000077c                PROVIDE (__exidx_start, .)

.vfp11_veneer   0x0000077c        0x0
 .vfp11_veneer  0x00000000        0x0 linker stubs

.v4_bx          0x0000077c        0x0
 .v4_bx         0x00000000        0x0 linker stubs

.iplt           0x0000077c        0x0
 .iplt          0x00000000        0x0 c:/program files (x86)/atmel/studio/7.0/toolchain/arm/arm-gnu-toolchain/bin/../lib/gcc/arm-none-eabi/4.9.3/armv6-m/crtbegin.o

.eh_frame       0x0000077c        0x0
 .eh_frame      0x0000077c        0x0 c:/program files (x86)/atmel/studio/7.0/toolchain/arm/arm-gnu-toolchain/bin/../lib/gcc/arm-none-eabi/4.9.3/armv6-m/crtbegin.o

.rel.dyn        0x0000077c        0x0
 .rel.iplt      0x00000000        0x0 c:/program files (x86)/atmel/studio/7.0/toolchain/arm/arm-gnu-toolchain/bin/../lib/gcc/arm-none-eabi/4.9.3/armv6-m/crtbegin.o

.jcr            0x0000077c        0x0
 .jcr           0x0000077c        0x0 c:/program files (x86)/atmel/studio/7.0/toolchain/arm/arm-gnu-toolchain/bin/../lib/gcc/arm-none-eabi/4.9.3/armv6-m/crtbegin.o

.igot.plt       0x0000077c        0x0
 .igot.plt      0x00000000        0x0 c:/program files (x86)/atmel/studio/7.0/toolchain/arm/arm-gnu-toolchain/bin/../lib/gcc/arm-none-eabi/4.9.3/armv6-m/crtbegin.o

.ARM.exidx
 *(.ARM.exidx* .gnu.linkonce.armexidx.*)
                0x0000077c                PROVIDE (__exidx_end, .)
                0x0000077c                . = ALIGN (0x4)
                0x0000077c                _etext = .

.relocate       0x20000000      0x430 load address 0x0000077c
                0x20000000                . = ALIGN (0x4)
                0x20000000                _srelocate = .
 *(.ramfunc .ramfunc.*)
 *(.data .data.*)
 .data          0x20000000        0x4 Device_Startup/system_samd21.o
                0x20000000                SystemCoreClock
 *fill*         0x20000004        0x4 
 .data.impure_data
                0x20000008      0x428 c:/program files (x86)/atmel/studio/7.0/toolchain/arm/arm-gnu-toolchain/bin/../lib/gcc/arm-none-eabi/4.9.3/../../../../arm-none-eabi/lib/armv6-m\libc.a(lib_a-impure.o)
                0x20000430                . = ALIGN (0x4)
                0x20000430                _erelocate = .

.bss            0x20000430       0x1c load address 0x00000bac
                0x20000430                . = ALIGN (0x4)
                0x20000430                _sbss = .
                0x20000430                _szero = .
 *(.bss .bss.*)
 .bss           0x20000430       0x1c c:/program files (x86)/atmel/studio/7.0/toolchain/arm/arm-gnu-toolchain/bin/../lib/gcc/arm-none-eabi/4.9.3/armv6-m/crtbegin.o
 *(COMMON)
                0x2000044c                . = ALIGN (0x4)
                0x2000044c                _ebss = .
                0x2000044c                _ezero = .

.stack          0x2000044c      0x804 load address 0x00000bc8
                0x20000450                . = ALIGN (0x8)
 *fill*         0x2000044c        0x4 
                0x20000450                _sstack = .
                0x20000c50                . = (. + STACK_SIZE)
 *fill*         0x20000450      0x800 
                0x20000c50                . = ALIGN (0x8)
                0x20000c50                _estack = .
                0x20000c50                . = ALIGN (0x4)
                0x20000c50                _end = .
OUTPUT(TP-info2.elf elf32-littlearm)

.ARM.attributes
                0x00000000       0x28
 .ARM.attributes
                0x00000000       0x1e c:/program files (x86)/atmel/studio/7.0/toolchain/arm/arm-gnu-toolchain/bin/../lib/gcc/arm-none-eabi/4.9.3/armv6-m/crti.o
 .ARM.attributes
                0x0000001e       0x2c c:/program files (x86)/atmel/studio/7.0/toolchain/arm/arm-gnu-toolchain/bin/../lib/gcc/arm-none-eabi/4.9.3/armv6-m/crtbegin.o
 .ARM.attributes
                0x0000004a       0x32 Device_Startup/startup_samd21.o
 .ARM.attributes
                0x0000007c       0x32 Device_Startup/system_samd21.o
 .ARM.attributes
                0x000000ae       0x32 fonc.o
 .ARM.attributes
                0x000000e0       0x32 iutNantes/src/pinAccess.o
 .ARM.attributes
                0x00000112       0x32 TP-info2.o
 .ARM.attributes
                0x00000144       0x2c c:/program files (x86)/atmel/studio/7.0/toolchain/arm/arm-gnu-toolchain/bin/../lib/gcc/arm-none-eabi/4.9.3/../../../../arm-none-eabi/lib/armv6-m\libc.a(lib_a-impure.o)
 .ARM.attributes
                0x00000170       0x2c c:/program files (x86)/atmel/studio/7.0/toolchain/arm/arm-gnu-toolchain/bin/../lib/gcc/arm-none-eabi/4.9.3/../../../../arm-none-eabi/lib/armv6-m\libc.a(lib_a-init.o)
 .ARM.attributes
                0x0000019c       0x2c c:/program files (x86)/atmel/studio/7.0/toolchain/arm/arm-gnu-toolchain/bin/../lib/gcc/arm-none-eabi/4.9.3/../../../../arm-none-eabi/lib/armv6-m\libc.a(lib_a-__call_atexit.o)
 .ARM.attributes
                0x000001c8       0x2c c:/program files (x86)/atmel/studio/7.0/toolchain/arm/arm-gnu-toolchain/bin/../lib/gcc/arm-none-eabi/4.9.3/../../../../arm-none-eabi/lib/armv6-m\libc.a(lib_a-atexit.o)
 .ARM.attributes
                0x000001f4       0x2c c:/program files (x86)/atmel/studio/7.0/toolchain/arm/arm-gnu-toolchain/bin/../lib/gcc/arm-none-eabi/4.9.3/../../../../arm-none-eabi/lib/armv6-m\libc.a(lib_a-fini.o)
 .ARM.attributes
                0x00000220       0x2c c:/program files (x86)/atmel/studio/7.0/toolchain/arm/arm-gnu-toolchain/bin/../lib/gcc/arm-none-eabi/4.9.3/../../../../arm-none-eabi/lib/armv6-m\libc.a(lib_a-__atexit.o)
 .ARM.attributes
                0x0000024c       0x1e c:/program files (x86)/atmel/studio/7.0/toolchain/arm/arm-gnu-toolchain/bin/../lib/gcc/arm-none-eabi/4.9.3/armv6-m/crtn.o

.comment        0x00000000       0x5b
 .comment       0x00000000       0x5b Device_Startup/startup_samd21.o
                                 0x5c (size before relaxing)
 .comment       0x00000000       0x5c Device_Startup/system_samd21.o
 .comment       0x00000000       0x5c fonc.o
 .comment       0x00000000       0x5c iutNantes/src/pinAccess.o
 .comment       0x00000000       0x5c TP-info2.o

.debug_info     0x00000000     0x447a
 .debug_info    0x00000000     0x3a6c Device_Startup/startup_samd21.o
 .debug_info    0x00003a6c       0xcf Device_Startup/system_samd21.o
 .debug_info    0x00003b3b       0xe1 fonc.o
 .debug_info    0x00003c1c      0x7c9 iutNantes/src/pinAccess.o
 .debug_info    0x000043e5       0x95 TP-info2.o

.debug_abbrev   0x00000000      0x4a2
 .debug_abbrev  0x00000000      0x20a Device_Startup/startup_samd21.o
 .debug_abbrev  0x0000020a       0x65 Device_Startup/system_samd21.o
 .debug_abbrev  0x0000026f       0x86 fonc.o
 .debug_abbrev  0x000002f5      0x164 iutNantes/src/pinAccess.o
 .debug_abbrev  0x00000459       0x49 TP-info2.o

.debug_loc      0x00000000      0x258
 .debug_loc     0x00000000       0x64 Device_Startup/startup_samd21.o
 .debug_loc     0x00000064       0x58 Device_Startup/system_samd21.o
 .debug_loc     0x000000bc       0x90 fonc.o
 .debug_loc     0x0000014c       0xe0 iutNantes/src/pinAccess.o
 .debug_loc     0x0000022c       0x2c TP-info2.o

.debug_aranges  0x00000000       0xd8
 .debug_aranges
                0x00000000       0x28 Device_Startup/startup_samd21.o
 .debug_aranges
                0x00000028       0x28 Device_Startup/system_samd21.o
 .debug_aranges
                0x00000050       0x30 fonc.o
 .debug_aranges
                0x00000080       0x38 iutNantes/src/pinAccess.o
 .debug_aranges
                0x000000b8       0x20 TP-info2.o

.debug_ranges   0x00000000       0x88
 .debug_ranges  0x00000000       0x18 Device_Startup/startup_samd21.o
 .debug_ranges  0x00000018       0x18 Device_Startup/system_samd21.o
 .debug_ranges  0x00000030       0x20 fonc.o
 .debug_ranges  0x00000050       0x28 iutNantes/src/pinAccess.o
 .debug_ranges  0x00000078       0x10 TP-info2.o

.debug_macro    0x00000000    0x10753
 .debug_macro   0x00000000      0x2c2 Device_Startup/startup_samd21.o
 .debug_macro   0x000002c2      0x832 Device_Startup/startup_samd21.o
 .debug_macro   0x00000af4       0x22 Device_Startup/startup_samd21.o
 .debug_macro   0x00000b16       0x44 Device_Startup/startup_samd21.o
 .debug_macro   0x00000b5a       0x58 Device_Startup/startup_samd21.o
 .debug_macro   0x00000bb2       0x22 Device_Startup/startup_samd21.o
 .debug_macro   0x00000bd4      0x1df Device_Startup/startup_samd21.o
 .debug_macro   0x00000db3       0x3a Device_Startup/startup_samd21.o
 .debug_macro   0x00000ded       0x3a Device_Startup/startup_samd21.o
 .debug_macro   0x00000e27       0x1f Device_Startup/startup_samd21.o
 .debug_macro   0x00000e46      0x250 Device_Startup/startup_samd21.o
 .debug_macro   0x00001096      0x682 Device_Startup/startup_samd21.o
 .debug_macro   0x00001718      0x8bf Device_Startup/startup_samd21.o
 .debug_macro   0x00001fd7      0x235 Device_Startup/startup_samd21.o
 .debug_macro   0x0000220c      0xd6a Device_Startup/startup_samd21.o
 .debug_macro   0x00002f76      0x4ce Device_Startup/startup_samd21.o
 .debug_macro   0x00003444      0x9f8 Device_Startup/startup_samd21.o
 .debug_macro   0x00003e3c      0x82b Device_Startup/startup_samd21.o
 .debug_macro   0x00004667      0x45f Device_Startup/startup_samd21.o
 .debug_macro   0x00004ac6       0x5e Device_Startup/startup_samd21.o
 .debug_macro   0x00004b24      0x906 Device_Startup/startup_samd21.o
 .debug_macro   0x0000542a      0x225 Device_Startup/startup_samd21.o
 .debug_macro   0x0000564f      0x797 Device_Startup/startup_samd21.o
 .debug_macro   0x00005de6       0x5e Device_Startup/startup_samd21.o
 .debug_macro   0x00005e44      0x634 Device_Startup/startup_samd21.o
 .debug_macro   0x00006478      0x3b6 Device_Startup/startup_samd21.o
 .debug_macro   0x0000682e      0xc55 Device_Startup/startup_samd21.o
 .debug_macro   0x00007483     0x1092 Device_Startup/startup_samd21.o
 .debug_macro   0x00008515      0xc4a Device_Startup/startup_samd21.o
 .debug_macro   0x0000915f      0x6bf Device_Startup/startup_samd21.o
 .debug_macro   0x0000981e     0x1b4b Device_Startup/startup_samd21.o
 .debug_macro   0x0000b369     0x144a Device_Startup/startup_samd21.o
 .debug_macro   0x0000c7b3      0x34e Device_Startup/startup_samd21.o
 .debug_macro   0x0000cb01       0x7c Device_Startup/startup_samd21.o
 .debug_macro   0x0000cb7d       0xa0 Device_Startup/startup_samd21.o
 .debug_macro   0x0000cc1d       0x4c Device_Startup/startup_samd21.o
 .debug_macro   0x0000cc69       0xca Device_Startup/startup_samd21.o
 .debug_macro   0x0000cd33       0x94 Device_Startup/startup_samd21.o
 .debug_macro   0x0000cdc7       0x58 Device_Startup/startup_samd21.o
 .debug_macro   0x0000ce1f      0x364 Device_Startup/startup_samd21.o
 .debug_macro   0x0000d183       0x82 Device_Startup/startup_samd21.o
 .debug_macro   0x0000d205      0x197 Device_Startup/startup_samd21.o
 .debug_macro   0x0000d39c       0xb8 Device_Startup/startup_samd21.o
 .debug_macro   0x0000d454       0xa0 Device_Startup/startup_samd21.o
 .debug_macro   0x0000d4f4       0xb2 Device_Startup/startup_samd21.o
 .debug_macro   0x0000d5a6       0x1c Device_Startup/startup_samd21.o
 .debug_macro   0x0000d5c2       0x1c Device_Startup/startup_samd21.o
 .debug_macro   0x0000d5de       0x1c Device_Startup/startup_samd21.o
 .debug_macro   0x0000d5fa       0x7c Device_Startup/startup_samd21.o
 .debug_macro   0x0000d676      0x161 Device_Startup/startup_samd21.o
 .debug_macro   0x0000d7d7       0xdc Device_Startup/startup_samd21.o
 .debug_macro   0x0000d8b3      0x12f Device_Startup/startup_samd21.o
 .debug_macro   0x0000d9e2      0x12f Device_Startup/startup_samd21.o
 .debug_macro   0x0000db11      0x12f Device_Startup/startup_samd21.o
 .debug_macro   0x0000dc40      0x12f Device_Startup/startup_samd21.o
 .debug_macro   0x0000dd6f      0x11e Device_Startup/startup_samd21.o
 .debug_macro   0x0000de8d       0xe2 Device_Startup/startup_samd21.o
 .debug_macro   0x0000df6f       0xe2 Device_Startup/startup_samd21.o
 .debug_macro   0x0000e051       0xe2 Device_Startup/startup_samd21.o
 .debug_macro   0x0000e133      0x12c Device_Startup/startup_samd21.o
 .debug_macro   0x0000e25f      0x100 Device_Startup/startup_samd21.o
 .debug_macro   0x0000e35f       0xf4 Device_Startup/startup_samd21.o
 .debug_macro   0x0000e453      0x40f Device_Startup/startup_samd21.o
 .debug_macro   0x0000e862       0x40 Device_Startup/startup_samd21.o
 .debug_macro   0x0000e8a2      0x345 Device_Startup/startup_samd21.o
 .debug_macro   0x0000ebe7      0xf7a Device_Startup/startup_samd21.o
 .debug_macro   0x0000fb61       0x6d Device_Startup/startup_samd21.o
 .debug_macro   0x0000fbce      0x2c8 Device_Startup/system_samd21.o
 .debug_macro   0x0000fe96      0x2df fonc.o
 .debug_macro   0x00010175       0x34 fonc.o
 .debug_macro   0x000101a9      0x2cb iutNantes/src/pinAccess.o
 .debug_macro   0x00010474      0x2df TP-info2.o

.debug_line     0x00000000     0x22c2
 .debug_line    0x00000000      0x6b3 Device_Startup/startup_samd21.o
 .debug_line    0x000006b3      0x695 Device_Startup/system_samd21.o
 .debug_line    0x00000d48      0x6cf fonc.o
 .debug_line    0x00001417      0x711 iutNantes/src/pinAccess.o
 .debug_line    0x00001b28      0x79a TP-info2.o

.debug_str      0x00000000    0x65b5c
 .debug_str     0x00000000    0x6587c Device_Startup/startup_samd21.o
                              0x65c73 (size before relaxing)
 .debug_str     0x0006587c       0x6c Device_Startup/system_samd21.o
                              0x64b3a (size before relaxing)
 .debug_str     0x000658e8       0x9c fonc.o
                              0x64b56 (size before relaxing)
 .debug_str     0x00065984      0x1c3 iutNantes/src/pinAccess.o
                              0x64d32 (size before relaxing)
 .debug_str     0x00065b47       0x15 TP-info2.o
                              0x64b46 (size before relaxing)

.debug_frame    0x00000000      0x2c8
 .debug_frame   0x00000000       0x4c Device_Startup/startup_samd21.o
 .debug_frame   0x0000004c       0x48 Device_Startup/system_samd21.o
 .debug_frame   0x00000094       0x68 fonc.o
 .debug_frame   0x000000fc       0x90 iutNantes/src/pinAccess.o
 .debug_frame   0x0000018c       0x2c TP-info2.o
 .debug_frame   0x000001b8       0x2c c:/program files (x86)/atmel/studio/7.0/toolchain/arm/arm-gnu-toolchain/bin/../lib/gcc/arm-none-eabi/4.9.3/../../../../arm-none-eabi/lib/armv6-m\libc.a(lib_a-init.o)
 .debug_frame   0x000001e4       0x54 c:/program files (x86)/atmel/studio/7.0/toolchain/arm/arm-gnu-toolchain/bin/../lib/gcc/arm-none-eabi/4.9.3/../../../../arm-none-eabi/lib/armv6-m\libc.a(lib_a-__call_atexit.o)
 .debug_frame   0x00000238       0x28 c:/program files (x86)/atmel/studio/7.0/toolchain/arm/arm-gnu-toolchain/bin/../lib/gcc/arm-none-eabi/4.9.3/../../../../arm-none-eabi/lib/armv6-m\libc.a(lib_a-atexit.o)
 .debug_frame   0x00000260       0x2c c:/program files (x86)/atmel/studio/7.0/toolchain/arm/arm-gnu-toolchain/bin/../lib/gcc/arm-none-eabi/4.9.3/../../../../arm-none-eabi/lib/armv6-m\libc.a(lib_a-fini.o)
 .debug_frame   0x0000028c       0x3c c:/program files (x86)/atmel/studio/7.0/toolchain/arm/arm-gnu-toolchain/bin/../lib/gcc/arm-none-eabi/4.9.3/../../../../arm-none-eabi/lib/armv6-m\libc.a(lib_a-__atexit.o)
